Renesas Optimizing Linker (W3.04.00 )             16-Aug-2024 14:41:20

*** Options ***

-MAKEUD=Release\bootloader SST25VF016B 16MBit.lk.ud
-subcommand=Release\bootloader SST25VF016B 16MBit.clnk
-Input=Release\bl_main.obj
-Input=Release\bl_cstart.obj
-Input=Release\bl_image_decompress.obj
-Input=Release\bl_stkinit.obj
-Input=Release\bl_string.obj
-Input=Release\bl_flash.obj
-Input=Release\bl_hashing.obj
-Input=Release\bl_image.obj
-Input=Release\bl_operation.obj
-Input=Release\bl_recovery.obj
-Input=Release\bl_display.obj
-Input=Release\bl_r_drv_lcd_ext.obj
-Input=Release\bl_r_lcd_config.obj
-Input=Release\bl_r_lcd_display.obj
-Input=Release\bl_interrupt.obj
-Input=Release\bl_interrupt_handler.obj
-Input=Release\bl_r_cg_cgc.obj
-Input=Release\bl_r_cg_crc.obj
-Input=Release\bl_r_cg_lcd.obj
-Input=Release\bl_r_cg_lvd.obj
-Input=Release\bl_r_cg_port.obj
-Input=Release\bl_r_cg_sau.obj
-Input=Release\bl_r_cg_sau_user.obj
-Input=Release\bl_r_cg_tau.obj
-Input=Release\bl_r_cg_tau_user.obj
-Input=Release\bl_r_systeminit.obj
-Input=Release\bl_serialflash.obj
-Input=Release\bl_startup.obj
-Input=Release\bl_wrp_mcu.obj
-Input=Release\bl_wrp_user_spi.obj
-LIBrary=..\..\shared\Flash\fsl\CCRL\librl78\fsl.lib
-SECURITY_ID=00000000000000000000
-DEVICE=C:\Program Files (x86)\Renesas Electronics\CS+\CC\Device\RL78\Devicefile\DR5F10NPL.DVF
-DEBug
-NOCOmpress
-OUtput=Release\bootloader.abs
-LIBrary=C:\Program Files (x86)\Renesas Electronics\CS+\CC\CC-RL\V1.11.00\lib\rl78em4s.lib
-LIBrary=C:\Program Files (x86)\Renesas Electronics\CS+\CC\CC-RL\V1.11.00\lib\malloc_n.lib
-LIBrary=C:\Program Files (x86)\Renesas Electronics\CS+\CC\CC-RL\V1.11.00\lib\rl78em4r.lib
-OCDBG=84
-DEBUG_MONITOR=7FE00-7FFFF
-USER_OPT_BYTE=7E7FE0
-ENTry=_bl_start
-LISt=Release\bootloader SST25VF016B 16MBit.map
-SHow=ALL
-STARt=BStaTx_n,ISRTx_n,SFLTx_n,BLShareTx_n,.text,.textf,.RLIB,.SLIB,.constf,.data,BLData_n,FSL_FCD,FSL_BCD,FSL_RCD/000D8,BLNoInit_n,BLBss_n,BLDataR_n/F8300,RAMVect_n,.dataR,.bss/F8400,.stack_bss/FEE00
-FSymbol=SFLTx_n
-FSymbol=BStaTx_n
-FSymbol=BLShareTx_n
-ROm=.data=.dataR
-ROm=BLData_n=BLDataR_n
-CPu=ROM=00000-01fff
-CPu=ROM=7fe00-7ffff
-CPu=RAM=f7f00-ffe20
-NOMessage
-STACk
-Total_size
-NOLOgo
-end

*** Error information ***

*** Mapping List ***

SECTION                            START      END         SIZE   ALIGN
.vect
                                  00000000  0000007f        80   0
.option_byte
                                  000000c0  000000c3         4   1
.security_id
                                  000000c4  000000cd         a   1
.monitor1
                                  000000ce  000000d7         a   1
BStaTx_n
                                  000000d8  0000012e        57   1
ISRTx_n
                                  0000012f  0000082a       6fc   1
SFLTx_n
                                  0000082b  00000d0e       4e4   1
BLShareTx_n
                                  00000d0f  00000ea9       19b   1
.text
                                  00000eaa  00001c3a       d91   1
.textf
                                  00001c3b  00001c83        49   1
.RLIB
                                  00001c84  00001c98        15   1
.SLIB
                                  00001c99  00001c99         0   1
.constf
                                  00001c9a  00001ce0        47   2
.data
                                  00001ce2  00001ce3         2   2
BLData_n
                                  00001ce4  00001ce5         2   2
FSL_FCD
                                  00001ce6  00001d82        9d   2
FSL_BCD
                                  00001d84  00001e83       100   2
FSL_RCD
                                  00001e84  00001ecb        48   2
.monitor2
                                  0007fe00  0007ffff       200   1
BLNoInit_n
                                  000f8300  000f8313        14   2
BLBss_n
                                  000f8314  000f8321         e   2
BLDataR_n
                                  000f8322  000f8323         2   2
RAMVect_n
                                  000f8400  000f84ff       100   2
.dataR
                                  000f8500  000f8501         2   2
.bss
                                  000f8502  000f8d2c       82b   2
.stack_bss
                                  000fee00  000ffc5f       e60   2

*** Total Section Size ***

RAMDATA SECTION:  000017b1 Byte(s)
ROMDATA SECTION:  000002e3 Byte(s)
PROGRAM SECTION:  00001da6 Byte(s)

*** Symbol List ***

SECTION=
FILE=                               START        END    SIZE
  SYMBOL                            ADDR        SIZE    INFO      COUNTS  OPT

SECTION=.vect
FILE=rlink_generates_04
                                  00000000  0000007f        80

SECTION=.option_byte
FILE=rlink_generates_01
                                  000000c0  000000c3         4

SECTION=.security_id
FILE=rlink_generates_03
                                  000000c4  000000cd         a

SECTION=.monitor1
FILE=rlink_generates_02
                                  000000ce  000000d7         a

SECTION=BStaTx_n
FILE=Release\bl_cstart.obj
                                  000000d8  0000012e        57
  _bl_start
                                  000000d8         0   entry,g         0
  _bl_stack_init
                                  000000dc         0   none ,l         0
  _bl__section_init
                                  000000e5         0   none ,l         0
  _exit
                                  0000012d         0   none ,l         1

SECTION=ISRTx_n
FILE=Release\bl_interrupt_handler.obj
                                  0000012f  0000082a       6fc
  _INTWDTI_Interrupt@1
                                  0000012f        1e   func ,l         0
  _INTLVI_Interrupt@1
                                  0000014d        1e   func ,l         0
  _INTP0_Interrupt@1
                                  0000016b        1e   func ,l         0
  _INTP1_Interrupt@1
                                  00000189        1e   func ,l         0
  _INTP2_Interrupt@1
                                  000001a7        1e   func ,l         0
  _INTP3_Interrupt@1
                                  000001c5        1e   func ,l         0
  _INTP4_Interrupt@1
                                  000001e3        1e   func ,l         0
  _INTP5_Interrupt@1
                                  00000201        1e   func ,l         0
  _INTST2_Interrupt@1
                                  0000021f        1e   func ,l         0
  _INTSR2_Interrupt@1
                                  0000023d        1e   func ,l         0
  _INTSRE2_Interrupt@1
                                  0000025b        1e   func ,l         0
  _INTCR_Interrupt@1
                                  00000279        1e   func ,l         0
  _INTCSI00_Interrupt@1
                                  00000297        1e   func ,l         0
  _INTIICA0_Interrupt@1
                                  000002b5        1e   func ,l         0
  _INTSR0_Interrupt@1
                                  000002d3        1e   func ,l         0
  _INTSRE0_Interrupt@1
                                  000002f1        1e   func ,l         0
  _INTCSI10_Interrupt@1
                                  0000030f        1e   func ,l         0
  _INTSR1_Interrupt@1
                                  0000032d        1e   func ,l         0
  _INTSRE1_Interrupt@1
                                  0000034b        1e   func ,l         0
  _INTTM00_Interrupt@1
                                  00000369        1e   func ,l         0
  _INTRTCALM0_Interrupt@1
                                  00000387        1e   func ,l         0
  _INTFM_Interrupt@1
                                  000003a5        1e   func ,l         0
  _INTTM01_Interrupt@1
                                  000003c3        1e   func ,l         0
  _INTTM02_Interrupt@1
                                  000003e1        18   func ,l         0
  _INTTM03_Interrupt@1
                                  000003f9        1e   func ,l         0
  _INTAD_Interrupt@1
                                  00000417        1e   func ,l         0
  _INTRTCPRD_Interrupt@1
                                  00000435        1e   func ,l         0
  _INTIT_Interrupt@1
                                  00000453        1e   func ,l         0
  _INTRTCALM1_Interrupt@1
                                  00000471        1e   func ,l         0
  _INTCSI30_Interrupt@1
                                  0000048f        1e   func ,l         0
  _INTSR3_Interrupt@1
                                  000004ad        1e   func ,l         0
  _INTDSAD_Interrupt@1
                                  000004cb        18   func ,l         0
  _INTTM04_Interrupt@1
                                  000004e3        1e   func ,l         0
  _INTTM05_Interrupt@1
                                  00000501        1e   func ,l         0
  _INTP6_Interrupt@1
                                  0000051f        1e   func ,l         0
  _INTP7_Interrupt@1
                                  0000053d        1e   func ,l         0
  _INTRTCIC0_Interrupt@1
                                  0000055b        1e   func ,l         0
  _INTRTCIC1_Interrupt@1
                                  00000579        1e   func ,l         0
  _INTRTCIC2_Interrupt@1
                                  00000597        1e   func ,l         0
  _INTTM06_Interrupt@1
                                  000005b5        1e   func ,l         0
  _INTTM07_Interrupt@1
                                  000005d3        1e   func ,l         0
  _INTIT00_Interrupt@1
                                  000005f1        1e   func ,l         0
  _INTIT01_Interrupt@1
                                  0000060f        1e   func ,l         0
  _INTSRE3_Interrupt@1
                                  0000062d        1e   func ,l         0
  _INTMACLOF_Interrupt@1
                                  0000064b        1e   func ,l         0
  _INTOSDC_Interrupt@1
                                  00000669        1e   func ,l         0
  _INTFL_Interrupt@1
                                  00000687        1e   func ,l         0
  _INTP8_Interrupt@1
                                  000006a5        1e   func ,l         0
  _INTP9_Interrupt@1
                                  000006c3        1e   func ,l         0
  _INTIT10_Interrupt@1
                                  000006e1        1e   func ,l         0
  _INTIT11_Interrupt@1
                                  000006ff        1e   func ,l         0
  _INTLVDVDD_Interrupt@1
                                  0000071d        1e   func ,l         0
  _INTLVDVBAT_Interrupt@1
                                  0000073b        1e   func ,l         0
  _INTLVDVRTC_Interrupt@1
                                  00000759        1e   func ,l         0
  _INTLVDEXLVD_Interrupt@1
                                  00000777        1e   func ,l         0
  _INTST4_Interrupt@1
                                  00000795        1e   func ,l         0
  _INTSR4_Interrupt@1
                                  000007b3        1e   func ,l         0
  _INTSRE4_Interrupt@1
                                  000007d1        1e   func ,l         0
  _INTDSADDEC_Interrupt@1
                                  000007ef        1e   func ,l         0
  _INTTRJ1_Interrupt@1
                                  0000080d        1e   func ,l         0

SECTION=SFLTx_n
FILE=Release\bl_serialflash.obj
                                  0000082b  00000d0e       4e4
  _SFL_ClearFlagWaitBus@1
                                  0000082b         7   func ,l         e
  _SFL_WaitForBus@1
                                  00000832        3a   func ,l         e
  _SFL_WaitForWrite@1
                                  0000086c        56   func ,l         5
  _SFL_DeviceWriteEnable@1
                                  000008c2        22   func ,l         6
  _SFL_DeviceWriteDisable@1
                                  000008e4        22   func ,l         2
  _SFL_DevicePinBusyStatusDisable@1
                                  00000906        22   func ,l         2
  _SFL_DeviceReadStatusRegister@1
                                  00000928        2f   func ,l         3
  _SFL_DeviceWriteStatusRegister@1
                                  00000957        4c   func ,l         3
  _SFL_DeviceByteProgramming@1
                                  000009a3        4b   func ,l         2
  _BL_SFL_Init
                                  000009ee        53   func ,g         1
  _BL_SFL_Stop
                                  00000a41         5   func ,g         0
  _BL_SFL_DeviceErase4KB
                                  00000a46        4f   func ,g         1
  _BL_SFL_DeviceErase64KB
                                  00000a95        4f   func ,g         1
  _BL_SFL_DeviceEraseAll
                                  00000ae4        30   func ,g         0
  _BL_SFL_DeviceWriteProtectAll
                                  00000b14         5   func ,g         0
  _BL_SFL_DeviceWriteUnProtectAll
                                  00000b19         4   func ,g         0
  _BL_SFL_DeviceRead
                                  00000b1d        74   func ,g         a
  _BL_SFL_DeviceWrite
                                  00000b91       17e   func ,g         3

SECTION=BLShareTx_n
FILE=Release\bl_hashing.obj
                                  00000d0f  00000d10         2
  _BL_HASHING_DigestUserAppBackupSFL
                                  00000d0f         1   func ,g         0
  _BL_HASHING_DigestUserAppROM
                                  00000d10         1   func ,g         0
FILE=Release\bl_image.obj
                                  00000d11  00000e18       108
  _BL_IMAGE_EraseImageData
                                  00000d11         6   func ,g         0
  _BL_IMAGE_Erase
                                  00000d17        18   func ,g         0
  _BL_IMAGE_Write
                                  00000d2f        3e   func ,g         0
  _BL_IMAGE_BackupUserApp
                                  00000d6d        ac   func ,g         1
FILE=Release\bl_operation.obj
                                  00000e19  00000ea9        91
  _BL_OPERATION_GetStartupStatus
                                  00000e19        12   func ,g         0
  _BL_OPERATION_GetProperties
                                  00000e2b        3f   func ,g         1
  _BL_OPERATION_RequestRecoveryMode
                                  00000e6a         4   func ,g         0
  _BL_OPERATION_RequestUserReset
                                  00000e6e         5   func ,g         0
  _BL_OPERATION_RequestImageActivation
                                  00000e73         e   func ,g         0
  _BL_OPERATION_RequestImageBackup
                                  00000e81         5   func ,g         0
  _BL_OPERATION_InformStartupOK
                                  00000e86        1c   func ,g         1
  _BL_OPERATION_AcknowledgeImageUpdateStatus
                                  00000ea2         5   func ,g         0
  _BL_OPERATION_UpdateOperatingClock
                                  00000ea7         3   func ,g         0

SECTION=.text
FILE=Release\bl_main.obj
                                  00000eaa  00000f11        68
  _bl_main
                                  00000eaa        68   func ,g         1
FILE=Release\bl_image_decompress.obj
                                  00000f12  000011a4       293
  _BL_IMAGE_TransferUserAppToROM
                                  00000f12         0   none ,g         2
FILE=Release\bl_string.obj
                                  000011a5  000011e7        43
  _BL_memcmp_nn
                                  000011a5         0   none ,g         1
  LOOP_CMP_NN
                                  000011a9         0   none ,l         1
  LOOP_END_CMP_NN
                                  000011b4         0   none ,l         1
  _BL_memcpy_nn
                                  000011b8         0   none ,g         2
  LOOP_NN
                                  000011bf         0   none ,l         1
  LOOP_END_NN
                                  000011ca         0   none ,l         1
  _BL_memcpy_nf
                                  000011cd         0   none ,g         2
  LOOP_NF
                                  000011d8         0   none ,l         1
  LOOP_END_NF
                                  000011e4         0   none ,l         1
FILE=Release\bl_flash.obj
                                  000011e8  00001286        9f
  _BL_FLASH_EraseBlock
                                  000011e8        28   func ,g         3  ch
  _BL_FLASH_WriteBlock
                                  00001210        77   func ,g         4  ch
FILE=Release\bl_hashing.obj
                                  00001287  000012a9        23
  _BL_HASHING_Init
                                  00001287         5   func ,g         1
  _BL_HASHING_Calculate
                                  0000128c         3   func ,g         2
  _BL_HASHING_GetResult
                                  0000128f        1b   func ,g         1
FILE=Release\bl_image.obj
                                  000012aa  000014bd       214
  _BL_IMAGE_EraseImageInSerialFlash
                                  000012aa        27   func ,g         2
  _BL_IMAGE_EraseUserAppInROM
                                  000012d1        41   func ,g         2
  _BL_IMAGE_Processing
                                  00001312       1ac   func ,g         1  ch
FILE=Release\bl_operation.obj
                                  000014be  000014ec        2f
  _BL_OPERATION_ReadConfirmCode
                                  000014be        19   func ,g         7
  _BL_OPERATION_ClearConfirmCode
                                  000014d7         a   func ,g        11
  _BL_OPERATION_SetConfirmCode
                                  000014e1         c   func ,g         d
FILE=Release\bl_recovery.obj
                                  000014ed  000016d5       1e9
  _BL_RECOVERY_Init
                                  000014ed         a   func ,g         1
  _BL_RECOVERY_SendFrameAck
                                  000014f7        3b   func ,g         1
  _BL_RECOVERY_PollingProcessing
                                  00001532        b5   func ,g         1
  _BL_RECOVERY_UartSendEndCallBack
                                  000015e7         4   func ,g         1
  _BL_RECOVERY_UartReceivedEndCallBack
                                  000015eb        81   func ,g         1
  _BL_RECOVERY_TimerEndCallBack
                                  0000166c        2e   func ,g         1
  _BL_RECOVERY_Processing
                                  0000169a        3c   func ,g         1
FILE=Release\bl_display.obj
                                  000016d6  00001776        a1
  _BL_LCD_DisplayBackingUp
                                  000016d6        21   func ,g         1
  _BL_LCD_DisplayRestoring
                                  000016f7        2d   func ,g         1
  _BL_LCD_DisplayUpdating
                                  00001724        27   func ,g         1
  _BL_LCD_DisplayRecoveryMode
                                  0000174b        2c   func ,g         1  ch
FILE=Release\bl_r_drv_lcd_ext.obj
                                  00001777  000017ee        78
  _LCD_RamClearAll
                                  00001777        11   func ,g         1
  _LCD_GetNumInfo
                                  00001788        50   func ,g         1
  _LCD_WriteRAMDigitInfo
                                  000017d8        17   func ,g         1
FILE=Release\bl_r_lcd_display.obj
                                  000017ef  00001826        38
  _LCD_ClearAll
                                  000017ef         2   func ,g         4  ch
  _LCD_DisplayDigit
                                  000017f1        36   func ,g        19
FILE=Release\bl_r_cg_cgc.obj
                                  00001827  00001861        3b
  _R_CGC_Create
                                  00001827        32   func ,g         1
  _BL_R_CGC_UpdateCPUClock
                                  00001859         9   func ,g         1
FILE=Release\bl_r_cg_crc.obj
                                  00001862  00001879        18
  _R_CRC_Set
                                  00001862         4   func ,g         2
  _R_CRC_GetResult
                                  00001866         4   func ,g         2
  _R_CRC_Calculate
                                  0000186a        10   func ,g         2
FILE=Release\bl_r_cg_lvd.obj
                                  0000187a  00001882         9
  _r_lvd_vddinterrupt
                                  0000187a         9   func ,g         1
FILE=Release\bl_r_cg_port.obj
                                  00001883  000018f0        6e
  _R_PORT_Create
                                  00001883        54   func ,g         1
  _R_PORT_StopCreate
                                  000018d7        1a   func ,g         1
FILE=Release\bl_r_cg_sau.obj
                                  000018f1  00001a79       189
  _R_SAU1_Create
                                  000018f1        11   func ,g         1
  _R_CSI30_Create
                                  00001902        3f   func ,g         1
  _R_CSI30_Start
                                  00001941        26   func ,g         1
  _R_CSI30_Stop
                                  00001967        18   func ,g         1
  _R_CSI30_Send_Receive
                                  0000197f        2b   func ,g         1
  _R_UART2_Create
                                  000019aa        65   func ,g         1
  _R_UART2_Start
                                  00001a0f        26   func ,g         1
  _R_UART2_Stop
                                  00001a35        1e   func ,g         1
  _R_UART2_Send
                                  00001a53        27   func ,g         1
FILE=Release\bl_r_cg_sau_user.obj
                                  00001a7a  00001ae6        6d
  _R_CSI30_Interrupt
                                  00001a7a        41   func ,g         1
  _r_uart2_interrupt_send
                                  00001abb        1a   func ,g         1
  _r_uart2_interrupt_receive
                                  00001ad5        12   func ,g         1
FILE=Release\bl_r_cg_tau.obj
                                  00001ae7  00001b3c        56
  _R_TAU0_Create
                                  00001ae7        36   func ,g         1
  _R_TAU0_Channel0_Start
                                  00001b1d        10   func ,g         1
  _R_TAU0_Channel0_Stop
                                  00001b2d        10   func ,g         1
FILE=Release\bl_r_cg_tau_user.obj
                                  00001b3d  00001b42         6
  _r_tau0_channel0_interrupt
                                  00001b3d         6   func ,g         1
FILE=Release\bl_r_systeminit.obj
                                  00001b43  00001b9b        59
  _R_Systeminit
                                  00001b43        1a   func ,g         1
  _R_DefaultInterrupHandler
                                  00001b5d         1   func ,g         1
  _R_RAM_InterruptVectorInit
                                  00001b5e        31   func ,g         1
  _bl_hdwinit
                                  00001b8f         d   func ,g         1
FILE=Release\bl_serialflash.obj
                                  00001b9c  00001ba3         8
  _SFL_SendEndCallback
                                  00001b9c         4   func ,g         1
  _SFL_ReceiveEndCallback
                                  00001ba0         4   func ,g         1
FILE=Release\bl_startup.obj
                                  00001ba4  00001be5        42
  _BL_Startup
                                  00001ba4        3c   func ,g         1  ch
  _BL_StopPeripherals
                                  00001be0         6   func ,g         2
FILE=Release\bl_wrp_mcu.obj
                                  00001be6  00001c23        3e
  _MCU_Delay
                                  00001be6        3e   func ,g         4
FILE=Release\bl_wrp_user_spi.obj
                                  00001c24  00001c3a        17
  _WRP_SPI_Init
                                  00001c24         1   func ,g         1
  _WRP_SPI_Start
                                  00001c25         3   func ,g         1
  _WRP_SPI_Stop
                                  00001c28         3   func ,g         1
  _WRP_SPI_SendReceive
                                  00001c2b         a   func ,g         e
  _WRP_SPI_SendEndCallback
                                  00001c35         3   func ,g         1
  _WRP_SPI_ReceiveEndCallback
                                  00001c38         3   func ,g         1

SECTION=.textf
FILE=Release\bl_stkinit.obj
                                  00001c3b  00001c83        49
  _bl_stkinit
                                  00001c3b         0   none ,g         1
  LSTINIT1
                                  00001c48         0   none ,l         1
  LSTINIT2
                                  00001c76         0   none ,l         2
  LSTINIT3
                                  00001c83         0   none ,l         2

SECTION=.RLIB
FILE=_COM_memset_f
                                  00001c84  00001c98        15
  __COM_memset_f
                                  00001c84         0   none ,g         1

SECTION=.constf
FILE=Release\bl_flash.obj
                                  00001c9a  00001c9c         3
  _g_fsl_descriptor
                                  00001c9a         3   data ,g         4
FILE=Release\bl_r_lcd_config.obj
                                  00001c9e  00001ce0        43
  _g_LCD_NumMap
                                  00001c9e        38   data ,g         2
  _g_LCD_NumType
                                  00001cd6         b   data ,g         2

SECTION=.data
FILE=Release\bl_recovery.obj
                                  00001ce2  00001ce3         2

SECTION=BLData_n
FILE=Release\bl_serialflash.obj
                                  00001ce4  00001ce5         2

SECTION=FSL_FCD
FILE=fsl_f_open
                                  00001ce6  00001cea         5
  _FSL_Open
                                  00001ce6         0   none ,g         2
FILE=fsl_f_close
                                  00001cec  00001cf0         5
  _FSL_Close
                                  00001cec         0   none ,g         2
FILE=fsl_f_pfunc
                                  00001cf2  00001d1a        29
  _FSL_PrepareFunctions
                                  00001cf2         0   none ,g         2
  _FSL_Prepare_common
                                  00001d08         0   none ,g         1
FILE=fsl_f_init
                                  00001d1c  00001d82        67
  _FSL_Init
                                  00001d1c         0   none ,g         2
  _FSL_Init_Clear_Info_loop
                                  00001d27         0   none ,l         1
  _FSL_Init_param_err
                                  00001d78         0   none ,l         3
  _FSL_Init_exit
                                  00001d7a         0   none ,l         1

SECTION=FSL_BCD
FILE=fsl_b_common
                                  00001d84  00001e83       100
  _ASM_BCD_Start
                                  00001d84         0   none ,g         7
  _ASM_BCD_Entry
                                  00001d84         0   none ,l         0
  _ASM_BCD_StatusCheck
                                  00001d95         0   none ,l         1
  _ASM_BCD_Erase
                                  00001db5         0   none ,l         1
  _ASM_BCD_IVerify
                                  00001db9         0   none ,l         1
  _ASM_BCD_BlankCheck
                                  00001dbd         0   none ,l         1
  _ASM_BCD_block_cmd
                                  00001dbf         0   none ,l         2
  _ASM_BCD_Param_Error
                                  00001de3         0   none ,l         7
  _ASM_BCD_Common_Exit
                                  00001de5         0   none ,l         4
  _ASM_BCD_Write
                                  00001df1         0   none ,l         1
  _ASM_BCD_Write_cmd
                                  00001df4         0   none ,l         0
  _ASM_BCD_Execute
                                  00001e48         0   none ,l         1
  _ASM_BCD_Execute_check
                                  00001e4d         0   none ,l         1
  _ASM_BCD_Execute_retry
                                  00001e68         0   none ,l         1
  _ASM_BCD_Alignment_Start
                                  00001e6e         0   none ,l         0
  _ASM_BCD_Table_Start
                                  00001e78         0   none ,l         0
  _ASM_BCD_End
                                  00001e84         0   none ,g         1

SECTION=FSL_RCD
FILE=fsl_r_std_cmd
                                  00001e84  00001ea2        1f
  _FSL_BlankCheck
                                  00001e84         0   none ,g         1
  _FSL_Erase
                                  00001e89         0   none ,g         1
  _FSL_IVerify
                                  00001e8e         0   none ,g         1
  _FSL_Write
                                  00001e93         0   none ,g         1
  _FSL_std_common
                                  00001e96         0   none ,l         3
  _FSL_std_common_flow_err
                                  00001e9f         0   none ,l         0
FILE=fsl_r_check_flow
                                  00001ea4  00001ecb        28
  _ASM_RCD_Check_Ext_Flow
                                  00001ea4         0   none ,g         0
  _ASM_RCD_Check_Status_Flow
                                  00001eab         0   none ,g         0
  _ASM_RCD_Check_StandBy_Flow
                                  00001eb2         0   none ,g         0
  _ASM_RCD_Check_WakeUp_Flow
                                  00001eb9         0   none ,g         0
  _ASM_RCD_Check_Flow
                                  00001ec0         0   none ,g         1
  _ASM_RCD_Check_Flow_common
                                  00001ec5         0   none ,l         4

SECTION=.monitor2
FILE=rlink_generates_02
                                  0007fe00  0007ffff       200

SECTION=BLNoInit_n
FILE=Release\bl_operation.obj
                                  000f8300  000f8313        14
  _g_bl_info
                                  000f8300        14   data ,g         e

SECTION=BLBss_n
FILE=Release\bl_operation.obj
                                  000f8314  000f8317         4
  _g_bl_startup_status
                                  000f8314         4   data ,g        10
FILE=Release\bl_r_cg_sau.obj
                                  000f8318  000f8321         a
  _gp_Csi30RxAddress
                                  000f8318         2   data ,g         4
  _gp_Csi30TxAddress
                                  000f831a         2   data ,g         5
  _g_Csi30TxCnt
                                  000f831c         2   data ,g         5
  _gp_uart2_tx_address
                                  000f831e         2   data ,g         5
  _g_uart2_tx_count
                                  000f8320         2   data ,g         4

SECTION=BLDataR_n
FILE=Release\bl_serialflash.obj
                                  000f8322  000f8323         2
  _g_is_send_end@1
                                  000f8322         1   data ,l         3
  _g_is_receive_end@2
                                  000f8323         1   data ,l         3

SECTION=RAMVect_n
FILE=Release\bl_interrupt.obj
                                  000f8400  000f84ff       100
  _RAM_ISR_Table
                                  000f8400       100   data ,g        42

SECTION=.dataR
FILE=Release\bl_recovery.obj
                                  000f8500  000f8501         2
  _g_bl_recovery_timeout_counter
                                  000f8500         2   data ,g         4

SECTION=.bss
FILE=Release\bl_image.obj
                                  000f8502  000f8901       400
  _g_bl_image_read_ROM_buffer
                                  000f8502       400   data ,g         a
FILE=Release\bl_recovery.obj
                                  000f8902  000f8d2c       42b
  _g_bl_recovery_data_buffer
                                  000f8902       420   data ,g         c
  _g_bl_recovery_frame_length
                                  000f8d22         2   data ,g         4
  _g_bl_recovery_receive_count
                                  000f8d24         2   data ,g         8
  _g_bl_recovery_response_error_code
                                  000f8d26         1   data ,g         6
  _g_bl_recovery_is_key_press
                                  000f8d27         1   data ,g         1
  _g_bl_recovery_is_mode_timeout
                                  000f8d28         1   data ,g         2
  _g_bl_recovery_is_mode_finish
                                  000f8d29         1   data ,g         3
  _g_bl_recovery_is_processing
                                  000f8d2a         1   data ,g         4
  _g_bl_recovery_is_sent
                                  000f8d2b         1   data ,g         3
  _g_bl_recovery_opr_state
                                  000f8d2c         1   data ,g         b

SECTION=.stack_bss
FILE=Release\bl_cstart.obj
                                  000fee00  000ffc5f       e60
  _stackend
                                  000fee00         0   none ,l         0
  _stacktop
                                  000ffc60         0   none ,l         0

Absolute value symbols
FILE=rlink_generates_05
  __s.text
                                  00000eaa         0   none ,g         0
  __e.text
                                  00001c3b         0   none ,g         0
  __s.textf
                                  00001c3b         0   none ,g         0
  __e.textf
                                  00001c84         0   none ,g         0
  __s.constf
                                  00001c9a         0   none ,g         0
  __e.constf
                                  00001ce1         0   none ,g         0
  __s.data
                                  00001ce2         0   none ,g         0
  __e.data
                                  00001ce4         0   none ,g         0
  __s.bss
                                  000f8502         0   none ,g         0
  __e.bss
                                  000f8d2d         0   none ,g         0
  __s.dataR
                                  000f8500         0   none ,g         0
  __e.dataR
                                  000f8502         0   none ,g         0
  __s.stack_bss
                                  000fee00         0   none ,g         0
  __e.stack_bss
                                  000ffc60         0   none ,g         0
  __sBStaTx_n
                                  000000d8         0   none ,g         0
  __eBStaTx_n
                                  0000012f         0   none ,g         0
  __sBLBss_n
                                  000f8314         0   none ,g         0
  __eBLBss_n
                                  000f8322         0   none ,g         0
  __sBLData_n
                                  00001ce4         0   none ,g         0
  __eBLData_n
                                  00001ce6         0   none ,g         0
  __sBLDataR_n
                                  000f8322         0   none ,g         0
  __eBLDataR_n
                                  000f8324         0   none ,g         0
  __s.RLIB
                                  00001c84         0   none ,g         0
  __e.RLIB
                                  00001c99         0   none ,g         0
  __s.SLIB
                                  00001c99         0   none ,g         0
  __e.SLIB
                                  00001c99         0   none ,g         0
  __sBLShareTx_n
                                  00000d0f         0   none ,g         0
  __eBLShareTx_n
                                  00000eaa         0   none ,g         0
  __sBLNoInit_n
                                  000f8300         0   none ,g         0
  __eBLNoInit_n
                                  000f8314         0   none ,g         0
  __sRAMVect_n
                                  000f8400         0   none ,g         0
  __eRAMVect_n
                                  000f8500         0   none ,g         0
  __sISRTx_n
                                  0000012f         0   none ,g         0
  __eISRTx_n
                                  0000082b         0   none ,g         0
  __sSFLTx_n
                                  0000082b         0   none ,g         0
  __eSFLTx_n
                                  00000d0f         0   none ,g         0
  __sFSL_FCD
                                  00001ce6         0   none ,g         0
  __eFSL_FCD
                                  00001d83         0   none ,g         0
  __sFSL_RCD
                                  00001e84         0   none ,g         0
  __eFSL_RCD
                                  00001ecc         0   none ,g         0
  __sFSL_BCD
                                  00001d84         0   none ,g         0
  __eFSL_BCD
                                  00001e84         0   none ,g         0
  __s.option_byte
                                  000000c0         0   none ,g         0
  __e.option_byte
                                  000000c4         0   none ,g         0
  __s.monitor1
                                  000000ce         0   none ,g         0
  __e.monitor1
                                  000000d8         0   none ,g         0
  __s.monitor2
                                  0007fe00         0   none ,g         0
  __e.monitor2
                                  00080000         0   none ,g         0
  __s.security_id
                                  000000c4         0   none ,g         0
  __e.security_id
                                  000000ce         0   none ,g         0
  __s.vect
                                  00000000         0   none ,g         0
  __e.vect
                                  00000080         0   none ,g         0
  __RAM_ADDR_START
                                  000f7f00         0   none ,g         0
  __RAM_ADDR_END
                                  000ffe22         0   none ,g         0
  __STACK_ADDR_START
                                  000fee00         0   none ,g         0
  __STACK_ADDR_END
                                  000f8d2e         0   none ,g         0

*** Unfilled Areas ***

AREA                                START    END

*** Delete Symbols ***

SYMBOL                                SIZE    INFO

_LCD_GetRamSize
                                         4    func ,g
_LCD_RamSetAll
                                        11    func ,g
_LCD_ClearRAMDigitInfo
                                        17    func ,g
_g_DecInfo
                                         2    data ,g
_g_DecInfo1
                                         2    data ,g
_LCD_DisplayAll
                                         3    func ,g
_BL_R_CGC_OperateAtClock24M
                                         5    func ,g
_BL_R_CGC_OperateAtClock12M
                                         5    func ,g
_BL_R_CGC_OperateAtClock6M
                                         4    func ,g
_R_LCD_Create
                                         1    func ,g
_R_LCD_Start
                                         4    func ,g
_R_LCD_Stop
                                         4    func ,g
_R_LCD_Set_VoltageOn
                                        30    func ,g
_R_LCD_Set_VoltageOff
                                         f    func ,g
_R_LCD_PowerOff
                                         5    func ,g
_R_LCD_PowerOn
                                         5    func ,g
_R_LVD_Create
                                        32    func ,g
_R_LVD_Start_VDD
                                         9    func ,g
_R_LVD_Stop_VDD
                                         c    func ,g
_g_Csi30RxLen
                                         2    data ,g
_g_Csi30RxCnt
                                         2    data ,g
_g_Csi30TxLen
                                         2    data ,g
_R_CSI30_Callback_ReceiveEnd
                                         3    func ,g
_R_CSI30_Callback_SendEnd
                                         3    func ,g

*** Variable Vector Table List ***

ADDRESS  SYMBOL/ADDRESS
00       _bl_start
02       ffff
04       _INTWDTI_Interrupt@1
06       _INTLVI_Interrupt@1
08       _INTP0_Interrupt@1
0a       _INTP1_Interrupt@1
0c       _INTP2_Interrupt@1
0e       _INTP3_Interrupt@1
10       _INTP4_Interrupt@1
12       _INTP5_Interrupt@1
14       _INTST2_Interrupt@1
16       _INTSR2_Interrupt@1
18       _INTSRE2_Interrupt@1
1a       _INTCR_Interrupt@1
1c       
1e       _INTCSI00_Interrupt@1
20       _INTIICA0_Interrupt@1
22       _INTSR0_Interrupt@1
24       _INTSRE0_Interrupt@1
26       _INTCSI10_Interrupt@1
28       _INTSR1_Interrupt@1
2a       _INTSRE1_Interrupt@1
2c       _INTTM00_Interrupt@1
2e       _INTRTCALM0_Interrupt@1
30       _INTFM_Interrupt@1
32       _INTTM01_Interrupt@1
34       _INTTM02_Interrupt@1
36       _INTTM03_Interrupt@1
38       _INTAD_Interrupt@1
3a       _INTRTCPRD_Interrupt@1
3c       _INTIT_Interrupt@1
3e       _INTRTCALM1_Interrupt@1
40       _INTCSI30_Interrupt@1
42       _INTSR3_Interrupt@1
44       _INTDSAD_Interrupt@1
46       _INTTM04_Interrupt@1
48       _INTTM05_Interrupt@1
4a       _INTP6_Interrupt@1
4c       _INTP7_Interrupt@1
4e       _INTRTCIC2_Interrupt@1
50       _INTRTCIC1_Interrupt@1
52       _INTRTCIC0_Interrupt@1
54       _INTTM06_Interrupt@1
56       _INTTM07_Interrupt@1
58       _INTIT00_Interrupt@1
5a       _INTIT01_Interrupt@1
5c       _INTSRE3_Interrupt@1
5e       _INTMACLOF_Interrupt@1
60       _INTOSDC_Interrupt@1
62       _INTFL_Interrupt@1
64       _INTP8_Interrupt@1
66       _INTP9_Interrupt@1
68       _INTIT10_Interrupt@1
6a       _INTIT11_Interrupt@1
6c       _INTLVDVDD_Interrupt@1
6e       _INTLVDVBAT_Interrupt@1
70       _INTLVDVRTC_Interrupt@1
72       _INTLVDEXLVD_Interrupt@1
74       _INTST4_Interrupt@1
76       _INTSR4_Interrupt@1
78       _INTSRE4_Interrupt@1
7a       _INTDSADDEC_Interrupt@1
7c       _INTTRJ1_Interrupt@1
7e       

*** Cross Reference List ***

No   Unit Name   Global.Symbol   Location External Infomation
---- ----------- --------------- -------- ---------------------
0001 bl_main
     SECTION=.text
                 _bl_main
                                 00000eaa 0002(0000012a:BStaTx_n)
0002 bl_cstart
     SECTION=BStaTx_n
                 _bl_start
                                 000000d8
     SECTION=.textf
     SECTION=.constf
     SECTION=.data
     SECTION=.bss
     SECTION=.dataR
     SECTION=.stack_bss
     SECTION=BLBss_n
     SECTION=BLData_n
     SECTION=BLDataR_n
     SECTION=.RLIB
     SECTION=.SLIB
     SECTION=.dataR
     SECTION=BLDataR_n
0003 bl_image_decompress
     SECTION=.text
                 _BL_IMAGE_TransferUserAppToROM
                                 00000f12 0008(0000139d:.text)
                                          0008(000013a6:.text)
0004 bl_stkinit
     SECTION=.textf
                 _bl_stkinit
                                 00001c3b 0002(000000e0:BStaTx_n)
0005 bl_string
     SECTION=.text
                 _BL_memcmp_nn
                                 000011a5 0003(00001197:.text)
                 _BL_memcpy_nn
                                 000011b8 0007(000012a5:.text)
                                          0008(00000d8c:BLShareTx_n)
                 _BL_memcpy_nf
                                 000011cd 0003(00001126:.text)
                                          0008(00000dd8:BLShareTx_n)
0006 bl_flash
     SECTION=.text
                 _BL_FLASH_EraseBlock
                                 000011e8 0008(000012dd:.text)
                                          0008(000012f5:.text)
                                          0010(000015a9:.text)
                 _BL_FLASH_WriteBlock
                                 00001210 0003(00001113:.text)
                                          0008(0000143e:.text)
                                          0008(00001487:.text)
                                          0010(000015ba:.text)
     SECTION=.constf
                 _g_fsl_descriptor
                                 00001c9a 0006(000011ed:.text)
                                          0006(000011f0:.text)
                                          0006(00001219:.text)
                                          0006(0000121c:.text)
0007 bl_hashing
     SECTION=BLShareTx_n
                 _BL_HASHING_DigestUserAppBackupSFL
                                 00000d0f
                 _BL_HASHING_DigestUserAppROM
                                 00000d10
     SECTION=.text
                 _BL_HASHING_Init
                                 00001287 0003(00000f66:.text)
                 _BL_HASHING_Calculate
                                 0000128c 0003(00000f85:.text)
                                          0003(00001130:.text)
                 _BL_HASHING_GetResult
                                 0000128f 0003(0000117f:.text)
0008 bl_image
     SECTION=BLShareTx_n
                 _BL_IMAGE_EraseImageData
                                 00000d11
                 _BL_IMAGE_Erase
                                 00000d17
                 _BL_IMAGE_Write
                                 00000d2f
                 _BL_IMAGE_BackupUserApp
                                 00000d6d 0008(00001379:.text)
     SECTION=.text
                 _BL_IMAGE_EraseImageInSerialFlash
                                 000012aa 0008(00000d13:BLShareTx_n)
                                          0008(00000d74:BLShareTx_n)
                 _BL_IMAGE_EraseUserAppInROM
                                 000012d1 0003(00000f3c:.text)
                                          0008(00001402:.text)
                 _BL_IMAGE_Processing
                                 00001312 0001(00000eed:.text)
     SECTION=.bss
                 _g_bl_image_read_ROM_buffer
                                 000f8502 0003(00000f78:.text)
                                          0003(00000f82:.text)
                                          0003(000010fe:.text)
                                          0003(00001110:.text)
                                          0003(00001123:.text)
                                          0003(0000112d:.text)
                                          0008(0000142f:.text)
                                          0008(0000143b:.text)
                                          0008(00001478:.text)
                                          0008(00001484:.text)
0009 bl_operation
     SECTION=BLShareTx_n
                 _BL_OPERATION_GetStartupStatus
                                 00000e19
                 _BL_OPERATION_GetProperties
                                 00000e2b 0003(00000f1b:.text)
                 _BL_OPERATION_RequestRecoveryMode
                                 00000e6a
                 _BL_OPERATION_RequestUserReset
                                 00000e6e
                 _BL_OPERATION_RequestImageActivation
                                 00000e73
                 _BL_OPERATION_RequestImageBackup
                                 00000e81
                 _BL_OPERATION_InformStartupOK
                                 00000e86 0010(000016c8:.text)
                 _BL_OPERATION_AcknowledgeImageUpdateStatus
                                 00000ea2
                 _BL_OPERATION_UpdateOperatingClock
                                 00000ea7
     SECTION=.text
                 _BL_OPERATION_ReadConfirmCode
                                 000014be 0001(00000eb7:.text)
                                          0001(00000ebf:.text)
                                          0008(0000132e:.text)
                                          0008(0000136b:.text)
                                          0008(00001388:.text)
                                          0008(000013f1:.text)
                                          0010(0000169c:.text)
                 _BL_OPERATION_ClearConfirmCode
                                 000014d7 0003(00000f47:.text)
                                          0003(00001184:.text)
                                          0008(0000130a:.text)
                                          0008(00001336:.text)
                                          0008(00001348:.text)
                                          0008(0000137e:.text)
                                          0008(00001383:.text)
                                          0008(000013ec:.text)
                                          0008(0000140d:.text)
                                          0008(000014af:.text)
                                          0008(000014ba:.text)
                                          0009(00000e8c:BLShareTx_n)
                                          0009(00000e91:BLShareTx_n)
                                          0009(00000e96:BLShareTx_n)
                                          0009(00000e9b:BLShareTx_n)
                                          0009(00000ea0:BLShareTx_n)
                                          0010(000016d4:.text)
                 _BL_OPERATION_SetConfirmCode
                                 000014e1 0003(00000f20:.text)
                                          0008(000012d5:.text)
                                          0008(0000135c:.text)
                                          0008(00001376:.text)
                                          0008(000013c3:.text)
                                          0008(000013ff:.text)
                                          0008(000014b3:.text)
                                          0009(00000e6c:BLShareTx_n)
                                          0009(00000e71:BLShareTx_n)
                                          0009(00000e76:BLShareTx_n)
                                          0009(00000e7b:BLShareTx_n)
                                          0009(00000e84:BLShareTx_n)
                                          0020(0000187d:.text)
     SECTION=BLNoInit_n
                 _g_bl_info
                                 000f8300 0001(00000ec5:.text)
                                          0008(0000131d:.text)
                                          0008(00001327:.text)
                                          0008(0000133b:.text)
                                          0008(00001343:.text)
                                          0008(0000134d:.text)
                                          0008(00001354:.text)
                                          0008(00001392:.text)
                                          0008(00001419:.text)
                                          0009(000014c9:.text)
                                          0009(000014de:.text)
                                          0009(000014ea:.text)
                                          0009(00000e88:BLShareTx_n)
                                          0028(00001bb5:.text)
     SECTION=BLBss_n
                 _g_bl_startup_status
                                 000f8314 0008(00001321:.text)
                                          0008(00001361:.text)
                                          0008(00001366:.text)
                                          0008(00001395:.text)
                                          0008(00001399:.text)
                                          0008(000013ac:.text)
                                          0008(000013b7:.text)
                                          0008(000013c8:.text)
                                          0008(000013cf:.text)
                                          0008(000013d3:.text)
                                          0008(000013e7:.text)
                                          0009(00000e23:BLShareTx_n)
                                          0009(00000e27:BLShareTx_n)
                                          0009(00000ea4:BLShareTx_n)
                                          0028(00001baa:.text)
                                          0028(00001bc4:.text)
0010 bl_recovery
     SECTION=.text
                 _BL_RECOVERY_Init
                                 000014ed 0028(00001bda:.text)
                 _BL_RECOVERY_SendFrameAck
                                 000014f7 0010(000015df:.text)
                 _BL_RECOVERY_PollingProcessing
                                 00001532 0010(000016ad:.text)
                 _BL_RECOVERY_UartSendEndCallBack
                                 000015e7 0023(00001ac6:.text)
                 _BL_RECOVERY_UartReceivedEndCallBack
                                 000015eb 0023(00001ae5:.text)
                 _BL_RECOVERY_TimerEndCallBack
                                 0000166c 0025(00001b41:.text)
                 _BL_RECOVERY_Processing
                                 0000169a 0001(00000ef0:.text)
     SECTION=.dataR
                 _g_bl_recovery_timeout_counter
                                 000f8500 0010(00001609:.text)
                                          0010(00001673:.text)
                                          0010(00001676:.text)
                                          0010(00001687:.text)
     SECTION=.bss
                 _g_bl_recovery_data_buffer
                                 000f8902 0010(0000153e:.text)
                                          0010(00001541:.text)
                                          0010(00001546:.text)
                                          0010(0000154a:.text)
                                          0010(0000155e:.text)
                                          0010(0000158a:.text)
                                          0010(0000158d:.text)
                                          0010(000015b7:.text)
                                          0010(00001622:.text)
                                          0010(0000162f:.text)
                                          0010(00001635:.text)
                                          0010(0000164f:.text)
                 _g_bl_recovery_frame_length
                                 000f8d22 0010(00001632:.text)
                                          0010(00001638:.text)
                                          0010(00001645:.text)
                                          0010(00001691:.text)
                 _g_bl_recovery_receive_count
                                 000f8d24 0010(00001615:.text)
                                          0010(0000161d:.text)
                                          0010(00001627:.text)
                                          0010(0000163c:.text)
                                          0010(00001648:.text)
                                          0010(00001658:.text)
                                          0010(00001663:.text)
                                          0010(00001694:.text)
                 _g_bl_recovery_response_error_code
                                 000f8d26 0010(00001506:.text)
                                          0010(0000159b:.text)
                                          0010(000015c7:.text)
                                          0010(000015cd:.text)
                                          0010(000015d3:.text)
                                          0010(000015d9:.text)
                 _g_bl_recovery_is_key_press
                                 000f8d27 0010(000016b0:.text)
                 _g_bl_recovery_is_mode_timeout
                                 000f8d28 0010(00001683:.text)
                                          0010(000016b6:.text)
                 _g_bl_recovery_is_mode_finish
                                 000f8d29 0010(00001579:.text)
                                          0010(000016bc:.text)
                                          0010(000016c2:.text)
                 _g_bl_recovery_is_processing
                                 000f8d2a 0010(0000166d:.text)
                                          0010(000016a5:.text)
                                          0010(000016a8:.text)
                                          0010(000016cb:.text)
                 _g_bl_recovery_is_sent
                                 000f8d2b 0010(0000150d:.text)
                                          0010(00001518:.text)
                                          0010(000015e8:.text)
                 _g_bl_recovery_opr_state
                                 000f8d2c 0010(000014f4:.text)
                                          0010(00001535:.text)
                                          0010(000015e2:.text)
                                          0010(000015ef:.text)
                                          0010(00001604:.text)
                                          0010(00001618:.text)
                                          0010(0000163f:.text)
                                          0010(0000165e:.text)
                                          0010(00001668:.text)
                                          0010(00001679:.text)
                                          0010(00001697:.text)
     SECTION=.data
0011 bl_display
     SECTION=.text
                 _BL_LCD_DisplayBackingUp
                                 000016d6 0008(00001371:.text)
                 _BL_LCD_DisplayRestoring
                                 000016f7 0008(000013fa:.text)
                 _BL_LCD_DisplayUpdating
                                 00001724 0008(0000138e:.text)
                 _BL_LCD_DisplayRecoveryMode
                                 0000174b 0010(000016a2:.text)
0012 bl_r_drv_lcd_ext
     SECTION=.text
                 _LCD_RamClearAll
                                 00001777 0014(000017f0:.text)
                 _LCD_GetNumInfo
                                 00001788 0014(0000180b:.text)
                 _LCD_WriteRAMDigitInfo
                                 000017d8 0014(0000181d:.text)
0013 bl_r_lcd_config
     SECTION=.constf
                 _g_LCD_NumMap
                                 00001c9e 0012(000017a5:.text)
                                          0012(000017ac:.text)
                 _g_LCD_NumType
                                 00001cd6 0012(000017c7:.text)
                                          0012(000017cc:.text)
0014 bl_r_lcd_display
     SECTION=.text
                 _LCD_ClearAll
                                 000017ef 0011(000016d7:.text)
                                          0011(000016f8:.text)
                                          0011(00001725:.text)
                                          0011(0000174c:.text)
                 _LCD_DisplayDigit
                                 000017f1 0011(000016dd:.text)
                                          0011(000016e3:.text)
                                          0011(000016e9:.text)
                                          0011(000016ef:.text)
                                          0011(000016f5:.text)
                                          0011(000016fe:.text)
                                          0011(00001704:.text)
                                          0011(0000170a:.text)
                                          0011(00001710:.text)
                                          0011(00001716:.text)
                                          0011(0000171c:.text)
                                          0011(00001722:.text)
                                          0011(0000172b:.text)
                                          0011(00001731:.text)
                                          0011(00001737:.text)
                                          0011(0000173d:.text)
                                          0011(00001743:.text)
                                          0011(00001749:.text)
                                          0011(00001752:.text)
                                          0011(00001758:.text)
                                          0011(0000175e:.text)
                                          0011(00001764:.text)
                                          0011(0000176a:.text)
                                          0011(00001770:.text)
                                          0011(00001776:.text)
0015 bl_interrupt
     SECTION=RAMVect_n
                 _RAM_ISR_Table
                                 000f8400 0016(0000013d:ISRTx_n)
                                          0016(0000015b:ISRTx_n)
                                          0016(00000179:ISRTx_n)
                                          0016(00000197:ISRTx_n)
                                          0016(000001b5:ISRTx_n)
                                          0016(000001d3:ISRTx_n)
                                          0016(000001f1:ISRTx_n)
                                          0016(0000020f:ISRTx_n)
                                          0016(0000022d:ISRTx_n)
                                          0016(0000024b:ISRTx_n)
                                          0016(00000269:ISRTx_n)
                                          0016(00000287:ISRTx_n)
                                          0016(000002a5:ISRTx_n)
                                          0016(000002c3:ISRTx_n)
                                          0016(000002e1:ISRTx_n)
                                          0016(000002ff:ISRTx_n)
                                          0016(0000031d:ISRTx_n)
                                          0016(0000033b:ISRTx_n)
                                          0016(00000359:ISRTx_n)
                                          0016(00000377:ISRTx_n)
                                          0016(00000395:ISRTx_n)
                                          0016(000003b3:ISRTx_n)
                                          0016(000003d1:ISRTx_n)
                                          0016(000003ed:ISRTx_n)
                                          0016(00000407:ISRTx_n)
                                          0016(00000425:ISRTx_n)
                                          0016(00000443:ISRTx_n)
                                          0016(00000461:ISRTx_n)
                                          0016(0000047f:ISRTx_n)
                                          0016(0000049d:ISRTx_n)
                                          0016(000004bb:ISRTx_n)
                                          0016(000004d7:ISRTx_n)
                                          0016(000004f1:ISRTx_n)
                                          0016(0000050f:ISRTx_n)
                                          0016(0000052d:ISRTx_n)
                                          0016(0000054b:ISRTx_n)
                                          0016(00000569:ISRTx_n)
                                          0016(00000587:ISRTx_n)
                                          0016(000005a5:ISRTx_n)
                                          0016(000005c3:ISRTx_n)
                                          0016(000005e1:ISRTx_n)
                                          0016(000005ff:ISRTx_n)
                                          0016(0000061d:ISRTx_n)
                                          0016(0000063b:ISRTx_n)
                                          0016(00000659:ISRTx_n)
                                          0016(00000677:ISRTx_n)
                                          0016(00000695:ISRTx_n)
                                          0016(000006b3:ISRTx_n)
                                          0016(000006d1:ISRTx_n)
                                          0016(000006ef:ISRTx_n)
                                          0016(0000070d:ISRTx_n)
                                          0016(0000072b:ISRTx_n)
                                          0016(00000749:ISRTx_n)
                                          0016(00000767:ISRTx_n)
                                          0016(00000785:ISRTx_n)
                                          0016(000007a3:ISRTx_n)
                                          0016(000007c1:ISRTx_n)
                                          0016(000007df:ISRTx_n)
                                          0016(000007fd:ISRTx_n)
                                          0016(0000081b:ISRTx_n)
                                          0026(00001b68:.text)
                                          0026(00001b74:.text)
                                          0026(00001b7a:.text)
                                          0026(00001b80:.text)
                                          0026(00001b86:.text)
                                          0026(00001b8c:.text)
0016 bl_interrupt_handler
     SECTION=ISRTx_n
0017 bl_r_cg_cgc
     SECTION=.text
                 _R_CGC_Create
                                 00001827 0026(00001b4d:.text)
                 _BL_R_CGC_UpdateCPUClock
                                 00001859 0009(00000ea8:BLShareTx_n)
0018 bl_r_cg_crc
     SECTION=.text
                 _R_CRC_Set
                                 00001862 0007(0000128a:.text)
                                          0010(00001558:.text)
                 _R_CRC_GetResult
                                 00001866 0007(00001292:.text)
                                          0010(00001564:.text)
                 _R_CRC_Calculate
                                 0000186a 0007(0000128d:.text)
                                          0010(00001561:.text)
0019 bl_r_cg_lcd
     SECTION=.text
0020 bl_r_cg_lvd
     SECTION=.text
                 _r_lvd_vddinterrupt
                                 0000187a 0026(00001b89:.text)
0021 bl_r_cg_port
     SECTION=.text
                 _R_PORT_Create
                                 00001883 0028(00001bcf:.text)
                 _R_PORT_StopCreate
                                 000018d7 0026(00001b50:.text)
0022 bl_r_cg_sau
     SECTION=.text
                 _R_SAU1_Create
                                 000018f1 0026(00001b53:.text)
                 _R_CSI30_Create
                                 00001902
                 _R_CSI30_Start
                                 00001941 0030(00001c26:.text)
                 _R_CSI30_Stop
                                 00001967 0030(00001c29:.text)
                 _R_CSI30_Send_Receive
                                 0000197f 0030(00001c2c:.text)
                 _R_UART2_Create
                                 000019aa 0022(00001900:.text)
                 _R_UART2_Start
                                 00001a0f 0010(000014ee:.text)
                 _R_UART2_Stop
                                 00001a35 0028(00001be1:.text)
                 _R_UART2_Send
                                 00001a53 0010(00001515:.text)
     SECTION=BLBss_n
                 _gp_Csi30RxAddress
                                 000f8318 0022(00001996:.text)
                                          0023(00001a9a:.text)
                                          0023(00001aa6:.text)
                                          0023(00001aaf:.text)
                 _gp_Csi30TxAddress
                                 000f831a 0022(0000198f:.text)
                                          0022(0000199b:.text)
                                          0022(000019a1:.text)
                                          0023(00001aac:.text)
                                          0023(00001ab5:.text)
                 _g_Csi30TxCnt
                                 000f831c 0022(0000198b:.text)
                                          0022(000019a4:.text)
                                          0023(00001a8d:.text)
                                          0023(00001a94:.text)
                                          0023(00001ab8:.text)
                 _gp_uart2_tx_address
                                 000f831e 0022(00001a62:.text)
                                          0022(00001a6b:.text)
                                          0022(00001a71:.text)
                                          0023(00001ac9:.text)
                                          0023(00001acf:.text)
                 _g_uart2_tx_count
                                 000f8320 0022(00001a66:.text)
                                          0022(00001a74:.text)
                                          0023(00001abf:.text)
                                          0023(00001ad2:.text)
0023 bl_r_cg_sau_user
     SECTION=.text
                 _R_CSI30_Interrupt
                                 00001a7a 0026(00001b71:.text)
                 _r_uart2_interrupt_send
                                 00001abb 0026(00001b77:.text)
                 _r_uart2_interrupt_receive
                                 00001ad5 0026(00001b7d:.text)
0024 bl_r_cg_tau
     SECTION=.text
                 _R_TAU0_Create
                                 00001ae7 0026(00001b56:.text)
                 _R_TAU0_Channel0_Start
                                 00001b1d 0010(000014f1:.text)
                 _R_TAU0_Channel0_Stop
                                 00001b2d 0028(00001be4:.text)
0025 bl_r_cg_tau_user
     SECTION=.text
                 _r_tau0_channel0_interrupt
                                 00001b3d 0026(00001b83:.text)
0026 bl_r_systeminit
     SECTION=.text
                 _R_Systeminit
                                 00001b43 0026(00001b93:.text)
                 _R_DefaultInterrupHandler
                                 00001b5d 0026(00001b65:.text)
                 _R_RAM_InterruptVectorInit
                                 00001b5e 0026(00001b96:.text)
                 _bl_hdwinit
                                 00001b8f 0002(000000e3:BStaTx_n)
0027 bl_serialflash
     SECTION=SFLTx_n
                 _BL_SFL_Init
                                 000009ee 0028(00001bd2:.text)
                 _BL_SFL_Stop
                                 00000a41
                 _BL_SFL_DeviceErase4KB
                                 00000a46 0008(00000d26:BLShareTx_n)
                 _BL_SFL_DeviceErase64KB
                                 00000a95 0008(000012bc:.text)
                 _BL_SFL_DeviceEraseAll
                                 00000ae4
                 _BL_SFL_DeviceWriteProtectAll
                                 00000b14
                 _BL_SFL_DeviceWriteUnProtectAll
                                 00000b19
                 _BL_SFL_DeviceRead
                                 00000b1d 0003(00000f5e:.text)
                                          0003(00000f7b:.text)
                                          0003(00000fb9:.text)
                                          0003(00000fd8:.text)
                                          0003(000010ac:.text)
                                          0003(000010cb:.text)
                                          0003(00001101:.text)
                                          0003(00001176:.text)
                                          0008(00001432:.text)
                                          0008(0000147b:.text)
                 _BL_SFL_DeviceWrite
                                 00000b91 0008(00000d5e:BLShareTx_n)
                                          0008(00000d9c:BLShareTx_n)
                                          0008(00000de8:BLShareTx_n)
     SECTION=.text
                 _SFL_SendEndCallback
                                 00001b9c 0030(00001c36:.text)
                 _SFL_ReceiveEndCallback
                                 00001ba0 0030(00001c39:.text)
     SECTION=BLData_n
     SECTION=BLDataR_n
0028 bl_startup
     SECTION=.text
                 _BL_Startup
                                 00001ba4 0001(00000eac:.text)
                 _BL_StopPeripherals
                                 00001be0 0001(00000edc:.text)
                                          0001(00000ef3:.text)
0029 bl_wrp_mcu
     SECTION=.text
                 _MCU_Delay
                                 00001be6 0026(00001b4a:.text)
                                          0027(0000084a:SFLTx_n)
                                          0027(00000891:SFLTx_n)
                                          0027(00000c91:SFLTx_n)
0030 bl_wrp_user_spi
     SECTION=.text
                 _WRP_SPI_Init
                                 00001c24 0027(000009f1:SFLTx_n)
                 _WRP_SPI_Start
                                 00001c25 0027(000009f4:SFLTx_n)
                 _WRP_SPI_Stop
                                 00001c28 0027(00000a42:SFLTx_n)
                 _WRP_SPI_SendReceive
                                 00001c2b 0027(000008d1:SFLTx_n)
                                          0027(000008f3:SFLTx_n)
                                          0027(00000915:SFLTx_n)
                                          0027(0000093c:SFLTx_n)
                                          0027(00000967:SFLTx_n)
                                          0027(00000986:SFLTx_n)
                                          0027(000009d0:SFLTx_n)
                                          0027(00000a77:SFLTx_n)
                                          0027(00000ac6:SFLTx_n)
                                          0027(00000af9:SFLTx_n)
                                          0027(00000b65:SFLTx_n)
                                          0027(00000b80:SFLTx_n)
                                          0027(00000c03:SFLTx_n)
                                          0027(00000c70:SFLTx_n)
                 _WRP_SPI_SendEndCallback
                                 00001c35 0023(00001aa3:.text)
                 _WRP_SPI_ReceiveEndCallback
                                 00001c38 0023(00001aa0:.text)
0031 fsl_f_open
     SECTION=FSL_FCD
                 _FSL_Open
                                 00001ce6 0006(000011f5:.text)
                                          0006(00001221:.text)
0032 fsl_f_close
     SECTION=FSL_FCD
                 _FSL_Close
                                 00001cec 0006(00001207:.text)
                                          0006(0000127d:.text)
0033 fsl_f_pfunc
     SECTION=FSL_FCD
                 _FSL_PrepareFunctions
                                 00001cf2 0006(000011f8:.text)
                                          0006(00001224:.text)
                 _FSL_Prepare_common
                                 00001d08 0033(00001d12:FSL_FCD)
0034 fsl_f_init
     SECTION=FSL_FCD
                 _FSL_Init
                                 00001d1c 0006(000011f2:.text)
                                          0006(0000121e:.text)
0035 fsl_r_std_cmd
     SECTION=FSL_RCD
                 _FSL_BlankCheck
                                 00001e84 0006(00001233:.text)
                 _FSL_Erase
                                 00001e89 0006(000011fd:.text)
                 _FSL_IVerify
                                 00001e8e 0006(00001274:.text)
                 _FSL_Write
                                 00001e93 0006(00001254:.text)
0036 _COM_memset_f
     SECTION=.RLIB
                 __COM_memset_f
                                 00001c84 0028(00001bbb:.text)
0037 fsl_b_common
     SECTION=FSL_BCD
                 _ASM_BCD_Start
                                 00001d84 0033(00001cfe:FSL_FCD)
                                          0033(00001d00:FSL_FCD)
                                          0037(00001e78:FSL_BCD)
                                          0037(00001e7a:FSL_BCD)
                                          0037(00001e7c:FSL_BCD)
                                          0037(00001e7e:FSL_BCD)
                                          0037(00001e80:FSL_BCD)
                 _ASM_BCD_End
                                 00001e84 0033(00001d03:FSL_FCD)
0038 fsl_r_check_flow
     SECTION=FSL_RCD
                 _ASM_RCD_Check_Ext_Flow
                                 00001ea4
                 _ASM_RCD_Check_Status_Flow
                                 00001eab
                 _ASM_RCD_Check_StandBy_Flow
                                 00001eb2
                 _ASM_RCD_Check_WakeUp_Flow
                                 00001eb9
                 _ASM_RCD_Check_Flow
                                 00001ec0 0035(00001e97:FSL_RCD)
0039 rlink_generates_01
     SECTION=.option_byte
0040 rlink_generates_02
     SECTION=.monitor1
     SECTION=.monitor2
0041 rlink_generates_03
     SECTION=.security_id
0042 rlink_generates_04
     SECTION=.vect
0043 rlink_generates_05
     SECTION=
                 __s.vect
                                 00000000
                 __e.vect
                                 00000080
                 __s.option_byte
                                 000000c0
                 __e.option_byte
                                 000000c4
                 __s.security_id
                                 000000c4
                 __s.monitor1
                                 000000ce
                 __e.security_id
                                 000000ce
                 __sBStaTx_n
                                 000000d8
                 __e.monitor1
                                 000000d8
                 __eBStaTx_n
                                 0000012f
                 __sISRTx_n
                                 0000012f
                 __eISRTx_n
                                 0000082b
                 __sSFLTx_n
                                 0000082b
                 __sBLShareTx_n
                                 00000d0f
                 __eSFLTx_n
                                 00000d0f
                 __s.text
                                 00000eaa
                 __eBLShareTx_n
                                 00000eaa
                 __e.text
                                 00001c3b
                 __s.textf
                                 00001c3b
                 __e.textf
                                 00001c84
                 __s.RLIB
                                 00001c84
                 __e.RLIB
                                 00001c99
                 __s.SLIB
                                 00001c99
                 __e.SLIB
                                 00001c99
                 __s.constf
                                 00001c9a
                 __e.constf
                                 00001ce1
                 __s.data
                                 00001ce2
                 __e.data
                                 00001ce4
                 __sBLData_n
                                 00001ce4
                 __eBLData_n
                                 00001ce6
                 __sFSL_FCD
                                 00001ce6
                 __eFSL_FCD
                                 00001d83
                 __sFSL_BCD
                                 00001d84
                 __sFSL_RCD
                                 00001e84
                 __eFSL_BCD
                                 00001e84
                 __eFSL_RCD
                                 00001ecc
                 __s.monitor2
                                 0007fe00
                 __e.monitor2
                                 00080000
                 __RAM_ADDR_START
                                 000f7f00
                 __sBLNoInit_n
                                 000f8300
                 __sBLBss_n
                                 000f8314
                 __eBLNoInit_n
                                 000f8314
                 __eBLBss_n
                                 000f8322
                 __sBLDataR_n
                                 000f8322
                 __eBLDataR_n
                                 000f8324
                 __sRAMVect_n
                                 000f8400
                 __s.dataR
                                 000f8500
                 __eRAMVect_n
                                 000f8500
                 __s.bss
                                 000f8502
                 __e.dataR
                                 000f8502
                 __e.bss
                                 000f8d2d
                 __STACK_ADDR_END
                                 000f8d2e
                 __s.stack_bss
                                 000fee00
                 __STACK_ADDR_START
                                 000fee00
                 __e.stack_bss
                                 000ffc60
                 __RAM_ADDR_END
                                 000ffe22
