Renesas Optimizing Linker (V3.04.00 )             25-Jan-2024 17:42:56

*** Options ***

-MAKEUD=Release\Metrology Application.lk.ud
-subcommand=Release\Metrology Application.clnk
-Input=Release\em_callback.obj
-Input=Release\em_call_linking.obj
-Input=Release\em_cstart.obj
-LIBrary=..\..\shared\metrology\metrologylibrary\CCRL\230518_EMP4W_WQUR.lib
-SECURITY_ID=00000000000000000000
-DEVICE=C:\Program Files (x86)\Renesas Electronics\CS+\CC\Device\RL78\Devicefile\DR5F10NPL.DVF
-DEBug
-NOCOmpress
-OPtimize=Branch
-OUtput=Release\em_middleware.abs
-LIBrary=C:\Program Files (x86)\Renesas Electronics\CS+\CC\CC-RL\V1.11.00\lib\rl78em4s.lib
-LIBrary=C:\Program Files (x86)\Renesas Electronics\CS+\CC\CC-RL\V1.11.00\lib\malloc_n.lib
-LIBrary=C:\Program Files (x86)\Renesas Electronics\CS+\CC\CC-RL\V1.11.00\lib\rl78em4r.lib
-OCDBG=84
-DEBUG_MONITOR=7FE00-7FFFF
-USER_OPT_BYTE=7E7FE0
-SELF
-LISt=Release\Metrology Application.map
-SHow=ALL
-STARt=EMCallback_f/74B00,EMCnst_f,.constf,.data,.SLIB,.RLIB,EMTextI_f,EMText_f/74C00,.dataR,.bss/F8700
-FSymbol=EMText_f
-ROm=.data=.dataR
-NOMessage
-CHange_message=Information=1195
-STACk
-Total_size
-NOLOgo
-end

*** Error information ***

*** Mapping List ***

SECTION                            START      END         SIZE   ALIGN
.vect
                                  00000000  0000007f        80   0
.option_byte
                                  000000c0  000000c3         4   1
.security_id
                                  000000c4  000000cd         a   1
.monitor1
                                  000000ce  000000d7         a   1
EMCallback_f
                                  00074b00  00074b67        68   2
EMCnst_f
                                  00074c00  00074c66        67   2
.constf
                                  00074c68  00074c93        2c   2
.data
                                  00074c94  00074cb3        20   2
.SLIB
                                  00074cb4  000754d0       81d   1
.RLIB
                                  000754d1  00076792      12c2   1
EMTextI_f
                                  00076793  000769b0       21e   1
EMText_f
                                  000769b1  0007b5d0      4c20   1
.monitor2
                                  0007fe00  0007ffff       200   1
.dataR
                                  000f8700  000f871f        20   2
.bss
                                  000f8720  000f8c87       568   2

*** Total Section Size ***

RAMDATA SECTION:  00000588 Byte(s)
ROMDATA SECTION:  000003b3 Byte(s)
PROGRAM SECTION:  0000691d Byte(s)

*** Symbol List ***

SECTION=
FILE=                               START        END    SIZE
  SYMBOL                            ADDR        SIZE    INFO      COUNTS  OPT
    STRUCT                                      SIZE
      MEMBER                        ADDR        SIZE    INFO

SECTION=.vect
FILE=rlink_generates_04
                                  00000000  0000007f        80

SECTION=.option_byte
FILE=rlink_generates_01
                                  000000c0  000000c3         4

SECTION=.security_id
FILE=rlink_generates_03
                                  000000c4  000000cd         a

SECTION=.monitor1
FILE=rlink_generates_02
                                  000000ce  000000d7         a

SECTION=EMCallback_f
FILE=Release\em_callback.obj
                                  00074b00  00074b67        68
  _EM_TIMER_Init_Address
                                  00074b00         4   data ,g         3
  _EM_TIMER_Start_Address
                                  00074b04         4   data ,g         3
  _EM_TIMER_Stop_Address
                                  00074b08         4   data ,g         3
  _EM_WDT_Init_Address
                                  00074b0c         4   data ,g         3
  _EM_WDT_Start_Address
                                  00074b10         4   data ,g         3
  _EM_WDT_Stop_Address
                                  00074b14         4   data ,g         3
  _EM_WDT_Restart_Address
                                  00074b18         4   data ,g         3
  _EM_MCU_Delay_Address
                                  00074b1c         4   data ,g         3
  _EM_MCU_MultipleInterruptEnable_Address
                                  00074b20         4   data ,g         3
  _EM_ADC_Init_Address
                                  00074b24         4   data ,g         3
  _EM_ADC_Start_Address
                                  00074b28         4   data ,g         3
  _EM_ADC_Stop_Address
                                  00074b2c         4   data ,g         3
  _EM_ADC_GainPhaseReset_Address
                                  00074b30         4   data ,g         3
  _EM_ADC_GainPhaseIncrease_Address
                                  00074b34         4   data ,g         3
  _EM_ADC_GainPhaseDecrease_Address
                                  00074b38         4   data ,g         3
  _EM_ADC_GainPhaseGetLevel_Address
                                  00074b3c         4   data ,g         3
  _EM_ADC_SetPhaseCorrection_Address
                                  00074b40         4   data ,g         3
  _EM_ADC_SAMP_UpdateStep_Address
                                  00074b44         4   data ,g         3
  _EM_PULSE_Init_Address
                                  00074b48         4   data ,g         3
  _EM_PULSE_ACTIVE_On_Address
                                  00074b4c         4   data ,g         3
  _EM_PULSE_ACTIVE_Off_Address
                                  00074b50         4   data ,g         3
  _EM_PULSE_REACTIVE_On_Address
                                  00074b54         4   data ,g         3
  _EM_PULSE_REACTIVE_Off_Address
                                  00074b58         4   data ,g         3
  _EM_PULSE_APPARENT_On_Address
                                  00074b5c         4   data ,g         3
  _EM_PULSE_APPARENT_Off_Address
                                  00074b60         4   data ,g         3
  _EM_SW_GetProperty_Address
                                  00074b64         4   data ,g         3

SECTION=EMCnst_f
FILE=Release\em_call_linking.obj
                                  00074c00  00074c00         1
  _g_dummy_enabled@1
                                  00074c00         1   data ,l         2
FILE=em_operation
                                  00074c02  00074c29        28
  _g_const_round_y_negative@1
                                  00074c02        14   data ,l         2
  _g_const_round_y_positive@2
                                  00074c16        14   data ,l         2
FILE=em_systemdata
                                  00074c2a  00074c66        3d
  _g_em_lib_type
                                  00074c2a         a   data ,g         0
  _g_em_lib_target_platform
                                  00074c34        12   data ,g         0
  _g_em_lib_git_revision
                                  00074c46         9   data ,g         0
  _g_em_lib_compiler
                                  00074c4f        11   data ,g         0
  _g_em_lib_build_date
                                  00074c60         7   data ,g         0

SECTION=.constf
FILE=_REL_sincosfsub
                                  00074c68  00074c93        2c
  _sinf_coeff@1
                                  00074c68        10   data ,l         9
  _cosf_coeff@2
                                  00074c78        10   data ,l         9
  _pi4ptr_table@3
                                  00074c88         c   data ,l         8

SECTION=.data
FILE=sqrtf
                                  00074c94  00074ca1         e
FILE=errno
                                  00074ca2  00074ca3         2
FILE=_REL_sincosfsub
                                  00074ca4  00074cb3        10

SECTION=.SLIB
FILE=cosf
                                  00074cb4  00074d4c        99
  _cosf
                                  00074cb4        92   func ,g         6
  __CommonCode@0
                                  00074d46         7   func ,l         2
FILE=fabsf
                                  00074d4d  00074d65        19
  _fabsf
                                  00074d4d         0   none ,g         d
FILE=sinf
                                  00074d66  00074e2f        ca
  _sinf
                                  00074d66        b4   func ,g         4
  __CommonCode@1
                                  00074e1a         f   func ,l         2
  __CommonCode@0
                                  00074e29         7   func ,l         2
FILE=sqrtf
                                  00074e30  00075055       226
  _sqrtf
                                  00074e30       1fa   func ,g         8
  __CommonCode@2
                                  0007502a         1   func ,l         2
  __CommonCode@3
                                  0007502b         4   func ,l         3
  __CommonCode@1
                                  0007502f         9   func ,l         2
  __CommonCode@0
                                  00075038        1e   func ,l         3
FILE=_REL_sincosfsub
                                  00075056  000752bf       26a
  __REL_poly_sinf
                                  00075056        a5   func ,g         4
  __CommonCode@4
                                  000750fb         c   func ,l         2
  __CommonCode@3
                                  00075107         f   func ,l         2
  __CommonCode@1
                                  00075116         f   func ,l         2
  __REL_poly_cosf
                                  00075125        6d   func ,g         4
  __CommonCode@5
                                  00075192         5   func ,l         6
  __CommonCode@2
                                  00075197         c   func ,l         2
  __CommonCode@0
                                  000751a3         5   func ,l         3
  __REL_poly_cosfn@1
                                  000751a8        14   func ,l         2
  __REL_poly_sinfn@1
                                  000751bc        12   func ,l         2
  __REL_internal_sincosf
                                  000751ce        f2   func ,g         3
FILE=fmodf
                                  000752c0  00075304        45
  _fmodf
                                  000752c0        3b   func ,g         1
  __CommonCode@0
                                  000752fb         a   func ,l         2
FILE=_REL_nanf_value
                                  00075305  00075309         5
  __REL_nanf_value
                                  00075305         5   func ,g         1
FILE=_REL_in_fmods
                                  0007530a  000754d0       1c7
  __REL_in_fmods
                                  0007530a       1a3   func ,g         1
  __CommonCode@2
                                  000754ad         7   func ,l         2
  __CommonCode@1
                                  000754b4         9   func ,l         2
  __CommonCode@0
                                  000754bd        14   func ,l         2

SECTION=.RLIB
FILE=memcpy
                                  000754d1  000754e1        11
  _memcpy
                                  000754d1         0   none ,g         1
FILE=_COM_dadd
                                  000754e2  0007572d       24c
  __COM_dadd
                                  00075539         0   none ,g         3
FILE=_COM_ddiv
                                  0007572e  000758f4       1c7
  __COM_ddiv
                                  00075763         0   none ,g         2
FILE=_COM_dmul
                                  000758f5  00075b36       242
  __COM_dmul
                                  00075944         0   none ,g         2
FILE=_COM_dsub
                                  00075b37  00075b46        10
  __COM_dsub
                                  00075b37         0   none ,g         2
FILE=_COM_dtof
                                  00075b47  00075bcd        87
  __COM_dtof
                                  00075b65         0   none ,g         2
FILE=_COM_dtoull
                                  00075bce  00075be6        19
  __COM_dtoull
                                  00075bce         0   none ,g         2
FILE=_COM_faddsub
                                  00075be7  00075d21       13b
  __COM_fsub
                                  00075c43         0   none ,g         4
  __COM_fadd
                                  00075c4b         0   none ,g        21
FILE=_COM_fdiv
                                  00075d22  00075e4f       12e
  __COM_fdiv
                                  00075d81         0   none ,g        22
FILE=_COM_feq
                                  00075e50  00075e65        16
  __COM_feq
                                  00075e50         0   none ,g         8
FILE=_COM_fge
                                  00075e66  00075e7b        16
  __COM_fge
                                  00075e66         0   none ,g        10
FILE=_COM_fgt
                                  00075e7c  00075e91        16
  __COM_fgt
                                  00075e7c         0   none ,g         2
FILE=_COM_fle
                                  00075e92  00075ea7        16
  __COM_fle
                                  00075e92         0   none ,g         2
FILE=_COM_flt
                                  00075ea8  00075ebd        16
  __COM_flt
                                  00075ea8         0   none ,g        18
FILE=_COM_fmul
                                  00075ebe  00075faa        ed
  __COM_fmul
                                  00075f09         0   none ,g        3f
FILE=_COM_fne
                                  00075fab  00075fbb        11
  __COM_fne
                                  00075fab         0   none ,g         3
FILE=_COM_ftod
                                  00075fbc  0007601b        60
  __COM_ftod
                                  00075fbc         0   none ,g         4
FILE=_COM_ftosl
                                  0007601c  00076023         8
  __COM_ftosl
                                  0007601c         0   none ,g         3
FILE=_COM_ftoul
                                  00076024  0007602f         c
  __COM_ftoul
                                  00076024         0   none ,g         8
FILE=_COM_funordered
                                  00076030  0007603a         b
  __COM_funordered
                                  00076030         0   none ,g        13
FILE=_COM_memcpy_ff
                                  0007603b  0007605b        21
  __COM_memcpy_ff
                                  0007603b         0   none ,g         2
FILE=_COM_sltof
                                  0007605c  00076073        18
  __COM_sltof
                                  0007605c         0   none ,g         3
FILE=_COM_ulltod
                                  00076074  0007607f         c
  __COM_ulltod
                                  00076074         0   none ,g         4
FILE=_COM_ultod
                                  00076080  00076088         9
  __COM_ultod
                                  00076080         0   none ,g         2
FILE=_COM_ultof
                                  00076089  0007608e         6
  __COM_ultof
                                  00076089         0   none ,g        1f
FILE=_COM_llmul
                                  0007608f  000760d8        4a
  __COM_llmul
                                  0007608f         0   none ,g         1
  __REL_llmul_addh
                                  000760c7         0   none ,g         2
FILE=_COM_llshr
                                  000760d9  00076177        9f
  __COM_llshr
                                  000760f2         0   none ,g         3
FILE=_COM_mulul
                                  00076178  000761d4        5d
  __COM_mulul
                                  00076178         0   none ,g         5
FILE=_REL_dtoll
                                  000761d5  00076230        5c
  __REL_dtoll
                                  000761d5         0   none ,g         1
FILE=_REL_d_check
                                  00076231  00076283        53
  __REL_d_check
                                  00076231         0   none ,g         3
FILE=_REL_d_inf
                                  00076284  00076291         e
  __REL_d_inf
                                  00076284         0   none ,g         a
FILE=_REL_d_round
                                  00076292  000762e6        55
  __REL_d_round
                                  00076292         0   none ,g         4
FILE=_REL_d_shl11
                                  000762e7  00076313        2d
  __REL_d_shl11
                                  000762e7         0   none ,g         4
FILE=_REL_fcmp
                                  00076314  0007634b        38
  __REL_fcmp
                                  00076314         0   none ,g         5
FILE=_REL_fordered_core
                                  0007634c  00076367        1c
  __REL_fordered_core
                                  0007634c         0   none ,g         6
FILE=_REL_ftol
                                  00076368  0007639c        35
  __REL_ftol
                                  00076368         0   none ,g         2
FILE=_REL_f_inf
                                  0007639d  000763a4         8
  __REL_f_inf
                                  0007639d         0   none ,g         6
FILE=_REL_f_norm
                                  000763a5  000763b4        10
  __REL_f_norm
                                  000763a5         0   none ,g         3
FILE=_REL_f_round
                                  000763b5  000763c7        13
  __REL_f_round
                                  000763b5         0   none ,g         5
FILE=_REL_lltod
                                  000763c8  00076406        3f
  __REL_lltod
                                  000763c8         0   none ,g         1
FILE=_REL_ltod
                                  00076407  00076457        51
  __REL_ltod
                                  00076407         0   none ,g         1
FILE=_REL_ltof
                                  00076458  000764a1        4a
  __REL_ltof
                                  00076458         0   none ,g         2
FILE=_REL_ltosl
                                  000764a2  000764c6        25
  __REL_ltosl
                                  000764a2         0   none ,g         1
FILE=_COM_llshl
                                  000764c7  00076569        a3
  __COM_llshl
                                  000764e0         0   none ,g         1
FILE=_COM_lmul
                                  0007656a  00076584        1b
  __COM_lmul
                                  0007656a         0   none ,g         2
FILE=_COM_lshr
                                  00076585  000765a5        21
  __COM_lshr
                                  0007658f         0   none ,g         2
FILE=_COM_mului
                                  000765a6  000765a9         4
  __COM_mului
                                  000765a6         0   none ,g         4
FILE=_COM_slltof
                                  000765aa  000765c1        18
  __COM_slltof
                                  000765aa         0   none ,g         1
FILE=_REL_dtol
                                  000765c2  0007660b        4a
  __REL_dtol
                                  000765c2         0   none ,g         1
FILE=_REL_setexp_ll
                                  0007660c  00076655        4a
  __REL_setexp_ll
                                  0007660c         0   none ,g         2
FILE=_REL_shrcom
                                  00076656  000766b5        60
  __REL_shr00
                                  00076656         0   none ,g         3
  __REL_shr01
                                  0007665c         0   none ,l         0
  __REL_shr02
                                  00076662         0   none ,l         0
  __REL_shr03
                                  00076668         0   none ,l         0
  __REL_shr04
                                  0007666e         0   none ,l         0
  __REL_shr05
                                  00076674         0   none ,l         0
  __REL_shr06
                                  0007667a         0   none ,l         0
  __REL_shr07
                                  00076680         0   none ,l         0
  __REL_shr08
                                  00076686         0   none ,l         0
  __REL_shr09
                                  0007668c         0   none ,l         0
  __REL_shr10
                                  00076692         0   none ,l         0
  __REL_shr11
                                  00076698         0   none ,l         0
  __REL_shr12
                                  0007669e         0   none ,l         0
  __REL_shr13
                                  000766a4         0   none ,l         0
  __REL_shr14
                                  000766aa         0   none ,l         0
  __REL_shr15
                                  000766b0         0   none ,l         0
FILE=_REL_llrev
                                  000766b6  000766d5        20
  __REL_llrev
                                  000766b6         0   none ,g         1
FILE=_REL_lltof
                                  000766d6  00076732        5d
  __REL_lltof
                                  000766d6         0   none ,g         1
FILE=_REL_shlcom
                                  00076733  00076792        60
  __REL_shl00
                                  00076733         0   none ,g         3
  __REL_shl01
                                  00076739         0   none ,l         0
  __REL_shl02
                                  0007673f         0   none ,l         0
  __REL_shl03
                                  00076745         0   none ,l         0
  __REL_shl04
                                  0007674b         0   none ,l         0
  __REL_shl05
                                  00076751         0   none ,l         0
  __REL_shl06
                                  00076757         0   none ,l         0
  __REL_shl07
                                  0007675d         0   none ,l         0
  __REL_shl08
                                  00076763         0   none ,l         0
  __REL_shl09
                                  00076769         0   none ,l         0
  __REL_shl10
                                  0007676f         0   none ,l         0
  __REL_shl11
                                  00076775         0   none ,l         0
  __REL_shl12
                                  0007677b         0   none ,l         0
  __REL_shl13
                                  00076781         0   none ,l         0
  __REL_shl14
                                  00076787         0   none ,l         0
  __REL_shl15
                                  0007678d         0   none ,l         0

SECTION=EMTextI_f
FILE=Release\em_call_linking.obj
                                  00076793  000769b0       21e
  _EM_ForceLinking
                                  00076793        88   func ,g         1  ch
  _EM_TIMER_Init
                                  0007681b         f   func ,g         1
  _EM_TIMER_Start
                                  0007682a         f   func ,g         1
  _EM_TIMER_Stop
                                  00076839         f   func ,g         3
  _EM_WDT_Init
                                  00076848         f   func ,g         1
  _EM_WDT_Start
                                  00076857         f   func ,g         1
  _EM_WDT_Stop
                                  00076866         f   func ,g         2
  _EM_WDT_Restart
                                  00076875         f   func ,g         3
  _EM_MCU_Delay
                                  00076884        11   func ,g         0
  _EM_MCU_MultipleInterruptEnable
                                  00076895        11   func ,g         1
  _EM_ADC_Init
                                  000768a6         f   func ,g         1
  _EM_ADC_Start
                                  000768b5         f   func ,g         1
  _EM_ADC_Stop
                                  000768c4         f   func ,g         3
  _EM_ADC_GainPhaseReset
                                  000768d3        11   func ,g         1
  _EM_ADC_GainPhaseIncrease
                                  000768e4        11   func ,g         3
  _EM_ADC_GainPhaseDecrease
                                  000768f5        11   func ,g         3
  _EM_ADC_GainPhaseGetLevel
                                  00076906        11   func ,g         4
  _EM_ADC_SetPhaseCorrection
                                  00076917        11   func ,g         4
  _EM_ADC_SAMP_UpdateStep
                                  00076928        11   func ,g         1
  _EM_PULSE_Init
                                  00076939         f   func ,g         1
  _EM_PULSE_ACTIVE_On
                                  00076948         f   func ,g         1
  _EM_PULSE_ACTIVE_Off
                                  00076957         f   func ,g         3
  _EM_PULSE_REACTIVE_On
                                  00076966         f   func ,g         1
  _EM_PULSE_REACTIVE_Off
                                  00076975         f   func ,g         3
  _EM_PULSE_APPARENT_On
                                  00076984         f   func ,g         1
  _EM_PULSE_APPARENT_Off
                                  00076993         f   func ,g         3
  _EM_SW_GetProperty
                                  000769a2         f   func ,g         1

SECTION=EMText_f
FILE=Release\em_cstart.obj
                                  000769b1  000769d6        26
  _em_cstart
                                  000769b1         0   none ,g         0
FILE=em_calibration
                                  000769d7  0007729a       8c4
  _EM_CalculatePowerNoLoadThreshold@1
                                  000769d7         e   func ,l         2  ch
  _EM_UpdateThresholdAndNoLoad@1
                                  000769e5        1f   func ,l         3
  _EM_UpdatePhaseCompensationArray@1
                                  00076a04        43   func ,l         3
  _EM_UpdateGainArray@1
                                  00076a47        d6   func ,l         3  ch
  _EM_CalculateSampleThresholdOfPeakRms@1
                                  00076b1d        31   func ,l         4  ch
  _EM_UpdateSagSwellThreshold@1
                                  00076b4e        4a   func ,l         3
  _EM_CalculateRMSThreshold@1
                                  00076b98        13   func ,l         7  ch
  _EM_GetCalibInfo
                                  00076bab         a   func ,g         1  ch
  _EM_SetCalibInfo
                                  00076bb5       6e6   func ,g         2  ch
FILE=em_measurement
                                  0007729b  000782f1      1057
  _em_calculate_power
                                  0007729b        27   func ,g         3  ch
  _em_calculate_rms_nogain
                                  000772c2        32   func ,g         2  ch
  _em_calculate_rms_withgain
                                  000772f4        7a   func ,g         1  ch
  _em_calculate_line_frequency
                                  0007736e        44   func ,g         1  ch
  _em_calculate_thd_rms
                                  000773b2        83   func ,g         0  ch
  _em_check_and_mask_calculated_total_power
                                  00077435        50   func ,g         2  ch
  _EM_GetPhaseAngleRtoY
                                  00077485         7   func ,g         1
  _EM_GetPhaseAngleYtoB
                                  0007748c         7   func ,g         1
  _EM_GetPhaseAngleBtoR
                                  00077493         7   func ,g         1
  _EM_GetActivePower
                                  0007749a        95   func ,g         7  ch
  _EM_GetFundamentalActivePower
                                  0007752f         3   func ,g         1
  _EM_GetReactivePower
                                  00077532        95   func ,g         3  ch
  _EM_GetApparentPower
                                  000775c7        78   func ,g         3  ch
  _EM_OneEnergyDataToEnergyValue
                                  0007763f       138   func ,g         8  ch
  _EM_OneEnergyValueToEnergyData
                                  00077777       13f   func ,g         8  ch
  _EM_AddOneEnergyData
                                  000778b6        82   func ,g         8
  _EM_EnergyDataToEnergyValue
                                  00077938       16f   func ,g         0  ch
  _EM_EnergyValueToEnergyData
                                  00077aa7       170   func ,g         0  ch
  _EM_AddEnergyData
                                  00077c17        b7   func ,g         0
  _EM_GetVoltageRMS
                                  00077cce        78   func ,g         2  ch
  _EM_GetCurrentRMS
                                  00077d46        a4   func ,g         6  ch
  _EM_GetFundamentalVoltageRMS
                                  00077dea         3   func ,g         1
  _EM_GetFundamentalCurrentRMS
                                  00077ded         3   func ,g         1
  _EM_GetPowerFactor
                                  00077df0        b1   func ,g         2  ch
  _EM_GetPowerFactorSign
                                  00077ea1        51   func ,g         1  ch
  _EM_GetLineFrequency
                                  00077ef2       127   func ,g         6  ch
  _EM_GetPhaseCurrentSumVector
                                  00078019       280   func ,g         0  ch
  _EM_GetVoltageTHD
                                  00078299         3   func ,g         1
  _EM_GetCurrentTHD
                                  0007829c         3   func ,g         1
  _EM_GetActivePowerTHD
                                  0007829f         3   func ,g         1
  _EM_GetCurrentPhaseAngle
                                  000782a2        50   func ,g         1
FILE=em_operation
                                  000782f2  00078d7a       a89
  _EM_Memset
                                  000782f2        20   func ,g         2
  _EM_Round
                                  00078312        ee   func ,g         8  ch
  _EM_InitData
                                  00078400        53   func ,g         1
  _EM_Init
                                  00078453       407   func ,g         1  ch
  _EM_Start
                                  0007885a        cd   func ,g         1  ch
  _EM_Stop
                                  00078927        35   func ,g         1  ch
  _EM_GetSystemState
                                  0007895c         4   func ,g         1
  _EM_GetStatus
                                  00078960         4   func ,g         1
  _EM_GetEnergyAccumulationMode
                                  00078964         4   func ,g         0
  _EM_SetEnergyAccumulationMode
                                  00078968         a   func ,g         0
  _EM_SetEnergyAccumulationPower
                                  00078972        6c   func ,g         1  ch
  _EM_GetOperationData
                                  000789de       12c   func ,g         0
  _EM_SetOperationData
                                  00078b0a       1ce   func ,g         0
  _EM_AccMode_Run
                                  00078cd8        4e   func ,g         0
  _EM_AccMode_CheckStatus
                                  00078d26        20   func ,g         0
  _EM_AccMode_GetAccumulator
                                  00078d46        35   func ,g         0  ch
FILE=em_shared
                                  00078d7b  00078d86         c
  _EM_TIMER_InterruptCallback
                                  00078d7b         c   func ,g         1  ch
FILE=em_sw
                                  00078d87  000799c2       c3c
  _EM_SoftwareUpdateIrmsNoLoadAndValue
                                  00078d87       132   func ,g         6  ch
  _EM_SoftwareUpdatePowerAccumulation
                                  00078eb9       172   func ,g         3  ch
  _EM_SofwareCalculateEnergyAccumulationStep
                                  0007902b        3b   func ,g         3  ch
  _EM_SoftwareFindPowerQuadrant
                                  00079066        2d   func ,g         1
  _EM_SoftwareAccumulationProcessingRoutine
                                  00079093        b5   func ,g         1  ch
  _EM_SoftwareEnergyAndPulseAccumulationRoutine
                                  00079148       6b4   func ,g         1  ch
  _EM_ADC_IntervalProcessing
                                  000797fc        86   func ,g         1  ch
  _EM_ADC_AccMode_IntervalProcessing
                                  00079882       141   func ,g         0
FILE=em_sw_internal
                                  000799c3  00079c4a       288
  _em_calculate_and_update_phase_angle@1
                                  000799c3        7c   func ,l         2  ch
  _EM_SoftwareCalculateRawPf
                                  00079a3f        43   func ,g         3  ch
  _EM_SoftwareUpdatePhaseShift90
                                  00079a82        22   func ,g         1  ch
  _EM_SoftwareUpdateSagSwellDetection
                                  00079aa4        48   func ,g         6  ch
  _EM_SoftwareUpdatePhaseVoltageAngle
                                  00079aec        4c   func ,g         3
  _EM_SoftwareUpdatePhaseCurrentAngle
                                  00079b38        88   func ,g         6
  _EM_SoftwareGetAccumulatorValue
                                  00079bc0         8   func ,g        10  ch
  _EM_SoftwareGetDefaultNumberOfSample
                                  00079bc8        2e   func ,g         1  ch
  _EM_SoftwareVoltageAngleAccumulate
                                  00079bf6        1d   func ,g         1
  _EM_SoftwareCurrentAngleAccumulate
                                  00079c13        38   func ,g         1
FILE=em_sw_neutral
                                  00079c4b  00079ec5       27b
  _EM_SoftwareUpdatePhaseCompensation_Neutral
                                  00079c4b        37   func ,g         1  ch
  _EM_SoftwareAccumulationProcessingRoutine_Neutral
                                  00079c82        9c   func ,g         1  ch
  _EM_SoftwareSamplingRoutine_Neutral
                                  00079d1e       1a8   func ,g         1
FILE=em_sw_phase_b
                                  00079ec6  0007a672       7ad
  _EM_SoftwareGainSwitch_Phase_B
                                  00079ec6        b6   func ,g         1  ch
  _EM_SoftwareUpdatePhaseCompensation_Phase_B
                                  00079f7c        20   func ,g         2  ch
  _EM_SoftwareSagSwell_Phase_B
                                  00079f9c       142   func ,g         1
  _EM_SoftwareAccumulationProcessingRoutine_Phase_B
                                  0007a0de       19f   func ,g         1  ch
  _EM_SoftwareSamplingRoutine_Phase_B
                                  0007a27d       3f6   func ,g         1
FILE=em_sw_phase_r
                                  0007a673  0007ae16       7a4
  _EM_SoftwareGainSwitch_Phase_R
                                  0007a673        b3   func ,g         1  ch
  _EM_SoftwareUpdatePhaseCompensation_Phase_R
                                  0007a726        1f   func ,g         2  ch
  _EM_SoftwareSagSwell_Phase_R
                                  0007a745       142   func ,g         1
  _EM_SoftwareAccumulationProcessingRoutine_Phase_R
                                  0007a887       19a   func ,g         1  ch
  _EM_SoftwareSamplingRoutine_Phase_R
                                  0007aa21       3f6   func ,g         1
FILE=em_sw_phase_y
                                  0007ae17  0007b5be       7a8
  _EM_SoftwareGainSwitch_Phase_Y
                                  0007ae17        b3   func ,g         1  ch
  _EM_SoftwareUpdatePhaseCompensation_Phase_Y
                                  0007aeca        1f   func ,g         2  ch
  _EM_SoftwareSagSwell_Phase_Y
                                  0007aee9       142   func ,g         1
  _EM_SoftwareAccumulationProcessingRoutine_Phase_Y
                                  0007b02b       19e   func ,g         1  ch
  _EM_SoftwareSamplingRoutine_Phase_Y
                                  0007b1c9       3f6   func ,g         1
FILE=em_accumulation
                                  0007b5bf  0007b5d0        12
  _EM_ACC24_GetFloatValue
                                  0007b5bf        12   func ,g         1  ch

SECTION=.monitor2
FILE=rlink_generates_02
                                  0007fe00  0007ffff       200

SECTION=.dataR
FILE=sqrtf
                                  000f8700  000f870d         e
  _cf1S@1
                                  000f8700         e   data ,l         7
FILE=errno
                                  000f870e  000f870f         2
  _errno
                                  000f870e         2   data ,g         7
FILE=_REL_sincosfsub
                                  000f8710  000f871f        10
  _sub_table@4
                                  000f8710        10   data ,l         1

SECTION=.bss
FILE=em_systemdata
                                  000f8720  000f8c87       568
  _g_system
                                  000f8720       566   data ,g       86a
    struct tagEMSystem {
                                                 566
      _g_system.sw_sys
                                  000f8720       486
    struct  {
                                                 486
      _g_system.sw_sys.data
                                  000f8720       41c
    struct tagEMSoftwareProcessingData {
                                                 41c
      _g_system.sw_sys.data.sample
                                  000f8720        42
    struct tagEMSamples {
                                                  42
      _g_system.sw_sys.data.sample.phase_r
                                  000f8720        14
    struct  {
                                                  14
      _g_system.sw_sys.data.sample.phase_r.i
                                  000f8720         4   signed long
      _g_system.sw_sys.data.sample.phase_r.v
                                  000f8724         4   signed long
      _g_system.sw_sys.data.sample.phase_r.v90
                                  000f8728         4   signed long
      _g_system.sw_sys.data.sample.phase_r.i_fund
                                  000f872c         4   signed long
      _g_system.sw_sys.data.sample.phase_r.v_fund
                                  000f8730         4   signed long
    }
      _g_system.sw_sys.data.sample.phase_y
                                  000f8734        14
    struct  {
                                                  14
      _g_system.sw_sys.data.sample.phase_y.i
                                  000f8734         4   signed long
      _g_system.sw_sys.data.sample.phase_y.v
                                  000f8738         4   signed long
      _g_system.sw_sys.data.sample.phase_y.v90
                                  000f873c         4   signed long
      _g_system.sw_sys.data.sample.phase_y.i_fund
                                  000f8740         4   signed long
      _g_system.sw_sys.data.sample.phase_y.v_fund
                                  000f8744         4   signed long
    }
      _g_system.sw_sys.data.sample.phase_b
                                  000f8748        14
    struct  {
                                                  14
      _g_system.sw_sys.data.sample.phase_b.i
                                  000f8748         4   signed long
      _g_system.sw_sys.data.sample.phase_b.v
                                  000f874c         4   signed long
      _g_system.sw_sys.data.sample.phase_b.v90
                                  000f8750         4   signed long
      _g_system.sw_sys.data.sample.phase_b.i_fund
                                  000f8754         4   signed long
      _g_system.sw_sys.data.sample.phase_b.v_fund
                                  000f8758         4   signed long
    }
      _g_system.sw_sys.data.sample.neutral
                                  000f875c         4
    struct  {
                                                   4
      _g_system.sw_sys.data.sample.neutral.i
                                  000f875c         4   signed long
    }
      _g_system.sw_sys.data.sample.status
                                  000f8760         2
    struct  {
                                                   2
      _g_system.sw_sys.data.sample.status.fund_sequence
                                  000f8760         1   enum tagEMFundSequence
      _g_system.sw_sys.data.sample.status.reserved
                                  000f8761         1   unsigned char
    }
    }
      _g_system.sw_sys.data.rms_value_nogain
                                  000f8762        60
    struct  {
                                                  60
      _g_system.sw_sys.data.rms_value_nogain.phase_r
                                  000f8762        18
    struct tagEMRMSDataNoGain {
                                                  18
      _g_system.sw_sys.data.rms_value_nogain.phase_r.vrms
                                  000f8762        18
    struct tagEMRMSAccumulator {
                                                  18
      _g_system.sw_sys.data.rms_value_nogain.phase_r.vrms.acc
                                  000f8762         8   signed long long
      _g_system.sw_sys.data.rms_value_nogain.phase_r.vrms.storage
                                  000f876a         8   signed long long
      _g_system.sw_sys.data.rms_value_nogain.phase_r.vrms.storage_creep
                                  000f8772         8   signed long long
    }
    }
      _g_system.sw_sys.data.rms_value_nogain.phase_y
                                  000f877a        18
    struct tagEMRMSDataNoGain {
                                                  18
      _g_system.sw_sys.data.rms_value_nogain.phase_y.vrms
                                  000f877a        18
    struct tagEMRMSAccumulator {
                                                  18
      _g_system.sw_sys.data.rms_value_nogain.phase_y.vrms.acc
                                  000f877a         8   signed long long
      _g_system.sw_sys.data.rms_value_nogain.phase_y.vrms.storage
                                  000f8782         8   signed long long
      _g_system.sw_sys.data.rms_value_nogain.phase_y.vrms.storage_creep
                                  000f878a         8   signed long long
    }
    }
      _g_system.sw_sys.data.rms_value_nogain.phase_b
                                  000f8792        18
    struct tagEMRMSDataNoGain {
                                                  18
      _g_system.sw_sys.data.rms_value_nogain.phase_b.vrms
                                  000f8792        18
    struct tagEMRMSAccumulator {
                                                  18
      _g_system.sw_sys.data.rms_value_nogain.phase_b.vrms.acc
                                  000f8792         8   signed long long
      _g_system.sw_sys.data.rms_value_nogain.phase_b.vrms.storage
                                  000f879a         8   signed long long
      _g_system.sw_sys.data.rms_value_nogain.phase_b.vrms.storage_creep
                                  000f87a2         8   signed long long
    }
    }
      _g_system.sw_sys.data.rms_value_nogain.neutral
                                  000f87aa        18
    struct  {
                                                  18
      _g_system.sw_sys.data.rms_value_nogain.neutral.irms
                                  000f87aa        18
    struct tagEMRMSAccumulator {
                                                  18
      _g_system.sw_sys.data.rms_value_nogain.neutral.irms.acc
                                  000f87aa         8   signed long long
      _g_system.sw_sys.data.rms_value_nogain.neutral.irms.storage
                                  000f87b2         8   signed long long
      _g_system.sw_sys.data.rms_value_nogain.neutral.irms.storage_creep
                                  000f87ba         8   signed long long
    }
    }
    }
      _g_system.sw_sys.data.rms_value_withgain
                                  000f87c2        90
    struct  {
                                                  90
      _g_system.sw_sys.data.rms_value_withgain.phase_r
                                  000f87c2        30
    struct tagEMRMSDataWithGain {
                                                  18
      _g_system.sw_sys.data.rms_value_withgain.phase_r.irms
                                  000f87c2        18
    struct tagEMRMSAccumulator {
                                                  18
      _g_system.sw_sys.data.rms_value_withgain.phase_r.irms.acc
                                  000f87c2         8   signed long long
      _g_system.sw_sys.data.rms_value_withgain.phase_r.irms.storage
                                  000f87ca         8   signed long long
      _g_system.sw_sys.data.rms_value_withgain.phase_r.irms.storage_creep
                                  000f87d2         8   signed long long
    }
    }
      _g_system.sw_sys.data.rms_value_withgain.phase_y
                                  000f87f2        30
    struct tagEMRMSDataWithGain {
                                                  18
      _g_system.sw_sys.data.rms_value_withgain.phase_y.irms
                                  000f87f2        18
    struct tagEMRMSAccumulator {
                                                  18
      _g_system.sw_sys.data.rms_value_withgain.phase_y.irms.acc
                                  000f87f2         8   signed long long
      _g_system.sw_sys.data.rms_value_withgain.phase_y.irms.storage
                                  000f87fa         8   signed long long
      _g_system.sw_sys.data.rms_value_withgain.phase_y.irms.storage_creep
                                  000f8802         8   signed long long
    }
    }
      _g_system.sw_sys.data.rms_value_withgain.phase_b
                                  000f8822        30
    struct tagEMRMSDataWithGain {
                                                  18
      _g_system.sw_sys.data.rms_value_withgain.phase_b.irms
                                  000f8822        18
    struct tagEMRMSAccumulator {
                                                  18
      _g_system.sw_sys.data.rms_value_withgain.phase_b.irms.acc
                                  000f8822         8   signed long long
      _g_system.sw_sys.data.rms_value_withgain.phase_b.irms.storage
                                  000f882a         8   signed long long
      _g_system.sw_sys.data.rms_value_withgain.phase_b.irms.storage_creep
                                  000f8832         8   signed long long
    }
    }
    }
      _g_system.sw_sys.data.power1acc
                                  000f8852        c0
    struct  {
                                                  c0
      _g_system.sw_sys.data.power1acc.phase_r
                                  000f8852        40
    struct tagEMPower1xAccumulator {
                                                  20
      _g_system.sw_sys.data.power1acc.phase_r.active
                                  000f8852        10
    struct tagEMPowerAccumulator {
                                                  10
      _g_system.sw_sys.data.power1acc.phase_r.active.acc
                                  000f8852         8   signed long long
      _g_system.sw_sys.data.power1acc.phase_r.active.storage
                                  000f885a         8   signed long long
    }
      _g_system.sw_sys.data.power1acc.phase_r.reactive
                                  000f8862        10
    struct tagEMPowerAccumulator {
                                                  10
      _g_system.sw_sys.data.power1acc.phase_r.reactive.acc
                                  000f8862         8   signed long long
      _g_system.sw_sys.data.power1acc.phase_r.reactive.storage
                                  000f886a         8   signed long long
    }
    }
      _g_system.sw_sys.data.power1acc.phase_y
                                  000f8892        40
    struct tagEMPower1xAccumulator {
                                                  20
      _g_system.sw_sys.data.power1acc.phase_y.active
                                  000f8892        10
    struct tagEMPowerAccumulator {
                                                  10
      _g_system.sw_sys.data.power1acc.phase_y.active.acc
                                  000f8892         8   signed long long
      _g_system.sw_sys.data.power1acc.phase_y.active.storage
                                  000f889a         8   signed long long
    }
      _g_system.sw_sys.data.power1acc.phase_y.reactive
                                  000f88a2        10
    struct tagEMPowerAccumulator {
                                                  10
      _g_system.sw_sys.data.power1acc.phase_y.reactive.acc
                                  000f88a2         8   signed long long
      _g_system.sw_sys.data.power1acc.phase_y.reactive.storage
                                  000f88aa         8   signed long long
    }
    }
      _g_system.sw_sys.data.power1acc.phase_b
                                  000f88d2        40
    struct tagEMPower1xAccumulator {
                                                  20
      _g_system.sw_sys.data.power1acc.phase_b.active
                                  000f88d2        10
    struct tagEMPowerAccumulator {
                                                  10
      _g_system.sw_sys.data.power1acc.phase_b.active.acc
                                  000f88d2         8   signed long long
      _g_system.sw_sys.data.power1acc.phase_b.active.storage
                                  000f88da         8   signed long long
    }
      _g_system.sw_sys.data.power1acc.phase_b.reactive
                                  000f88e2        10
    struct tagEMPowerAccumulator {
                                                  10
      _g_system.sw_sys.data.power1acc.phase_b.reactive.acc
                                  000f88e2         8   signed long long
      _g_system.sw_sys.data.power1acc.phase_b.reactive.storage
                                  000f88ea         8   signed long long
    }
    }
    }
      _g_system.sw_sys.data.phase_compensation
                                  000f8912        24
    struct  {
                                                  24
      _g_system.sw_sys.data.phase_compensation.phase_r
                                  000f8912         c
    struct  {
                                                   c
      _g_system.sw_sys.data.phase_compensation.phase_r.active_degree
                                  000f8912         4   float
      _g_system.sw_sys.data.phase_compensation.phase_r.phase_degree
                                  000f8916         8   float
    }
      _g_system.sw_sys.data.phase_compensation.phase_y
                                  000f891e         c
    struct  {
                                                   c
      _g_system.sw_sys.data.phase_compensation.phase_y.active_degree
                                  000f891e         4   float
      _g_system.sw_sys.data.phase_compensation.phase_y.phase_degree
                                  000f8922         8   float
    }
      _g_system.sw_sys.data.phase_compensation.phase_b
                                  000f892a         c
    struct  {
                                                   c
      _g_system.sw_sys.data.phase_compensation.phase_b.active_degree
                                  000f892a         4   float
      _g_system.sw_sys.data.phase_compensation.phase_b.phase_degree
                                  000f892e         8   float
    }
    }
      _g_system.sw_sys.data.gain
                                  000f8936        48
    struct  {
                                                  48
      _g_system.sw_sys.data.gain.phase_r
                                  000f8936        18
    struct tagEMSWGainPhase {
                                                  18
      _g_system.sw_sys.data.gain.phase_r.i_peak
                                  000f8936         4   signed long
      _g_system.sw_sys.data.gain.phase_r.i_upper_threshold
                                  000f893a         4   signed long
      _g_system.sw_sys.data.gain.phase_r.i_lower_threshold
                                  000f893e         4   signed long
      _g_system.sw_sys.data.gain.phase_r.i_peak_count
                                  000f8942         2   signed short
      _g_system.sw_sys.data.gain.phase_r.i_gain_sign
                                  000f8944         1   signed char
      _g_system.sw_sys.data.gain.phase_r.i_active_gain_level
                                  000f8945         1   unsigned char
      _g_system.sw_sys.data.gain.phase_r.i_gvalue
                                  000f8946         8   float
    }
      _g_system.sw_sys.data.gain.phase_y
                                  000f894e        18
    struct tagEMSWGainPhase {
                                                  18
      _g_system.sw_sys.data.gain.phase_y.i_peak
                                  000f894e         4   signed long
      _g_system.sw_sys.data.gain.phase_y.i_upper_threshold
                                  000f8952         4   signed long
      _g_system.sw_sys.data.gain.phase_y.i_lower_threshold
                                  000f8956         4   signed long
      _g_system.sw_sys.data.gain.phase_y.i_peak_count
                                  000f895a         2   signed short
      _g_system.sw_sys.data.gain.phase_y.i_gain_sign
                                  000f895c         1   signed char
      _g_system.sw_sys.data.gain.phase_y.i_active_gain_level
                                  000f895d         1   unsigned char
      _g_system.sw_sys.data.gain.phase_y.i_gvalue
                                  000f895e         8   float
    }
      _g_system.sw_sys.data.gain.phase_b
                                  000f8966        18
    struct tagEMSWGainPhase {
                                                  18
      _g_system.sw_sys.data.gain.phase_b.i_peak
                                  000f8966         4   signed long
      _g_system.sw_sys.data.gain.phase_b.i_upper_threshold
                                  000f896a         4   signed long
      _g_system.sw_sys.data.gain.phase_b.i_lower_threshold
                                  000f896e         4   signed long
      _g_system.sw_sys.data.gain.phase_b.i_peak_count
                                  000f8972         2   signed short
      _g_system.sw_sys.data.gain.phase_b.i_gain_sign
                                  000f8974         1   signed char
      _g_system.sw_sys.data.gain.phase_b.i_active_gain_level
                                  000f8975         1   unsigned char
      _g_system.sw_sys.data.gain.phase_b.i_gvalue
                                  000f8976         8   float
    }
    }
      _g_system.sw_sys.data.sag_swell
                                  000f897e        54
    struct  {
                                                  54
      _g_system.sw_sys.data.sag_swell.phase_r
                                  000f897e        1c
    struct tagEMSWSagSwell {
                                                  1c
      _g_system.sw_sys.data.sag_swell.phase_r.v_peak
                                  000f897e         4   signed long
      _g_system.sw_sys.data.sag_swell.phase_r.v_sag_rms_rise_threshold
                                  000f8982         4   signed long
      _g_system.sw_sys.data.sag_swell.phase_r.v_sag_rms_fall_threshold
                                  000f8986         4   signed long
      _g_system.sw_sys.data.sag_swell.phase_r.v_swell_rms_rise_threshold
                                  000f898a         4   signed long
      _g_system.sw_sys.data.sag_swell.phase_r.v_swell_rms_fall_threshold
                                  000f898e         4   signed long
      _g_system.sw_sys.data.sag_swell.phase_r.v_sag_half_cycle_count
                                  000f8992         2   unsigned short
      _g_system.sw_sys.data.sag_swell.phase_r.v_swell_half_cycle_count
                                  000f8994         2   unsigned short
      _g_system.sw_sys.data.sag_swell.phase_r.v_sag_sample_count
                                  000f8996         2   unsigned short
      _g_system.sw_sys.data.sag_swell.phase_r.v_sag_detection_num_of_samples
                                  000f8998         2   unsigned short
    }
      _g_system.sw_sys.data.sag_swell.phase_y
                                  000f899a        1c
    struct tagEMSWSagSwell {
                                                  1c
      _g_system.sw_sys.data.sag_swell.phase_y.v_peak
                                  000f899a         4   signed long
      _g_system.sw_sys.data.sag_swell.phase_y.v_sag_rms_rise_threshold
                                  000f899e         4   signed long
      _g_system.sw_sys.data.sag_swell.phase_y.v_sag_rms_fall_threshold
                                  000f89a2         4   signed long
      _g_system.sw_sys.data.sag_swell.phase_y.v_swell_rms_rise_threshold
                                  000f89a6         4   signed long
      _g_system.sw_sys.data.sag_swell.phase_y.v_swell_rms_fall_threshold
                                  000f89aa         4   signed long
      _g_system.sw_sys.data.sag_swell.phase_y.v_sag_half_cycle_count
                                  000f89ae         2   unsigned short
      _g_system.sw_sys.data.sag_swell.phase_y.v_swell_half_cycle_count
                                  000f89b0         2   unsigned short
      _g_system.sw_sys.data.sag_swell.phase_y.v_sag_sample_count
                                  000f89b2         2   unsigned short
      _g_system.sw_sys.data.sag_swell.phase_y.v_sag_detection_num_of_samples
                                  000f89b4         2   unsigned short
    }
      _g_system.sw_sys.data.sag_swell.phase_b
                                  000f89b6        1c
    struct tagEMSWSagSwell {
                                                  1c
      _g_system.sw_sys.data.sag_swell.phase_b.v_peak
                                  000f89b6         4   signed long
      _g_system.sw_sys.data.sag_swell.phase_b.v_sag_rms_rise_threshold
                                  000f89ba         4   signed long
      _g_system.sw_sys.data.sag_swell.phase_b.v_sag_rms_fall_threshold
                                  000f89be         4   signed long
      _g_system.sw_sys.data.sag_swell.phase_b.v_swell_rms_rise_threshold
                                  000f89c2         4   signed long
      _g_system.sw_sys.data.sag_swell.phase_b.v_swell_rms_fall_threshold
                                  000f89c6         4   signed long
      _g_system.sw_sys.data.sag_swell.phase_b.v_sag_half_cycle_count
                                  000f89ca         2   unsigned short
      _g_system.sw_sys.data.sag_swell.phase_b.v_swell_half_cycle_count
                                  000f89cc         2   unsigned short
      _g_system.sw_sys.data.sag_swell.phase_b.v_sag_sample_count
                                  000f89ce         2   unsigned short
      _g_system.sw_sys.data.sag_swell.phase_b.v_sag_detection_num_of_samples
                                  000f89d0         2   unsigned short
    }
    }
      _g_system.sw_sys.data.acc_controller
                                  000f89d2        2e
    struct  {
                                                  2e
      _g_system.sw_sys.data.acc_controller.phase_r
                                  000f89d2         c
    struct tagEMAccControllerPhase {
                                                   c
      _g_system.sw_sys.data.acc_controller.phase_r.number_of_cycle_acc
                                  000f89d2         1   unsigned char
      _g_system.sw_sys.data.acc_controller.phase_r.number_of_cycle
                                  000f89d3         1   unsigned char
      _g_system.sw_sys.data.acc_controller.phase_r.number_of_sample_acc
                                  000f89d4         2   unsigned short
      _g_system.sw_sys.data.acc_controller.phase_r.number_of_sample
                                  000f89d6         2   unsigned short
      _g_system.sw_sys.data.acc_controller.phase_r.current_number_of_cycle_acc
                                  000f89d8         1   unsigned char
      _g_system.sw_sys.data.acc_controller.phase_r.current_number_of_cycle
                                  000f89d9         1   unsigned char
      _g_system.sw_sys.data.acc_controller.phase_r.current_number_of_sample_acc
                                  000f89da         2   unsigned short
      _g_system.sw_sys.data.acc_controller.phase_r.current_number_of_sample
                                  000f89dc         2   unsigned short
    }
      _g_system.sw_sys.data.acc_controller.phase_y
                                  000f89de         c
    struct tagEMAccControllerPhase {
                                                   c
      _g_system.sw_sys.data.acc_controller.phase_y.number_of_cycle_acc
                                  000f89de         1   unsigned char
      _g_system.sw_sys.data.acc_controller.phase_y.number_of_cycle
                                  000f89df         1   unsigned char
      _g_system.sw_sys.data.acc_controller.phase_y.number_of_sample_acc
                                  000f89e0         2   unsigned short
      _g_system.sw_sys.data.acc_controller.phase_y.number_of_sample
                                  000f89e2         2   unsigned short
      _g_system.sw_sys.data.acc_controller.phase_y.current_number_of_cycle_acc
                                  000f89e4         1   unsigned char
      _g_system.sw_sys.data.acc_controller.phase_y.current_number_of_cycle
                                  000f89e5         1   unsigned char
      _g_system.sw_sys.data.acc_controller.phase_y.current_number_of_sample_acc
                                  000f89e6         2   unsigned short
      _g_system.sw_sys.data.acc_controller.phase_y.current_number_of_sample
                                  000f89e8         2   unsigned short
    }
      _g_system.sw_sys.data.acc_controller.phase_b
                                  000f89ea         c
    struct tagEMAccControllerPhase {
                                                   c
      _g_system.sw_sys.data.acc_controller.phase_b.number_of_cycle_acc
                                  000f89ea         1   unsigned char
      _g_system.sw_sys.data.acc_controller.phase_b.number_of_cycle
                                  000f89eb         1   unsigned char
      _g_system.sw_sys.data.acc_controller.phase_b.number_of_sample_acc
                                  000f89ec         2   unsigned short
      _g_system.sw_sys.data.acc_controller.phase_b.number_of_sample
                                  000f89ee         2   unsigned short
      _g_system.sw_sys.data.acc_controller.phase_b.current_number_of_cycle_acc
                                  000f89f0         1   unsigned char
      _g_system.sw_sys.data.acc_controller.phase_b.current_number_of_cycle
                                  000f89f1         1   unsigned char
      _g_system.sw_sys.data.acc_controller.phase_b.current_number_of_sample_acc
                                  000f89f2         2   unsigned short
      _g_system.sw_sys.data.acc_controller.phase_b.current_number_of_sample
                                  000f89f4         2   unsigned short
    }
      _g_system.sw_sys.data.acc_controller.neutral
                                  000f89f6         6
    struct tagEMAccControllerNeutral {
                                                   6
      _g_system.sw_sys.data.acc_controller.neutral.number_of_cycle_acc
                                  000f89f6         1   unsigned char
      _g_system.sw_sys.data.acc_controller.neutral.number_of_cycle
                                  000f89f7         1   unsigned char
      _g_system.sw_sys.data.acc_controller.neutral.number_of_sample_acc
                                  000f89f8         2   unsigned short
      _g_system.sw_sys.data.acc_controller.neutral.number_of_sample
                                  000f89fa         2   unsigned short
    }
      _g_system.sw_sys.data.acc_controller.number_of_sample_min
                                  000f89fc         2   unsigned short
      _g_system.sw_sys.data.acc_controller.number_of_sample_max
                                  000f89fe         2   unsigned short
    }
      _g_system.sw_sys.data.zx
                                  000f8a00        2c
    struct  {
                                                  2c
      _g_system.sw_sys.data.zx.phase_r
                                  000f8a00         8
    struct  {
                                                   8
      _g_system.sw_sys.data.zx.phase_r.signal_old_value
                                  000f8a00         4   signed long
      _g_system.sw_sys.data.zx.phase_r.is_crossing
                                  000f8a04         1   unsigned char
      _g_system.sw_sys.data.zx.phase_r.delay_start
                                  000f8a05         1   unsigned char
      _g_system.sw_sys.data.zx.phase_r.delay_count
                                  000f8a06         1   unsigned char
      _g_system.sw_sys.data.zx.phase_r.reserved
                                  000f8a07         1   unsigned char
    }
      _g_system.sw_sys.data.zx.phase_y
                                  000f8a08         8
    struct  {
                                                   8
      _g_system.sw_sys.data.zx.phase_y.signal_old_value
                                  000f8a08         4   signed long
      _g_system.sw_sys.data.zx.phase_y.is_crossing
                                  000f8a0c         1   unsigned char
      _g_system.sw_sys.data.zx.phase_y.delay_start
                                  000f8a0d         1   unsigned char
      _g_system.sw_sys.data.zx.phase_y.delay_count
                                  000f8a0e         1   unsigned char
      _g_system.sw_sys.data.zx.phase_y.reserved
                                  000f8a0f         1   unsigned char
    }
      _g_system.sw_sys.data.zx.phase_b
                                  000f8a10         8
    struct  {
                                                   8
      _g_system.sw_sys.data.zx.phase_b.signal_old_value
                                  000f8a10         4   signed long
      _g_system.sw_sys.data.zx.phase_b.is_crossing
                                  000f8a14         1   unsigned char
      _g_system.sw_sys.data.zx.phase_b.delay_start
                                  000f8a15         1   unsigned char
      _g_system.sw_sys.data.zx.phase_b.delay_count
                                  000f8a16         1   unsigned char
      _g_system.sw_sys.data.zx.phase_b.reserved
                                  000f8a17         1   unsigned char
    }
      _g_system.sw_sys.data.zx.neutral
                                  000f8a18         8
    struct  {
                                                   8
      _g_system.sw_sys.data.zx.neutral.signal_old_value
                                  000f8a18         4   signed long
      _g_system.sw_sys.data.zx.neutral.is_crossing
                                  000f8a1c         1   unsigned char
      _g_system.sw_sys.data.zx.neutral.delay_start
                                  000f8a1d         1   unsigned char
      _g_system.sw_sys.data.zx.neutral.delay_count
                                  000f8a1e         1   unsigned char
      _g_system.sw_sys.data.zx.neutral.reserved
                                  000f8a1f         1   unsigned char
    }
      _g_system.sw_sys.data.zx.current_phase_r
                                  000f8a20         4
    struct  {
                                                   4
      _g_system.sw_sys.data.zx.current_phase_r.signal_sign
                                  000f8a20         1   unsigned char
      _g_system.sw_sys.data.zx.current_phase_r.is_crossing
                                  000f8a21         1   unsigned char
      _g_system.sw_sys.data.zx.current_phase_r.delay_start
                                  000f8a22         1   unsigned char
      _g_system.sw_sys.data.zx.current_phase_r.delay_count
                                  000f8a23         1   unsigned char
    }
      _g_system.sw_sys.data.zx.current_phase_y
                                  000f8a24         4
    struct  {
                                                   4
      _g_system.sw_sys.data.zx.current_phase_y.signal_sign
                                  000f8a24         1   unsigned char
      _g_system.sw_sys.data.zx.current_phase_y.is_crossing
                                  000f8a25         1   unsigned char
      _g_system.sw_sys.data.zx.current_phase_y.delay_start
                                  000f8a26         1   unsigned char
      _g_system.sw_sys.data.zx.current_phase_y.delay_count
                                  000f8a27         1   unsigned char
    }
      _g_system.sw_sys.data.zx.current_phase_b
                                  000f8a28         4
    struct  {
                                                   4
      _g_system.sw_sys.data.zx.current_phase_b.signal_sign
                                  000f8a28         1   unsigned char
      _g_system.sw_sys.data.zx.current_phase_b.is_crossing
                                  000f8a29         1   unsigned char
      _g_system.sw_sys.data.zx.current_phase_b.delay_start
                                  000f8a2a         1   unsigned char
      _g_system.sw_sys.data.zx.current_phase_b.delay_count
                                  000f8a2b         1   unsigned char
    }
    }
      _g_system.sw_sys.data.pf
                                  000f8a2c        12
    struct  {
                                                  12
      _g_system.sw_sys.data.pf.phase_r
                                  000f8a2c         6
    struct tagEMPFSignDetection {
                                                   6
      _g_system.sw_sys.data.pf.phase_r.sign
                                  000f8a2c         1   enum tagEMPFSign
      _g_system.sw_sys.data.pf.phase_r.pf_raw
                                  000f8a2e         4   float
    }
      _g_system.sw_sys.data.pf.phase_y
                                  000f8a32         6
    struct tagEMPFSignDetection {
                                                   6
      _g_system.sw_sys.data.pf.phase_y.sign
                                  000f8a32         1   enum tagEMPFSign
      _g_system.sw_sys.data.pf.phase_y.pf_raw
                                  000f8a34         4   float
    }
      _g_system.sw_sys.data.pf.phase_b
                                  000f8a38         6
    struct tagEMPFSignDetection {
                                                   6
      _g_system.sw_sys.data.pf.phase_b.sign
                                  000f8a38         1   enum tagEMPFSign
      _g_system.sw_sys.data.pf.phase_b.pf_raw
                                  000f8a3a         4   float
    }
    }
      _g_system.sw_sys.data.phase_angle
                                  000f8a3e        2a
    struct  {
                                                  2a
      _g_system.sw_sys.data.phase_angle.ry
                                  000f8a3e         e
    struct tagZxCurrentPhaseAngle {
                                                   e
      _g_system.sw_sys.data.phase_angle.ry.is_started
                                  000f8a3e         2   unsigned short
      _g_system.sw_sys.data.phase_angle.ry.acc
                                  000f8a40         2   unsigned short
      _g_system.sw_sys.data.phase_angle.ry.acc1x
                                  000f8a42         2   unsigned short
      _g_system.sw_sys.data.phase_angle.ry.storage
                                  000f8a44         2   unsigned short
      _g_system.sw_sys.data.phase_angle.ry.same_sign_acc
                                  000f8a46         2   unsigned short
      _g_system.sw_sys.data.phase_angle.ry.angle
                                  000f8a48         4   float
    }
      _g_system.sw_sys.data.phase_angle.yb
                                  000f8a4c         e
    struct tagZxCurrentPhaseAngle {
                                                   e
      _g_system.sw_sys.data.phase_angle.yb.is_started
                                  000f8a4c         2   unsigned short
      _g_system.sw_sys.data.phase_angle.yb.acc
                                  000f8a4e         2   unsigned short
      _g_system.sw_sys.data.phase_angle.yb.acc1x
                                  000f8a50         2   unsigned short
      _g_system.sw_sys.data.phase_angle.yb.storage
                                  000f8a52         2   unsigned short
      _g_system.sw_sys.data.phase_angle.yb.same_sign_acc
                                  000f8a54         2   unsigned short
      _g_system.sw_sys.data.phase_angle.yb.angle
                                  000f8a56         4   float
    }
      _g_system.sw_sys.data.phase_angle.br
                                  000f8a5a         e
    struct tagZxCurrentPhaseAngle {
                                                   e
      _g_system.sw_sys.data.phase_angle.br.is_started
                                  000f8a5a         2   unsigned short
      _g_system.sw_sys.data.phase_angle.br.acc
                                  000f8a5c         2   unsigned short
      _g_system.sw_sys.data.phase_angle.br.acc1x
                                  000f8a5e         2   unsigned short
      _g_system.sw_sys.data.phase_angle.br.storage
                                  000f8a60         2   unsigned short
      _g_system.sw_sys.data.phase_angle.br.same_sign_acc
                                  000f8a62         2   unsigned short
      _g_system.sw_sys.data.phase_angle.br.angle
                                  000f8a64         4   float
    }
    }
      _g_system.sw_sys.data.current_phase_angle
                                  000f8a68        54
    struct  {
                                                  54
      _g_system.sw_sys.data.current_phase_angle.ry
                                  000f8a68         e
    struct tagZxCurrentPhaseAngle {
                                                   e
      _g_system.sw_sys.data.current_phase_angle.ry.is_started
                                  000f8a68         2   unsigned short
      _g_system.sw_sys.data.current_phase_angle.ry.acc
                                  000f8a6a         2   unsigned short
      _g_system.sw_sys.data.current_phase_angle.ry.acc1x
                                  000f8a6c         2   unsigned short
      _g_system.sw_sys.data.current_phase_angle.ry.storage
                                  000f8a6e         2   unsigned short
      _g_system.sw_sys.data.current_phase_angle.ry.same_sign_acc
                                  000f8a70         2   unsigned short
      _g_system.sw_sys.data.current_phase_angle.ry.angle
                                  000f8a72         4   float
    }
      _g_system.sw_sys.data.current_phase_angle.yb
                                  000f8a76         e
    struct tagZxCurrentPhaseAngle {
                                                   e
      _g_system.sw_sys.data.current_phase_angle.yb.is_started
                                  000f8a76         2   unsigned short
      _g_system.sw_sys.data.current_phase_angle.yb.acc
                                  000f8a78         2   unsigned short
      _g_system.sw_sys.data.current_phase_angle.yb.acc1x
                                  000f8a7a         2   unsigned short
      _g_system.sw_sys.data.current_phase_angle.yb.storage
                                  000f8a7c         2   unsigned short
      _g_system.sw_sys.data.current_phase_angle.yb.same_sign_acc
                                  000f8a7e         2   unsigned short
      _g_system.sw_sys.data.current_phase_angle.yb.angle
                                  000f8a80         4   float
    }
      _g_system.sw_sys.data.current_phase_angle.br
                                  000f8a84         e
    struct tagZxCurrentPhaseAngle {
                                                   e
      _g_system.sw_sys.data.current_phase_angle.br.is_started
                                  000f8a84         2   unsigned short
      _g_system.sw_sys.data.current_phase_angle.br.acc
                                  000f8a86         2   unsigned short
      _g_system.sw_sys.data.current_phase_angle.br.acc1x
                                  000f8a88         2   unsigned short
      _g_system.sw_sys.data.current_phase_angle.br.storage
                                  000f8a8a         2   unsigned short
      _g_system.sw_sys.data.current_phase_angle.br.same_sign_acc
                                  000f8a8c         2   unsigned short
      _g_system.sw_sys.data.current_phase_angle.br.angle
                                  000f8a8e         4   float
    }
      _g_system.sw_sys.data.current_phase_angle.rn
                                  000f8a92         e
    struct tagZxCurrentPhaseAngle {
                                                   e
      _g_system.sw_sys.data.current_phase_angle.rn.is_started
                                  000f8a92         2   unsigned short
      _g_system.sw_sys.data.current_phase_angle.rn.acc
                                  000f8a94         2   unsigned short
      _g_system.sw_sys.data.current_phase_angle.rn.acc1x
                                  000f8a96         2   unsigned short
      _g_system.sw_sys.data.current_phase_angle.rn.storage
                                  000f8a98         2   unsigned short
      _g_system.sw_sys.data.current_phase_angle.rn.same_sign_acc
                                  000f8a9a         2   unsigned short
      _g_system.sw_sys.data.current_phase_angle.rn.angle
                                  000f8a9c         4   float
    }
      _g_system.sw_sys.data.current_phase_angle.yn
                                  000f8aa0         e
    struct tagZxCurrentPhaseAngle {
                                                   e
      _g_system.sw_sys.data.current_phase_angle.yn.is_started
                                  000f8aa0         2   unsigned short
      _g_system.sw_sys.data.current_phase_angle.yn.acc
                                  000f8aa2         2   unsigned short
      _g_system.sw_sys.data.current_phase_angle.yn.acc1x
                                  000f8aa4         2   unsigned short
      _g_system.sw_sys.data.current_phase_angle.yn.storage
                                  000f8aa6         2   unsigned short
      _g_system.sw_sys.data.current_phase_angle.yn.same_sign_acc
                                  000f8aa8         2   unsigned short
      _g_system.sw_sys.data.current_phase_angle.yn.angle
                                  000f8aaa         4   float
    }
      _g_system.sw_sys.data.current_phase_angle.bn
                                  000f8aae         e
    struct tagZxCurrentPhaseAngle {
                                                   e
      _g_system.sw_sys.data.current_phase_angle.bn.is_started
                                  000f8aae         2   unsigned short
      _g_system.sw_sys.data.current_phase_angle.bn.acc
                                  000f8ab0         2   unsigned short
      _g_system.sw_sys.data.current_phase_angle.bn.acc1x
                                  000f8ab2         2   unsigned short
      _g_system.sw_sys.data.current_phase_angle.bn.storage
                                  000f8ab4         2   unsigned short
[...]
                                          0005(0007824d:EMText_f)
                                          0005(0007826e:EMText_f)
                                          0005(00078281:EMText_f)
                                          0006(000783d6:EMText_f)
                                          0008(00078dbc:EMText_f)
                                          0008(00078dd3:EMText_f)
                                          0008(00078eef:EMText_f)
                                          0008(00078f68:EMText_f)
                                          0008(00078fc1:EMText_f)
                                          0009(000799eb:EMText_f)
                                          0009(00079a18:EMText_f)
                                          0009(00079a77:EMText_f)
                                          0009(00079ab9:EMText_f)
                                          0009(00079adb:EMText_f)
                                          0009(00079bd7:EMText_f)
                                          0010(00079ca8:EMText_f)
                                          0011(0007a106:EMText_f)
                                          0011(0007a20a:EMText_f)
                                          0012(0007a8af:EMText_f)
                                          0012(0007a9ae:EMText_f)
                                          0013(0007b053:EMText_f)
                                          0013(0007b156:EMText_f)
                                          0015(00074d08:.SLIB)
                                          0017(00074dae:.SLIB)
                                          0018(00074e6d:.SLIB)
                                          0018(00074e7e:.SLIB)
                                          0046(000750ad:.SLIB)
                                          0046(000750c3:.SLIB)
                                          0046(00075194:.SLIB)
                                          0046(00075216:.SLIB)
                                          0046(00075276:.SLIB)
                                          0046(00075292:.SLIB)
                                          0075(0007547e:.SLIB)
0034 _COM_fne
     SECTION=.RLIB
                 __COM_fne
                                 00075fab 0004(00076a9c:EMText_f)
                                          0046(00075060:.SLIB)
                                          0075(0007536d:.SLIB)
0035 _COM_ftod
     SECTION=.RLIB
                 __COM_ftod
                                 00075fbc 0005(0007768e:EMText_f)
                                          0005(000777b5:EMText_f)
                                          0005(00077955:EMText_f)
                                          0005(00077afa:EMText_f)
0036 _COM_ftosl
     SECTION=.RLIB
                 __COM_ftosl
                                 0007601c 0004(00076b49:EMText_f)
                                          0006(000783db:EMText_f)
                                          0046(0007521c:.SLIB)
0037 _COM_ftoul
     SECTION=.RLIB
                 __COM_ftoul
                                 00076024 0004(0007703a:EMText_f)
                                          0004(0007706e:EMText_f)
                                          0004(00077093:EMText_f)
                                          0004(000771ee:EMText_f)
                                          0005(000778a3:EMText_f)
                                          0008(00079061:EMText_f)
                                          0009(00079a02:EMText_f)
                                          0009(00079ae0:EMText_f)
0038 _COM_funordered
     SECTION=.RLIB
                 __COM_funordered
                                 00076030 0004(00076bf8:EMText_f)
                                          0004(00076c6b:EMText_f)
                                          0004(00076d96:EMText_f)
                                          0004(00076ec1:EMText_f)
                                          0004(00076fec:EMText_f)
                                          0005(00077454:EMText_f)
                                          0005(00077f98:EMText_f)
                                          0005(00077fdb:EMText_f)
                                          0006(00078399:EMText_f)
                                          0006(0007860a:EMText_f)
                                          0006(000786ea:EMText_f)
                                          0008(00078e06:EMText_f)
                                          0010(00079cbb:EMText_f)
                                          0011(0007a119:EMText_f)
                                          0012(0007a8c2:EMText_f)
                                          0013(0007b066:EMText_f)
                                          0015(00074cd7:.SLIB)
                                          0017(00074d88:.SLIB)
                                          0017(00074dcb:.SLIB)
0039 _COM_memcpy_ff
     SECTION=.RLIB
                 __COM_memcpy_ff
                                 0007603b 0004(00077033:EMText_f)
                                          0006(000787c7:EMText_f)
0040 _COM_sltof
     SECTION=.RLIB
                 __COM_sltof
                                 0007605c 0005(00077f4d:EMText_f)
                                          0006(000783de:EMText_f)
                                          0046(00075232:.SLIB)
0041 _COM_ulltod
     SECTION=.RLIB
                 __COM_ulltod
                                 00076074 0005(00077659:EMText_f)
                                          0005(0007772e:EMText_f)
                                          0005(00077793:EMText_f)
                                          0005(00077858:EMText_f)
0042 _COM_ultod
     SECTION=.RLIB
                 __COM_ultod
                                 00076080 0005(0007798a:EMText_f)
                                          0005(00077ade:EMText_f)
0043 _COM_ultof
     SECTION=.RLIB
                 __COM_ultof
                                 00076089 0004(000771fa:EMText_f)
                                          0004(00077207:EMText_f)
                                          0004(00077250:EMText_f)
                                          0004(0007726b:EMText_f)
                                          0004(00077286:EMText_f)
                                          0005(000772a2:EMText_f)
                                          0005(000772c9:EMText_f)
                                          0005(000772fd:EMText_f)
                                          0005(0007737e:EMText_f)
                                          0005(00077396:EMText_f)
                                          0005(000773ad:EMText_f)
                                          0005(00077664:EMText_f)
                                          0005(00077f40:EMText_f)
                                          0005(00077f77:EMText_f)
                                          0008(00078d90:EMText_f)
                                          0008(00078ec2:EMText_f)
                                          0009(000799cb:EMText_f)
                                          0009(00079a0d:EMText_f)
                                          0009(00079a98:EMText_f)
                                          0009(00079aae:EMText_f)
                                          0009(00079be7:EMText_f)
                                          0010(00079c9d:EMText_f)
                                          0011(0007a0fb:EMText_f)
                                          0011(0007a1e9:EMText_f)
                                          0011(0007a1f4:EMText_f)
                                          0012(0007a8a4:EMText_f)
                                          0012(0007a98d:EMText_f)
                                          0012(0007a998:EMText_f)
                                          0013(0007b048:EMText_f)
                                          0013(0007b135:EMText_f)
                                          0013(0007b140:EMText_f)
0044 em_accumulation
     SECTION=EMText_f
                 _EM_ACC24_GetFloatValue
                                 0007b5bf 0009(00079bc6:EMText_f)
0045 errno
     SECTION=.dataR
                 _errno
                                 000f870e 0015(00074d40:.SLIB)
                                          0016(00074d62:.SLIB)
                                          0017(00074e14:.SLIB)
                                          0018(00074e95:.SLIB)
                                          0018(00074e9d:.SLIB)
                                          0046(000751e7:.SLIB)
                                          0065(000752eb:.SLIB)
     SECTION=.data
0046 _REL_sincosfsub
     SECTION=.SLIB
                 __REL_poly_sinf
                                 00075056 0017(00074dbb:.SLIB)
                                          0046(000751c9:.SLIB)
                                          0046(000f8710:.dataR)
                                          0046(000f8712:.dataR)
                 __REL_poly_cosf
                                 00075125 0015(00074d15:.SLIB)
                                          0046(000751b1:.SLIB)
                                          0046(000f8714:.dataR)
                                          0046(000f8716:.dataR)
                 __REL_internal_sincosf
                                 000751ce 0015(00074d25:.SLIB)
                                          0017(00074df9:.SLIB)
                                          0046(00075204:.SLIB)
     SECTION=.constf
     SECTION=.data
     SECTION=.dataR
0047 _COM_llmul
     SECTION=.RLIB
                 __COM_llmul
                                 0007608f 0018(00074fd5:.SLIB)
                 __REL_llmul_addh
                                 000760c7 0047(000760ac:.RLIB)
                                          0047(000760c1:.RLIB)
0048 _COM_llshr
     SECTION=.RLIB
                 __COM_llshr
                                 000760f2 0020(00075642:.RLIB)
                                          0020(00075665:.RLIB)
                                          0050(00076218:.RLIB)
0049 _COM_mulul
     SECTION=.RLIB
                 __COM_mulul
                                 00076178 0022(00075a08:.RLIB)
                                          0022(00075a1d:.RLIB)
                                          0022(00075a57:.RLIB)
                                          0022(00075a99:.RLIB)
                                          0047(0007609f:.RLIB)
0050 _REL_dtoll
     SECTION=.RLIB
                 __REL_dtoll
                                 000761d5 0025(00075bdb:.RLIB)
0051 _REL_d_check
     SECTION=.RLIB
                 __REL_d_check
                                 00076231 0020(0007553f:.RLIB)
                                          0021(00075769:.RLIB)
                                          0022(0007594a:.RLIB)
0052 _REL_d_inf
     SECTION=.RLIB
                 __REL_d_inf
                                 00076284 0020(0007558d:.RLIB)
                                          0020(000756c9:.RLIB)
                                          0021(0007574d:.RLIB)
                                          0021(000757fe:.RLIB)
                                          0021(000758c1:.RLIB)
                                          0022(0007591a:.RLIB)
                                          0022(0007592f:.RLIB)
                                          0022(00075941:.RLIB)
                                          0022(000759f1:.RLIB)
                                          0022(00075aff:.RLIB)
0053 _REL_d_round
     SECTION=.RLIB
                 __REL_d_round
                                 00076292 0020(0007572b:.RLIB)
                                          0021(000758f2:.RLIB)
                                          0022(00075b34:.RLIB)
                                          0061(000763f4:.RLIB)
0054 _REL_d_shl11
     SECTION=.RLIB
                 __REL_d_shl11
                                 000762e7 0020(00075609:.RLIB)
                                          0020(00075616:.RLIB)
                                          0022(00075981:.RLIB)
                                          0022(0007598e:.RLIB)
0055 _REL_fcmp
     SECTION=.RLIB
                 __REL_fcmp
                                 00076314 0028(00075e5a:.RLIB)
                                          0029(00075e70:.RLIB)
                                          0030(00075e86:.RLIB)
                                          0031(00075e9c:.RLIB)
                                          0032(00075eb2:.RLIB)
0056 _REL_fordered_core
     SECTION=.RLIB
                 __REL_fordered_core
                                 0007634c 0028(00075e53:.RLIB)
                                          0029(00075e69:.RLIB)
                                          0030(00075e7f:.RLIB)
                                          0031(00075e95:.RLIB)
                                          0032(00075eab:.RLIB)
                                          0038(00076033:.RLIB)
0057 _REL_ftol
     SECTION=.RLIB
                 __REL_ftol
                                 00076368 0036(0007601d:.RLIB)
                                          0037(0007602a:.RLIB)
0058 _REL_f_inf
     SECTION=.RLIB
                 __REL_f_inf
                                 0007639d 0024(00075b5d:.RLIB)
                                          0026(00075cda:.RLIB)
                                          0027(00075d6b:.RLIB)
                                          0027(00075e0b:.RLIB)
                                          0033(00075edb:.RLIB)
                                          0033(00075f7e:.RLIB)
0059 _REL_f_norm
     SECTION=.RLIB
                 __REL_f_norm
                                 000763a5 0027(00075d4c:.RLIB)
                                          0027(00075d77:.RLIB)
                                          0033(00075efc:.RLIB)
0060 _REL_f_round
     SECTION=.RLIB
                 __REL_f_round
                                 000763b5 0024(00075bcb:.RLIB)
                                          0026(00075ce7:.RLIB)
                                          0026(00075d1f:.RLIB)
                                          0027(00075e4d:.RLIB)
                                          0033(00075f8b:.RLIB)
0061 _REL_lltod
     SECTION=.RLIB
                 __REL_lltod
                                 000763c8 0041(0007607d:.RLIB)
0062 _REL_ltod
     SECTION=.RLIB
                 __REL_ltod
                                 00076407 0042(00076086:.RLIB)
0063 _REL_ltof
     SECTION=.RLIB
                 __REL_ltof
                                 00076458 0040(00076071:.RLIB)
                                          0043(0007608c:.RLIB)
0064 _REL_ltosl
     SECTION=.RLIB
                 __REL_ltosl
                                 000764a2 0036(00076021:.RLIB)
0065 fmodf
     SECTION=.SLIB
                 _fmodf
                                 000752c0 0046(000751f9:.SLIB)
0066 _REL_nanf_value
     SECTION=.SLIB
                 __REL_nanf_value
                                 00075305 0046(000751ea:.SLIB)
0067 _COM_llshl
     SECTION=.RLIB
                 __COM_llshl
                                 000764e0 0050(00076220:.RLIB)
0068 _COM_lmul
     SECTION=.RLIB
                 __COM_lmul
                                 0007656a 0047(000760a8:.RLIB)
                                          0047(000760bd:.RLIB)
0069 _COM_lshr
     SECTION=.RLIB
                 __COM_lshr
                                 0007658f 0057(00076394:.RLIB)
                                          0072(00076603:.RLIB)
0070 _COM_mului
     SECTION=.RLIB
                 __COM_mului
                                 000765a6 0049(0007617e:.RLIB)
                                          0049(0007618d:.RLIB)
                                          0049(000761a3:.RLIB)
                                          0049(000761c0:.RLIB)
0071 _COM_slltof
     SECTION=.RLIB
                 __COM_slltof
                                 000765aa 0044(0007b5cc:EMText_f)
0072 _REL_dtol
     SECTION=.RLIB
                 __REL_dtol
                                 000765c2 0050(000761eb:.RLIB)
0073 _REL_setexp_ll
     SECTION=.RLIB
                 __REL_setexp_ll
                                 0007660c 0061(000763e6:.RLIB)
                                          0077(000766ec:.RLIB)
0074 _REL_shrcom
     SECTION=.RLIB
                 __REL_shr00
                                 00076656 0048(00076101:.RLIB)
                                          0048(00076106:.RLIB)
                                          0048(0007610b:.RLIB)
0075 _REL_in_fmods
     SECTION=.SLIB
                 __REL_in_fmods
                                 0007530a 0065(000752d2:.SLIB)
0076 _REL_llrev
     SECTION=.RLIB
                 __REL_llrev
                                 000766b6 0071(000765b9:.RLIB)
0077 _REL_lltof
     SECTION=.RLIB
                 __REL_lltof
                                 000766d6 0071(000765bf:.RLIB)
0078 _REL_shlcom
     SECTION=.RLIB
                 __REL_shl00
                                 00076733 0067(000764ef:.RLIB)
                                          0067(000764f4:.RLIB)
                                          0067(000764f9:.RLIB)
0079 rlink_generates_01
     SECTION=.option_byte
0080 rlink_generates_02
     SECTION=.monitor1
     SECTION=.monitor2
0081 rlink_generates_03
     SECTION=.security_id
0082 rlink_generates_04
     SECTION=.vect
0083 rlink_generates_05
     SECTION=
                 __s.vect
                                 00000000
                 __e.vect
                                 00000080
                 __s.option_byte
                                 000000c0
                 __e.option_byte
                                 000000c4
                 __s.security_id
                                 000000c4
                 __s.monitor1
                                 000000ce
                 __e.security_id
                                 000000ce
                 __e.monitor1
                                 000000d8
                 __sEMCallback_f
                                 00074b00
                 __eEMCallback_f
                                 00074b68
                 __sEMCnst_f
                                 00074c00
                 __eEMCnst_f
                                 00074c67
                 __s.constf
                                 00074c68
                 __s.data
                                 00074c94
                 __e.constf
                                 00074c94
                 __e.data
                                 00074cb4
                 __s.SLIB
                                 00074cb4
                 __e.SLIB
                                 000754d1
                 __s.RLIB
                                 000754d1
                 __sEMTextI_f
                                 00076793
                 __e.RLIB
                                 00076793
                 __eEMTextI_f
                                 000769b1
                 __sEMText_f
                                 000769b1
                 __eEMText_f
                                 0007b5d1
                 __s.monitor2
                                 0007fe00
                 __e.monitor2
                                 00080000
                 __RAM_ADDR_START
                                 000f7f00
                 __s.dataR
                                 000f8700
                 __s.bss
                                 000f8720
                 __e.dataR
                                 000f8720
                 __e.bss
                                 000f8c88
                 __STACK_ADDR_END
                                 000f8c88
                 __STACK_ADDR_START
                                 000ffe20
                 __RAM_ADDR_END
                                 000ffee0
