Renesas Optimizing Linker (V3.04.00 )             05-Feb-2024 12:31:23

*** Options ***

-MAKEUD=Release\Metrology NPL SM 3Ph4W Skeleton.lk.ud
-subcommand=Release\Metrology NPL SM 3Ph4W Skeleton.clnk
-Input=Release\cstart.obj
-Input=Release\stkinit.obj
-Input=Release\r_calib.obj
-Input=Release\r_calib_sampling.obj
-Input=Release\r_hoco_trimming.obj
-Input=Release\dataflash.obj
-Input=Release\inst_read.obj
-Input=Release\platform.obj
-Input=Release\startup.obj
-Input=Release\config_storage.obj
-Input=Release\wrp_app_mcu.obj
-Input=Release\r_cg_12adc.obj
-Input=Release\r_cg_12adc_user.obj
-Input=Release\r_cg_cgc.obj
-Input=Release\r_cg_cgc_user.obj
-Input=Release\r_cg_crc.obj
-Input=Release\r_cg_dsadc.obj
-Input=Release\r_cg_dsadc_user.obj
-Input=Release\r_cg_dtc.obj
-Input=Release\r_cg_dtc_user.obj
-Input=Release\r_cg_elc.obj
-Input=Release\r_cg_elc_user.obj
-Input=Release\r_cg_iica.obj
-Input=Release\r_cg_iica_user.obj
-Input=Release\r_cg_mac32bit.obj
-Input=Release\r_cg_mac32bit_user.obj
-Input=Release\r_cg_port.obj
-Input=Release\r_cg_port_user.obj
-Input=Release\r_cg_rtc.obj
-Input=Release\r_cg_rtc_user.obj
-Input=Release\r_cg_sau.obj
-Input=Release\r_cg_sau_user.obj
-Input=Release\r_cg_systeminit.obj
-Input=Release\r_cg_tau.obj
-Input=Release\r_cg_tau_user.obj
-Input=Release\r_cg_wdt.obj
-Input=Release\r_cg_wdt_user.obj
-Input=Release\r_dscl_iirbiquad_config.obj
-Input=Release\rl78i1c_hpf_config.obj
-Input=Release\wrp_em_adc.obj
-Input=Release\wrp_em_mcu.obj
-Input=Release\wrp_em_pulse.obj
-Input=Release\wrp_em_sw_property.obj
-Input=Release\wrp_em_timer.obj
-Input=Release\wrp_em_wdt.obj
-Input=Release\main.obj
-Input=Release\em_display.obj
-Input=Release\r_drv_lcd_ext.obj
-Input=Release\r_lcd_config.obj
-Input=Release\r_lcd_display.obj
-Input=Release\r_cg_lcd.obj
-Input=Release\r_cg_lcd_user.obj
-LIBrary=..\..\shared\Flash\fdl\CCRL\librl78\pfdl.lib
-LIBrary=..\..\shared\metrology\filter\CCRL\hpf16_rl78_s3_ccrl_m.lib
-LIBrary=..\..\shared\metrology\filter\CCRL\r_dscl_iirbiquad_i32_1.lib
-LIBrary=..\..\shared\metrology\filter\CCRL\r_dscl_iirbiquad_i32_2.lib
-LIBrary=..\..\shared\metrology\metrologylibrary\CCRL\230518_EMP4W_WQFR.lib
-SECURITY_ID=00000000000000000000
-DEVICE=C:\Program Files (x86)\Renesas Electronics\CS+\CC\Device\RL78\Devicefile\DR5F10NPL.DVF
-DEBug
-NOCOmpress
-OUtput=Release\Metrology NPL SM 3Ph4W Skeleton.abs
-LIBrary=C:\Program Files (x86)\Renesas Electronics\CS+\CC\CC-RL\V1.11.00\lib\rl78em4s.lib
-LIBrary=C:\Program Files (x86)\Renesas Electronics\CS+\CC\CC-RL\V1.11.00\lib\malloc_n.lib
-LIBrary=C:\Program Files (x86)\Renesas Electronics\CS+\CC\CC-RL\V1.11.00\lib\rl78em4r.lib
-OCDBG=84
-DEBUG_MONITOR=7FE00-7FFFF
-USER_OPT_BYTE=7E7FE0
-SELF
-ENTry=_start
-LISt=Release\Metrology NPL SM 3Ph4W Skeleton.map
-SHow=ALL
-AUTO_SECTION_LAYOUT
-STARt=DTC_Vect_n/F8500,DTCD0_n/F8540,ADC_Data_n/F8600,.dataR,.bss/F8700
-ROm=.data=.dataR
-ROm=.sdata=.sdataR
-NOMessage
-STACk
-Total_size
-NOLOgo
-end

*** Error information ***

*** Mapping List ***

SECTION                            START      END         SIZE   ALIGN
.vect
                                  00000000  0000007f        80   0
.sdata
                                  00000080  00000080         0   2
.option_byte
                                  000000c0  000000c3         4   1
.security_id
                                  000000c4  000000cd         a   1
.monitor1
                                  000000ce  000000d7         a   1
.constf
                                  000000d8  000001fb       124   2
EMCnst_f
                                  000001fc  00000260        65   2
.data
                                  00000262  00000311        b0   2
.text
                                  00000314  000005e4       2d1   1
PFDL_COD
                                  000005fa  00000687        8e   2
.RLIB
                                  00000688  00001ea9      1822   1
HF16Tx_f
                                  00001eaa  00001fc2       119   1
.const
                                  00002000  0000264d       64e   2
.textf
                                  00002652  00006fbd      496c   1
.SLIB
                                  00006fbe  000094c1      2504   1
EMText_f
                                  000094c2  0000e64e      518d   1
.monitor2
                                  0007fe00  0007ffff       200   1
DTC_Vect_n
                                  000f8500  000f8532        33   2
DTCD0_n
                                  000f8540  000f8547         8   2
ADC_Data_n
                                  000f8600  000f860b         c   2
.dataR
                                  000f8700  000f87af        b0   2
.bss
                                  000f87b0  000f9d07      1558   2
.sbss
                                  000ffe20  000ffe20         0   2
.sdataR
                                  000ffe20  000ffe20         0   2

*** Total Section Size ***

RAMDATA SECTION:  0000164f Byte(s)
ROMDATA SECTION:  00000b1f Byte(s)
PROGRAM SECTION:  0000dc97 Byte(s)

*** Symbol List ***

SECTION=
FILE=                               START        END    SIZE
  SYMBOL                            ADDR        SIZE    INFO      COUNTS  OPT

SECTION=.vect
FILE=rlink_generates_04
                                  00000000  0000007f        80

SECTION=.option_byte
FILE=rlink_generates_01
                                  000000c0  000000c3         4

SECTION=.security_id
FILE=rlink_generates_03
                                  000000c4  000000cd         a

SECTION=.monitor1
FILE=rlink_generates_02
                                  000000ce  000000d7         a

SECTION=.constf
FILE=Release\platform.obj
                                  000000d8  00000165        8e
  _g_EM_DefaultProperty
                                  000000d8         2   data ,g         2
  _g_EM_DefaultCalibPhaseAngleList_Phase_R
                                  000000da         8   data ,g         2
  _g_EM_DefaultCalibPhaseAngleList_Phase_Y
                                  000000e2         8   data ,g         2
  _g_EM_DefaultCalibPhaseAngleList_Phase_B
                                  000000ea         8   data ,g         2
  _g_EM_DefaultCalibPhaseGainValueList_Phase_R
                                  000000f2         8   data ,g         2
  _g_EM_DefaultCalibPhaseGainValueList_Phase_Y
                                  000000fa         8   data ,g         2
  _g_EM_DefaultCalibPhaseGainValueList_Phase_B
                                  00000102         8   data ,g         2
  _g_EM_DefaultCalibration
                                  0000010a        5c   data ,g         2
FILE=Release\wrp_em_sw_property.obj
                                  00000166  000001bb        56
  _em_sw_property@1
                                  00000166        56   data ,l         2
FILE=_REL_print
                                  000001bc  000001cf        14
FILE=_REL_sincosfsub
                                  000001d0  000001fb        2c
  _sinf_coeff@1
                                  000001d0        10   data ,l         9
  _cosf_coeff@2
                                  000001e0        10   data ,l         9
  _pi4ptr_table@3
                                  000001f0         c   data ,l         8

SECTION=EMCnst_f
FILE=em_operation
                                  000001fc  00000223        28
  _g_const_round_y_negative@1
                                  000001fc        14   data ,l         2
  _g_const_round_y_positive@2
                                  00000210        14   data ,l         2
FILE=em_systemdata
                                  00000224  00000260        3d
  _g_em_lib_type
                                  00000224         a   data ,g         2
  _g_em_lib_target_platform
                                  0000022e        12   data ,g         2
  _g_em_lib_git_revision
                                  00000240         9   data ,g         2
  _g_em_lib_compiler
                                  00000249        11   data ,g         2
  _g_em_lib_build_date
                                  0000025a         7   data ,g         2

SECTION=.data
FILE=Release\dataflash.obj
                                  00000262  00000263         2
FILE=Release\inst_read.obj
                                  00000264  00000264         1
FILE=Release\config_storage.obj
                                  00000266  00000269         4
FILE=Release\r_cg_tau_user.obj
                                  0000026a  0000026b         2
FILE=Release\r_dscl_iirbiquad_config.obj
                                  0000026c  000002e3        78
FILE=Release\wrp_em_adc.obj
                                  000002e4  000002ea         7
FILE=Release\main.obj
                                  000002ec  000002ed         2
FILE=Release\em_display.obj
                                  000002ee  000002ef         2
FILE=rl78_sw_hpf16_data
                                  000002f0  000002f0         1
FILE=sqrtf
                                  000002f2  000002ff         e
FILE=errno
                                  00000300  00000301         2
FILE=_REL_sincosfsub
                                  00000302  00000311        10

SECTION=.text
FILE=Release\cstart.obj
                                  00000314  0000036a        57
  _start
                                  00000314         0   entry,g         0
  _exit
                                  00000369         0   none ,g         1
FILE=Release\r_cg_12adc_user.obj
                                  0000036b  0000036c         2
  _r_12adc_interrupt@1
                                  0000036b         2   func ,l         0
FILE=Release\r_cg_dsadc_user.obj
                                  0000036d  00000395        29
  _r_dsadc_interrupt@1
                                  0000036d        29   func ,l         0  ch
FILE=Release\r_cg_iica_user.obj
                                  00000396  000003b5        20
  _r_iica0_interrupt@1
                                  00000396        20   func ,l         0  ch
FILE=Release\r_cg_mac32bit_user.obj
                                  000003b6  000003b7         2
  _r_mac32bit_interrupt_flow@1
                                  000003b6         2   func ,l         0
FILE=Release\r_cg_rtc_user.obj
                                  000003b8  0000041c        65
  _r_rtc_periodicinterrupt@1
                                  000003b8        33   func ,l         0  ch
  _r_rtc_alarm0interrupt@1
                                  000003eb        19   func ,l         0  ch
  _r_rtc_alarm1interrupt@1
                                  00000404        19   func ,l         0  ch
FILE=Release\r_cg_sau_user.obj
                                  0000041d  000005b6       19a
  _r_uart0_interrupt_receive@1
                                  0000041d        5f   func ,l         0  ch
  _r_uart0_interrupt_send@1
                                  0000047c        2e   func ,l         0  ch
  _r_uart2_interrupt_receive@1
                                  000004aa        5f   func ,l         0  ch
  _r_uart2_interrupt_send@1
                                  00000509        2e   func ,l         0  ch
  _r_csi30_interrupt@1
                                  00000537        80   func ,l         0  ch
FILE=Release\r_cg_tau_user.obj
                                  000005b7  000005e2        2c
  _r_tau0_channel0_interrupt@1
                                  000005b7         8   func ,l         0
  _r_tau0_channel1_interrupt@1
                                  000005bf         2   func ,l         0
  _r_tau0_channel2_interrupt@1
                                  000005c1        22   func ,l         0  ch
FILE=Release\r_cg_wdt_user.obj
                                  000005e3  000005e4         2
  _r_wdt_interrupt@1
                                  000005e3         2   func ,l         0

SECTION=PFDL_COD
FILE=pfdl
                                  000005fa  00000687        8e
  _PFDL_Open
                                  000005fa         0   none ,g         8
  PFDL_Open
                                  000005fa         0   none ,g         0
  _PFDL_Execute
                                  00000615         0   none ,g         b
  PFDL_Execute
                                  00000615         0   none ,g         0
  PFDL_Execute_firmware
                                  0000064b         0   none ,l         1
  PFDL_Execute_erase
                                  00000655         0   none ,l         1
  PFDL_Execute_read
                                  00000666         0   none ,l         1
  PFDL_Execute_read_next
                                  0000066a         0   none ,l         1
  PFDL_Execute_exit
                                  00000675         0   none ,l         1
  _PFDL_Handler
                                  00000676         0   none ,g        13
  PFDL_Handler
                                  00000676         0   none ,g         0
  _PFDL_Close
                                  0000067c         0   none ,g         7
  PFDL_Close
                                  0000067c         0   none ,g         0

SECTION=.RLIB
FILE=memcpy
                                  00000688  00000698        11
  _memcpy
                                  00000688         0   none ,g         e
FILE=memset
                                  00000699  000006a6         e
  _memset
                                  00000699         0   none ,g        19
FILE=_COM_faddsub
                                  000006a7  000007e1       13b
  __COM_fsub
                                  00000703         0   none ,g         a
  __COM_fadd
                                  0000070b         0   none ,g        3a
FILE=_COM_fdiv
                                  000007e2  0000090f       12e
  __COM_fdiv
                                  00000841         0   none ,g        3a
FILE=_COM_fge
                                  00000910  00000925        16
  __COM_fge
                                  00000910         0   none ,g        15
FILE=_COM_fgt
                                  00000926  0000093b        16
  __COM_fgt
                                  00000926         0   none ,g         7
FILE=_COM_fle
                                  0000093c  00000951        16
  __COM_fle
                                  0000093c         0   none ,g         d
FILE=_COM_flt
                                  00000952  00000967        16
  __COM_flt
                                  00000952         0   none ,g        26
FILE=_COM_fmul
                                  00000968  00000a54        ed
  __COM_fmul
                                  000009b3         0   none ,g        57
FILE=_COM_fne
                                  00000a55  00000a65        11
  __COM_fne
                                  00000a55         0   none ,g         a
FILE=_COM_ftosl
                                  00000a66  00000a6d         8
  __COM_ftosl
                                  00000a66         0   none ,g         8
FILE=_COM_ftoul
                                  00000a6e  00000a79         c
  __COM_ftoul
                                  00000a6e         0   none ,g        10
FILE=_COM_funordered
                                  00000a7a  00000a84         b
  __COM_funordered
                                  00000a7a         0   none ,g        21
FILE=_COM_lshr
                                  00000a85  00000aa5        21
  __COM_lshr
                                  00000a8f         0   none ,g         3
FILE=_COM_memcpy_ff
                                  00000aa6  00000ac6        21
  __COM_memcpy_ff
                                  00000aa6         0   none ,g         3
FILE=_COM_sidiv
                                  00000ac7  00000ae8        22
  __COM_sidiv
                                  00000ac9         0   none ,g         3
FILE=_COM_sirem
                                  00000ae9  00000b08        20
  __COM_sirem
                                  00000ae9         0   none ,g         2
FILE=_COM_sldiv
                                  00000b09  00000b57        4f
  __COM_sldiv
                                  00000b0e         0   none ,g         2
FILE=_COM_slrem
                                  00000b58  00000ba1        4a
  __COM_slrem
                                  00000b5b         0   none ,g         1
FILE=_COM_sltof
                                  00000ba2  00000bb9        18
  __COM_sltof
                                  00000ba2         0   none ,g         4
FILE=_COM_ulltof
                                  00000bba  00000bc5         c
  __COM_ulltof
                                  00000bba         0   none ,g         8
FILE=_COM_ultof
                                  00000bc6  00000bcb         6
  __COM_ultof
                                  00000bc6         0   none ,g        29
FILE=_COM_dadd
                                  00000bcc  00000e17       24c
  __COM_dadd
                                  00000c23         0   none ,g         3
FILE=_COM_ddiv
                                  00000e18  00000fde       1c7
  __COM_ddiv
                                  00000e4d         0   none ,g         2
FILE=_COM_dmul
                                  00000fdf  00001220       242
  __COM_dmul
                                  0000102e         0   none ,g         2
FILE=_COM_dsub
                                  00001221  00001230        10
  __COM_dsub
                                  00001221         0   none ,g         2
FILE=_COM_dtof
                                  00001231  000012b7        87
  __COM_dtof
                                  0000124f         0   none ,g         2
FILE=_COM_dtoull
                                  000012b8  000012d0        19
  __COM_dtoull
                                  000012b8         0   none ,g         2
FILE=_COM_feq
                                  000012d1  000012e6        16
  __COM_feq
                                  000012d1         0   none ,g         b
FILE=_COM_ftod
                                  000012e7  00001346        60
  __COM_ftod
                                  000012e7         0   none ,g         4
FILE=_COM_llmul
                                  00001347  00001390        4a
  __COM_llmul
                                  00001347         0   none ,g         1
  __REL_llmul_addh
                                  0000137f         0   none ,g         2
FILE=_COM_ulltod
                                  00001391  0000139c         c
  __COM_ulltod
                                  00001391         0   none ,g         4
FILE=_COM_ultod
                                  0000139d  000013a5         9
  __COM_ultod
                                  0000139d         0   none ,g         2
FILE=_REL_fcmp
                                  000013a6  000013dd        38
  __REL_fcmp
                                  000013a6         0   none ,g         5
FILE=_REL_fordered_core
                                  000013de  000013f9        1c
  __REL_fordered_core
                                  000013de         0   none ,g         6
FILE=_REL_ftol
                                  000013fa  0000142e        35
  __REL_ftol
                                  000013fa         0   none ,g         2
FILE=_REL_f_inf
                                  0000142f  00001436         8
  __REL_f_inf
                                  0000142f         0   none ,g         6
FILE=_REL_f_norm
                                  00001437  00001446        10
  __REL_f_norm
                                  00001437         0   none ,g         3
FILE=_REL_f_round
                                  00001447  00001459        13
  __REL_f_round
                                  00001447         0   none ,g         5
FILE=_REL_lltof
                                  0000145a  000014b6        5d
  __REL_lltof
                                  0000145a         0   none ,g         2
FILE=_REL_ltof
                                  000014b7  00001500        4a
  __REL_ltof
                                  000014b7         0   none ,g         2
FILE=_REL_ltosl
                                  00001501  00001525        25
  __REL_ltosl
                                  00001501         0   none ,g         1
FILE=_COM_llshr
                                  00001526  000015c4        9f
  __COM_llshr
                                  0000153f         0   none ,g         3
FILE=_COM_lmul
                                  000015c5  000015df        1b
  __COM_lmul
                                  000015c5         0   none ,g         2
FILE=_COM_mulul
                                  000015e0  0000163c        5d
  __COM_mulul
                                  000015e0         0   none ,g         5
FILE=_COM_ulldiv
                                  0000163d  00001666        2a
  __COM_ulldiv
                                  0000163d         0   none ,g         1
FILE=_COM_ullrem
                                  00001667  00001697        31
  __COM_ullrem
                                  00001667         0   none ,g         1
FILE=_REL_dtoll
                                  00001698  000016f3        5c
  __REL_dtoll
                                  00001698         0   none ,g         1
FILE=_REL_d_check
                                  000016f4  00001746        53
  __REL_d_check
                                  000016f4         0   none ,g         3
FILE=_REL_d_inf
                                  00001747  00001754         e
  __REL_d_inf
                                  00001747         0   none ,g         a
FILE=_REL_d_round
                                  00001755  000017a9        55
  __REL_d_round
                                  00001755         0   none ,g         4
FILE=_REL_d_shl11
                                  000017aa  000017d6        2d
  __REL_d_shl11
                                  000017aa         0   none ,g         4
FILE=_REL_lltod
                                  000017d7  00001815        3f
  __REL_lltod
                                  000017d7         0   none ,g         1
FILE=_REL_ltod
                                  00001816  00001866        51
  __REL_ltod
                                  00001816         0   none ,g         1
FILE=_REL_setexp_ll
                                  00001867  000018b0        4a
  __REL_setexp_ll
                                  00001867         0   none ,g         2
FILE=_COM_llshl
                                  000018b1  00001953        a3
  __COM_llshl
                                  000018ca         0   none ,g         1
FILE=_COM_mului
                                  00001954  00001957         4
  __COM_mului
                                  00001954         0   none ,g         4
FILE=_COM_slltof
                                  00001958  0000196f        18
  __COM_slltof
                                  00001958         0   none ,g         1
FILE=_REL_dtol
                                  00001970  000019b9        4a
  __REL_dtol
                                  00001970         0   none ,g         1
FILE=_REL_lldiv
                                  000019ba  00001bc0       207
  __REL_lldiv
                                  000019d6         0   none ,g         1
FILE=_REL_llrem
                                  00001bc1  00001dc9       209
  __REL_llrem
                                  00001bde         0   none ,g         1
FILE=_REL_shrcom
                                  00001dca  00001e29        60
  __REL_shr00
                                  00001dca         0   none ,g         3
  __REL_shr01
                                  00001dd0         0   none ,l         0
  __REL_shr02
                                  00001dd6         0   none ,l         0
  __REL_shr03
                                  00001ddc         0   none ,l         0
  __REL_shr04
                                  00001de2         0   none ,l         0
  __REL_shr05
                                  00001de8         0   none ,l         0
  __REL_shr06
                                  00001dee         0   none ,l         0
  __REL_shr07
                                  00001df4         0   none ,l         0
  __REL_shr08
                                  00001dfa         0   none ,l         0
  __REL_shr09
                                  00001e00         0   none ,l         0
  __REL_shr10
                                  00001e06         0   none ,l         0
  __REL_shr11
                                  00001e0c         0   none ,l         0
  __REL_shr12
                                  00001e12         0   none ,l         0
  __REL_shr13
                                  00001e18         0   none ,l         0
  __REL_shr14
                                  00001e1e         0   none ,l         0
  __REL_shr15
                                  00001e24         0   none ,l         0
FILE=_REL_llrev
                                  00001e2a  00001e49        20
  __REL_llrev
                                  00001e2a         0   none ,g         1
FILE=_REL_shlcom
                                  00001e4a  00001ea9        60
  __REL_shl00
                                  00001e4a         0   none ,g         3
  __REL_shl01
                                  00001e50         0   none ,l         0
  __REL_shl02
                                  00001e56         0   none ,l         0
  __REL_shl03
                                  00001e5c         0   none ,l         0
  __REL_shl04
                                  00001e62         0   none ,l         0
  __REL_shl05
                                  00001e68         0   none ,l         0
  __REL_shl06
                                  00001e6e         0   none ,l         0
  __REL_shl07
                                  00001e74         0   none ,l         0
  __REL_shl08
                                  00001e7a         0   none ,l         0
  __REL_shl09
                                  00001e80         0   none ,l         0
  __REL_shl10
                                  00001e86         0   none ,l         0
  __REL_shl11
                                  00001e8c         0   none ,l         0
  __REL_shl12
                                  00001e92         0   none ,l         0
  __REL_shl13
                                  00001e98         0   none ,l         0
  __REL_shl14
                                  00001e9e         0   none ,l         0
  __REL_shl15
                                  00001ea4         0   none ,l         0

SECTION=HF16Tx_f
FILE=rl78_sw_hpf16_data
                                  00001eaa  00001f5f        b6
  _RL78_HPF16_pow
                                  00001eaa        74   func ,g         1  ch
  _RL78_InitSoftwareHPF16
                                  00001f1e        35   func ,g         1  ch
  _RL78_ResetSoftwareHPF16
                                  00001f53         d   func ,g         6  ch
FILE=rl78i1c_sw_hpf16_asm
                                  00001f60  00001fc2        63
  _RL78_DoSoftwareHPF16
                                  00001f60         0   none ,g         6
  SCALE_AND_EXTRACT
                                  00001f92         0   none ,l         0
  PROCESS_NEGATIVE
                                  00001f96         0   none ,l         0
  PROCESS_POSITIVE
                                  00001fae         0   none ,l         1
  AFTER_SCALE_RESULT
                                  00001fb8         0   none ,l         1

SECTION=.const
FILE=Release\r_calib.obj
                                  00002000  00002057        58
  _s_calib_angle_data@1
                                  00002000        58   data ,l         2
FILE=Release\config_storage.obj
                                  00002058  0000205b         4
  _g_dataflash_crc_block_addr
                                  00002058         2   data ,g         2
  _g_dataflash_crc_block_size
                                  0000205a         2   data ,g         2
FILE=Release\main.obj
                                  0000205c  00002389       32e
FILE=Release\em_display.obj
                                  0000238a  000023f1        68
  _fp_display
                                  0000238a        68   data ,g         2
FILE=Release\r_lcd_config.obj
                                  000023f2  0000264d       25c
  _g_LCD_NumMap
                                  000023f2        70   data ,g         1
  _g_LCD_NumType_SET1
                                  00002462        26   data ,g         1
  _g_LCD_NumType_SET2
                                  00002488        26   data ,g         1
  _g_LCD_NumType_SET3
                                  000024ae        26   data ,g         1
  _g_LCD_SignMap
                                  000024d4       178   data ,g         1
  _g_DecInfo
                                  0000264c         2   data ,g         2

SECTION=.textf
FILE=Release\stkinit.obj
                                  00002652  0000269a        49
  _stkinit
                                  00002652         0   none ,g         1
  LSTINIT1
                                  0000265f         0   none ,l         1
  LSTINIT2
                                  0000268d         0   none ,l         2
  LSTINIT3
                                  0000269a         0   none ,l         2
FILE=Release\r_calib.obj
                                  0000269b  0000301d       983
  _r_calib_wait_for_signal_stable@1
                                  0000269b        1b   func ,l         3  ch
  _em_calib_lookup_derivation@1
                                  000026b6        48   func ,l         2  ch
  _em_calib_convert_into_adc_gain@1
                                  000026fe        28   func ,l         2
  _r_calib_get_coeff@1
                                  00002726        28   func ,l         3  ch
  _r_calib_radian_to_degrees@1
                                  0000274e        1d   func ,l         2  ch
  _r_calib_calculate_acc_signals_sub_step@1
                                  0000276b        50   func ,l         3  ch
  _r_calib_notify_event@1
                                  000027bb        1a   func ,l         7
  _r_calib_calculate_sampling_frequency
                                  000027d5        ba   func ,g         1  ch
  _r_calib_calculate_and_set_current_gain
                                  0000288f       12f   func ,g         2  ch
  _r_calib_calculate_acc_signals
                                  000029be        fd   func ,g         3  ch
  _r_calib_calculate_angle_error
                                  00002abb       2eb   func ,g         2  ch
  _r_calib_run
                                  00002da6        68   func ,g         1  ch
  _R_CALIB_Calibrate
                                  00002e0e       1c1   func ,g         1  ch
  _R_CALIB_SetDefaultCalibArgs
                                  00002fcf        4b   func ,g         1
  _R_CALIB_IsInCalibMode
                                  0000301a         4   func ,g         3
FILE=Release\r_calib_sampling.obj
                                  0000301e  0000329b       27e
  _R_CALIB_Sampling
                                  0000301e       21b   func ,g         1  ch
  _R_CALIB_RTCConstantInterruptCallback
                                  00003239        63   func ,g         1
FILE=Release\r_hoco_trimming.obj
                                  0000329c  000033bc       121
  _R_CALIB_HocoTrimming
                                  0000329c       121   func ,g         1  ch
FILE=Release\dataflash.obj
                                  000033bd  000038c0       504
  _DATAFLASH_ReadHeaderStatus@1
                                  000033bd        49   func ,l         5  ch
  _DATAFLASH_CalculateCRC@1
                                  00003406        95   func ,l         2  ch
  _DATAFLASH_Init
                                  0000349b        13   func ,g         1
  _DATAFLASH_VerifyStatus
                                  000034ae        28   func ,g         1
  _DATAFLASH_VerifyCRC
                                  000034d6        9c   func ,g         1  ch
  _DATAFLASH_Read
                                  00003572        85   func ,g         b  ch
  _DATAFLASH_Write
                                  000035f7       27f   func ,g         b  ch
  _DATAFLASH_BankErase
                                  00003876        4b   func ,g         4  ch
FILE=Release\inst_read.obj
                                  000038c1  00003bd3       313
  _INST_READ_RTC_InterruptCallBack
                                  000038c1       313   func ,g         1  ch
FILE=Release\startup.obj
                                  00003bd4  00003cba        e7
  _start_peripheral_and_app
                                  00003bd4        df   func ,g         1  ch
  _startup
                                  00003cb3         8   func ,g         1
FILE=Release\config_storage.obj
                                  00003cbb  000041c4       50a
  _CONFIG_ReadStorageHeader@1
                                  00003cbb        2b   func ,l         2  ch
  _CONFIG_UpdateStorageHeader@1
                                  00003ce6        23   func ,l         2  ch
  _CONFIG_Init
                                  00003d09        3a   func ,g         1  ch
  _CONFIG_BackupCalib@1
                                  00003d43       23a   func ,l         2  ch
  _CONFIG_Format
                                  00003f7d        69   func ,g         1  ch
  _CONFIG_Backup
                                  00003fe6        6b   func ,g         1  ch
  _CONFIG_LoadEMCalib
                                  00004051       160   func ,g         1  ch
  _CONFIG_RtcCallback
                                  000041b1        14   func ,g         1
FILE=Release\wrp_app_mcu.obj
                                  000041c5  0000425e        9a
  _MCU_Delay
                                  000041c5        8f   func ,g         7
  _MCU_MultipleInterruptEnable
                                  00004254         b   func ,g         1
FILE=Release\r_cg_12adc.obj
                                  0000425f  000042f2        94
  _R_12ADC_Create
                                  0000425f        78   func ,g         1  ch
  _R_12ADC_Start
                                  000042d7         e   func ,g         1
  _R_12ADC_Stop
                                  000042e5         e   func ,g         1
FILE=Release\r_cg_cgc.obj
                                  000042f3  000043ac        ba
  _R_CGC_Create
                                  000042f3        ba   func ,g         1
FILE=Release\r_cg_crc.obj
                                  000043ad  000043c5        19
  _R_CRC_Clear
                                  000043ad         5   func ,g         1
  _R_CRC_GetResult
                                  000043b2         4   func ,g         1
  _R_CRC_Calculate
                                  000043b6        10   func ,g         1
FILE=Release\r_cg_dsadc.obj
                                  000043c6  00004577       1b2
  _R_DSADC_Create
                                  000043c6        52   func ,g         1
  _R_DSADC_WaitInternalSetupTime@1
                                  00004418         f   func ,l         1
  _R_DSADC_Start
                                  00004427        28   func ,g         1  ch
  _R_DSADC_Stop
                                  0000444f        17   func ,g         1  ch
  _R_DSADC_SetHighPassFilterOn
                                  00004466        31   func ,g         4
  _R_DSADC_Set_CutOffFrequency
                                  00004497        1a   func ,g         1
  _R_DSADC_AdjustPhaseDelay
                                  000044b1        30   func ,g         1
  _R_DSADC_GetGainAndPhase
                                  000044e1        1b   func ,g         1
  _R_DSADC_SetGain
                                  000044fc         b   func ,g         1
  _R_DSADC_SetChannelGain
                                  00004507        4a   func ,g         1
  _R_DSADC_GetGainEnumValue
                                  00004551        27   func ,g         1
FILE=Release\r_cg_dtc.obj
                                  00004578  000045c3        4c
  _R_DTC_Create
                                  00004578        3c   func ,g         1  ch
  _R_DTCD0_Start
                                  000045b4         8   func ,g         1
  _R_DTCD0_Stop
                                  000045bc         8   func ,g         1
FILE=Release\r_cg_dtc_user.obj
                                  000045c4  000045d0         d
  _R_DTC_Create_UserInit
                                  000045c4         d   func ,g         1
FILE=Release\r_cg_elc.obj
                                  000045d1  000045d1         0
  _R_ELC_Create
                                  000045d1         0   func ,g         1  ch
FILE=Release\r_cg_elc_user.obj
                                  000045d1  000045dd         d
  _R_ELC_Create_UserInit
                                  000045d1         d   func ,g         1
FILE=Release\r_cg_iica.obj
                                  000045de  00004636        59
  _R_IICA0_Create
                                  000045de        59   func ,g         1
FILE=Release\r_cg_iica_user.obj
                                  00004637  000046c1        8b
  _iica0_masterhandler@1
                                  00004637        8b   func ,l         1
FILE=Release\r_cg_mac32bit.obj
                                  000046c2  000046d7        16
  _R_MAC32Bit_Create
                                  000046c2        16   func ,g         1
FILE=Release\r_cg_port.obj
                                  000046d8  0000472e        57
  _R_PORT_Create
                                  000046d8        57   func ,g         1
FILE=Release\r_cg_rtc.obj
                                  0000472f  0000493b       20d
  _R_RTC_Create
                                  0000472f       192   func ,g         1
  _R_RTC_Start
                                  000048c1        14   func ,g         1
  _R_RTC_Get_CalendarCounterValue
                                  000048d5        46   func ,g         2
  _R_RTC_Set_ConstPeriodInterruptOn
                                  0000491b        21   func ,g         1
FILE=Release\r_cg_rtc_user.obj
                                  0000493c  0000494c        11
  _r_rtc_callback_periodic@1
                                  0000493c         f   func ,l         1  ch
  _r_rtc_callback_alarm0@1
                                  0000494b         1   func ,l         1
  _r_rtc_callback_alarm1@1
                                  0000494c         1   func ,l         1
FILE=Release\r_cg_sau.obj
                                  0000494d  00004c55       309
  _R_SAU0_Create
                                  0000494d        13   func ,g         1
  _R_UART0_Create
                                  00004960        78   func ,g         1
  _R_UART0_Start_Reception
                                  000049d8        10   func ,g         1
  _R_UART0_Stop_Reception
                                  000049e8        10   func ,g         1
  _R_SAU1_Create
                                  000049f8        19   func ,g         1
  _R_UART2_Create
                                  00004a11        8a   func ,g         1
  _R_UART2_Start
                                  00004a9b        26   func ,g         1
  _R_UART2_Start_Reception
                                  00004ac1        10   func ,g         1
  _R_UART2_Stop_Reception
                                  00004ad1        10   func ,g         1
  _R_UART2_Receive
                                  00004ae1        18   func ,g         2
  _R_UART2_Send
                                  00004af9        27   func ,g         1
  _R_CSI30_Create
                                  00004b20        73   func ,g         1
  _R_UART_CalculateSPS@1
                                  00004b93        4a   func ,l         2
  _R_UART0_SetBaudRate
                                  00004bdd        24   func ,g         1
  _R_UART2_SetBaudRate
                                  00004c01        24   func ,g         2
  _R_UART2_SetConfig
                                  00004c25        31   func ,g         1
FILE=Release\r_cg_sau_user.obj
                                  00004c56  00004c76        21
  _r_uart0_callback_receiveend@1
                                  00004c56         1   func ,l         1
  _r_uart0_callback_softwareoverrun@1
                                  00004c57         1   func ,l         1
  _r_uart0_callback_sendend@1
                                  00004c58         1   func ,l         1
  _r_uart0_callback_error@1
                                  00004c59         6   func ,l         1  ch
  _r_uart2_callback_receiveend@1
                                  00004c5f         a   func ,l         1  ch
  _r_uart2_callback_softwareoverrun@1
                                  00004c69         1   func ,l         1
  _r_uart2_callback_sendend@1
                                  00004c6a         4   func ,l         1
  _r_uart2_callback_error@1
                                  00004c6e         6   func ,l         1  ch
  _r_csi30_callback_receiveend@1
                                  00004c74         1   func ,l         1
  _r_csi30_callback_error@1
                                  00004c75         1   func ,l         1
  _r_csi30_callback_sendend@1
                                  00004c76         1   func ,l         1
FILE=Release\r_cg_systeminit.obj
                                  00004c77  00004cad        37
  _R_Systeminit
                                  00004c77        32   func ,g         1  ch
  _hdwinit
                                  00004ca9         5   func ,g         1
FILE=Release\r_cg_tau.obj
                                  00004cae  00004dd1       124
  _R_TAU0_Create
                                  00004cae        d1   func ,g         1
  _R_TAU0_Channel0_Start
                                  00004d7f        10   func ,g         1
  _R_TAU0_Channel1_Start
                                  00004d8f        10   func ,g         1
  _R_TAU0_Channel1_Stop
                                  00004d9f        10   func ,g         1
  _R_TAU0_Channel2_Start
                                  00004daf        10   func ,g         1
  _R_TAU0_Channel2_Stop
                                  00004dbf        10   func ,g         1
  _R_TAU0_Channel1_SetValue
                                  00004dcf         3   func ,g         1
FILE=Release\r_cg_wdt.obj
                                  00004dd2  00004ddc         b
  _R_WDT_Create
                                  00004dd2         7   func ,g         2
  _R_WDT_Restart
                                  00004dd9         4   func ,g         d
FILE=Release\wrp_em_adc.obj
                                  00004ddd  0000538e       5b2
  _EM_ADC_SetGainEnum
                                  00004ddd        1c   func ,g         4  ch
  _EM_ADC_SetGainValue
                                  00004df9         d   func ,g         2  ch
  _EM_ADC_Init
                                  00004e06        1a   func ,g         1  ch
  _EM_ADC_Start
                                  00004e20        5e   func ,g         1  ch
  _EM_ADC_Stop
                                  00004e7e         c   func ,g         3  ch
  _EM_ADC_InterruptCallback
                                  00004e8a       30c   func ,g         1  ch
  _EM_ADC_GainPhaseReset
                                  00005196        12   func ,g         2
  _EM_ADC_GainPhaseIncrease
                                  000051a8        26   func ,g         4
  _EM_ADC_GainPhaseDecrease
                                  000051ce        26   func ,g         3
  _EM_ADC_GainPhaseGetLevel
                                  000051f4         7   func ,g         4
  _EM_ADC_SetPhaseCorrection
                                  000051fb        92   func ,g         7  ch
  _EM_ADC_SAMP_UpdateStep
                                  0000528d       102   func ,g         1  ch
FILE=Release\wrp_em_mcu.obj
                                  0000538f  00005394         6
  _EM_MCU_Delay
                                  0000538f         3   func ,g         3  ch
  _EM_MCU_MultipleInterruptEnable
                                  00005392         3   func ,g         1  ch
FILE=Release\wrp_em_pulse.obj
                                  00005395  000053a7        13
  _EM_PULSE_Init
                                  00005395         1   func ,g         1
  _EM_PULSE_ACTIVE_On
                                  00005396         4   func ,g         1
  _EM_PULSE_ACTIVE_Off
                                  0000539a         4   func ,g         3
  _EM_PULSE_REACTIVE_On
                                  0000539e         4   func ,g         1
  _EM_PULSE_REACTIVE_Off
                                  000053a2         4   func ,g         3
  _EM_PULSE_APPARENT_On
                                  000053a6         1   func ,g         1
  _EM_PULSE_APPARENT_Off
                                  000053a7         1   func ,g         3
FILE=Release\wrp_em_sw_property.obj
                                  000053a8  000053ad         6
  _EM_SW_GetProperty
                                  000053a8         6   func ,g         1
FILE=Release\wrp_em_timer.obj
                                  000053ae  000053b4         7
  _EM_TIMER_Init
                                  000053ae         1   func ,g         1
  _EM_TIMER_Start
                                  000053af         3   func ,g         2  ch
  _EM_TIMER_Stop
                                  000053b2         3   func ,g         4  ch
FILE=Release\wrp_em_wdt.obj
                                  000053b5  000053bc         8
  _EM_WDT_Init
                                  000053b5         3   func ,g         1  ch
  _EM_WDT_Start
                                  000053b8         1   func ,g         1
  _EM_WDT_Stop
                                  000053b9         1   func ,g         2
  _EM_WDT_Restart
                                  000053ba         3   func ,g         a  ch
FILE=Release\main.obj
                                  000053bd  000061e7       e2b
  _COMMAND_InvokeCalibration
                                  000053bd       22b   func ,g         1  ch
  _uart_printf
                                  000055e8        53   func ,g        59  ch
  _print_instantaneous_params
                                  0000563b       607   func ,g         1  ch
  _print_metrology_version
                                  00005c42        db   func ,g         1  ch
  _print_running_coefficient
                                  00005d1d       41d   func ,g         1  ch
  _main
                                  0000613a        ae   func ,g         1  ch
FILE=Release\em_display.obj
                                  000061e8  000066f8       511
  _EM_DisplaySequence
                                  000061e8        39   func ,g         1  ch
  _EM_DisplayInstantTime@1
                                  00006221        50   func ,l         2  ch
  _EM_DisplayDate@1
                                  00006271        50   func ,l         2  ch
  _EM_LCD_DisplayInstantVolt@1
                                  000062c1        20   func ,l         3  ch
  _EM_LCD_DisplayInstantVolt_Phase_R@1
                                  000062e1         9   func ,l         2  ch
  _EM_LCD_DisplayInstantVolt_Phase_Y@1
                                  000062ea         a   func ,l         2  ch
  _EM_LCD_DisplayInstantVolt_Phase_B@1
                                  000062f4         b   func ,l         2  ch
  _EM_LCD_DisplayInstantCurrent@1
                                  000062ff        20   func ,l         3  ch
  _EM_LCD_DisplayInstantCurrent_Phase_R@1
                                  0000631f         9   func ,l         2  ch
  _EM_LCD_DisplayInstantCurrent_Phase_Y@1
                                  00006328         a   func ,l         2  ch
  _EM_LCD_DisplayInstantCurrent_Phase_B@1
                                  00006332         b   func ,l         2  ch
  _EM_LCD_DisplayInstantActPower@1
                                  0000633d        25   func ,l         3  ch
  _EM_LCD_DisplayInstantActPower_Phase_R@1
                                  00006362         9   func ,l         2  ch
  _EM_LCD_DisplayInstantActPower_Phase_Y@1
                                  0000636b         a   func ,l         2  ch
  _EM_LCD_DisplayInstantActPower_Phase_B@1
                                  00006375         b   func ,l         2  ch
  _EM_LCD_DisplayInstantReactPower@1
                                  00006380        2a   func ,l         3  ch
  _EM_LCD_DisplayInstantReactPower_Phase_R@1
                                  000063aa         9   func ,l         2  ch
  _EM_LCD_DisplayInstantReactPower_Phase_Y@1
                                  000063b3         a   func ,l         2  ch
  _EM_LCD_DisplayInstantReactPower_Phase_B@1
                                  000063bd         b   func ,l         2  ch
  _EM_LCD_DisplayInstantFundamentalActPower@1
                                  000063c8        19   func ,l         3  ch
  _EM_LCD_DisplayInstantFundamentalActPower_Phase_R@1
                                  000063e1         9   func ,l         2  ch
  _EM_LCD_DisplayInstantFundamentalActPower_Phase_Y@1
                                  000063ea         a   func ,l         2  ch
  _EM_LCD_DisplayInstantFundamentalActPower_Phase_B@1
                                  000063f4         b   func ,l         2  ch
  _EM_LCD_DisplayInstantAppPower@1
                                  000063ff        2a   func ,l         3  ch
  _EM_LCD_DisplayInstantAppPower_Phase_R@1
                                  00006429         9   func ,l         2  ch
  _EM_LCD_DisplayInstantAppPower_Phase_Y@1
                                  00006432         a   func ,l         2  ch
  _EM_LCD_DisplayInstantAppPower_Phase_B@1
                                  0000643c         b   func ,l         2  ch
  _EM_LCD_DisplayLineFrequency@1
                                  00006447         9   func ,l         2
  _EM_LCD_DisplayPowerFactor@1
                                  00006450        45   func ,l         3  ch
  _EM_LCD_DisplayPowerFactor_Phase_R@1
                                  00006495         9   func ,l         2  ch
  _EM_LCD_DisplayPowerFactor_Phase_Y@1
                                  0000649e         a   func ,l         2  ch
  _EM_LCD_DisplayPowerFactor_Phase_B@1
                                  000064a8         b   func ,l         2  ch
  _LCD_DisplayTime
                                  000064b3        62   func ,g         2  ch
  _LCD_DisplayFloat
                                  00006515       109   func ,g         9  ch
  _LCD_DisplayIntWithPos
                                  0000661e        db   func ,g         2  ch
FILE=Release\r_drv_lcd_ext.obj
                                  000066f9  000067ca        d2
  _LCD_RamClearAll
                                  000066f9        11   func ,g         1
  _LCD_RamSetAll
                                  0000670a        11   func ,g         1
  _LCD_GetNumInfo
                                  0000671b        64   func ,g         2
  _LCD_GetSignInfo
                                  0000677f        2e   func ,g         1
  _LCD_WriteRAMDigitInfo
                                  000067ad         a   func ,g         5
  _LCD_ClearRAMDigitInfo
                                  000067b7         a   func ,g         1
  _LCD_WriteRAMSignInfo
                                  000067c1         a   func ,g         1
FILE=Release\r_lcd_display.obj
                                  000067cb  00006878        ae
  _LCD_DisplayAll
                                  000067cb         3   func ,g         2  ch
  _LCD_DisplayDigit
                                  000067ce        3d   func ,g        21  ch
  _LCD_ClearDigit
                                  0000680b        32   func ,g         3  ch
  _LCD_DisplaySpSign
                                  0000683d        3c   func ,g        10  ch
FILE=Release\r_cg_lcd.obj
                                  00006879  00006997       11f
  _R_LCD_Create
                                  00006879        eb   func ,g         1
  _R_LCD_Start
                                  00006964         4   func ,g         1
  _R_LCD_Voltage_On
                                  00006968        30   func ,g         1
FILE=r_dscl_iirbiquad_i32i32_c_nr_1
                                  00006998  00006caa       313
  _R_DSCL_IIRBiquad_i32i32_c_nr_1
                                  00006998       2c7   func ,g         3  ch
  _R_DSCL_IIRBiquad_i32i32_Reset_1
                                  00006c5f        4c   func ,g         3
FILE=r_dscl_iirbiquad_i32i32_c_nr_2
                                  00006cab  00006fbd       313
  _R_DSCL_IIRBiquad_i32i32_c_nr_2
                                  00006cab       2c7   func ,g         3  ch
  _R_DSCL_IIRBiquad_i32i32_Reset_2
                                  00006f72        4c   func ,g         3

SECTION=.SLIB
FILE=cosf
                                  00006fbe  00007056        99
  _cosf
                                  00006fbe        92   func ,g         7
  __CommonCode@0
                                  00007050         7   func ,l         2
FILE=fabsf
                                  00007057  0000706f        19
  _fabsf
                                  00007057         0   none ,g        13
FILE=sqrtf
                                  00007070  00007295       226
  _sqrtf
                                  00007070       1fa   func ,g         9
  __CommonCode@2
                                  0000726a         1   func ,l         2
  __CommonCode@3
                                  0000726b         4   func ,l         3
  __CommonCode@1
                                  0000726f         9   func ,l         2
  __CommonCode@0
                                  00007278        1e   func ,l         3
FILE=vsprintf
                                  00007296  0000734c        b7
  _vsprintf
                                  00007296        9f   func ,g         1
  __REL_sp@1
                                  00007335        18   func ,l         2
FILE=_COM_strcpy_ff
                                  0000734d  00007364        18
  __COM_strcpy_ff
                                  0000734d         0   none ,g         5
FILE=sinf
                                  00007365  0000742e        ca
  _sinf
                                  00007365        b4   func ,g         4
  __CommonCode@1
                                  00007419         f   func ,l         2
  __CommonCode@0
                                  00007428         7   func ,l         2
FILE=_REL_print
                                  0000742f  0000903c      1c0e
  __REL_print
                                  0000742f      12be   func ,g         1
  __CommonCode@111
                                  000086ed         7   func ,l         2
  __CommonCode@109
                                  000086f4         5   func ,l         2
  __CommonCode@103
                                  000086f9         4   func ,l         3
  __CommonCode@102
                                  000086fd         4   func ,l         2
  __CommonCode@114
                                  00008701         9   func ,l         2
  __CommonCode@101
                                  0000870a         4   func ,l         4
  __CommonCode@100
                                  0000870e         4   func ,l         2
  __CommonCode@112
                                  00008712         9   func ,l         2
  __CommonCode@99
                                  0000871b         4   func ,l         4
  __CommonCode@107
                                  0000871f         8   func ,l         2
  __CommonCode@98
                                  00008727         8   func ,l         4
  __CommonCode@97
                                  0000872f         4   func ,l         3
  __CommonCode@84
                                  00008733         4   func ,l         4
  __CommonCode@82
                                  00008737         4   func ,l         5
  __CommonCode@115
                                  0000873b         7   func ,l         3
  __CommonCode@81
                                  00008742         5   func ,l         2
  __CommonCode@96
                                  00008747         9   func ,l         2
  __CommonCode@80
                                  00008750         e   func ,l         2
  __CommonCode@79
                                  0000875e         9   func ,l         2
  __CommonCode@91
                                  00008767         7   func ,l         2
  __CommonCode@113
                                  0000876e         4   func ,l         2
  __CommonCode@118
                                  00008772         6   func ,l         4
  __CommonCode@78
                                  00008778         a   func ,l         6
  __CommonCode@77
                                  00008782         9   func ,l         2
  __CommonCode@76
                                  0000878b         b   func ,l         2
  __CommonCode@75
                                  00008796         7   func ,l         3
  __CommonCode@74
                                  0000879d         b   func ,l         2
  __CommonCode@73
                                  000087a8         4   func ,l         2
  __CommonCode@94
                                  000087ac         8   func ,l         2
  __CommonCode@72
                                  000087b4         9   func ,l         2
  __CommonCode@95
                                  000087bd         6   func ,l         3
  __CommonCode@93
                                  000087c3         b   func ,l         2
  __CommonCode@71
                                  000087ce         8   func ,l         2
  __CommonCode@70
                                  000087d6         a   func ,l         2
  __CommonCode@69
                                  000087e0        24   func ,l         2
  __CommonCode@68
                                  00008804        1d   func ,l         2
  __CommonCode@110
                                  00008821         6   func ,l         3
  __CommonCode@67
                                  00008827         8   func ,l         2
  __CommonCode@92
                                  0000882f         6   func ,l         3
  __CommonCode@66
                                  00008835         d   func ,l         2
  __CommonCode@65
                                  00008842        16   func ,l         2
  __CommonCode@64
                                  00008858         9   func ,l         2
  __CommonCode@63
                                  00008861         7   func ,l         2
  __CommonCode@62
                                  00008868         a   func ,l         2
  __CommonCode@61
                                  00008872         8   func ,l         4
  __CommonCode@60
                                  0000887a         c   func ,l         2
  __CommonCode@59
                                  00008886         a   func ,l         2
  __CommonCode@58
                                  00008890         2   func ,l         3
  __CommonCode@104
                                  00008892         3   func ,l        16
  __CommonCode@57
                                  00008895         7   func ,l         2
  __CommonCode@56
                                  0000889c        10   func ,l         2
  __CommonCode@55
                                  000088ac         a   func ,l         2
  __CommonCode@54
                                  000088b6         8   func ,l         2
  __CommonCode@53
                                  000088be         9   func ,l         2
  __CommonCode@52
                                  000088c7         9   func ,l         2
  __CommonCode@51
                                  000088d0         d   func ,l         2
  __CommonCode@49
                                  000088dd         c   func ,l         2
  __CommonCode@47
                                  000088e9         4   func ,l         5
  __CommonCode@46
                                  000088ed         2   func ,l         2
  __CommonCode@89
                                  000088ef         8   func ,l         3
  __CommonCode@45
                                  000088f7         2   func ,l         2
  __CommonCode@90
                                  000088f9         8   func ,l         3
  __CommonCode@44
                                  00008901         6   func ,l         3
  __CommonCode@43
                                  00008907         6   func ,l         2
  __CommonCode@42
                                  0000890d         8   func ,l         2
  __CommonCode@41
                                  00008915         6   func ,l         4
  __CommonCode@40
                                  0000891b         c   func ,l         2
  __CommonCode@39
                                  00008927         5   func ,l         6
  __CommonCode@38
                                  0000892c         f   func ,l         2
  __CommonCode@37
                                  0000893b        16   func ,l         2
  __CommonCode@87
                                  00008951         e   func ,l         2
  __CommonCode@88
                                  0000895f        11   func ,l         2
  __CommonCode@36
                                  00008970         7   func ,l         2
  __CommonCode@108
                                  00008977         6   func ,l         4
  __CommonCode@35
                                  0000897d        18   func ,l         2
  __CommonCode@34
                                  00008995         7   func ,l         2
  __CommonCode@33
                                  0000899c         a   func ,l         2
  __CommonCode@32
                                  000089a6         9   func ,l         2
  __CommonCode@31
                                  000089af         9   func ,l         2
  __CommonCode@30
                                  000089b8         7   func ,l         2
  __CommonCode@29
                                  000089bf         4   func ,l         3
  __CommonCode@86
                                  000089c3         3   func ,l         2
  __CommonCode@106
                                  000089c6         3   func ,l         2
  __CommonCode@28
                                  000089c9         6   func ,l         7
  __CommonCode@26
                                  000089cf         8   func ,l         2
  __CommonCode@83
                                  000089d7         3   func ,l         d
  __CommonCode@25
                                  000089da         d   func ,l         3
  __CommonCode@24
                                  000089e7         3   func ,l         3
  __CommonCode@117
                                  000089ea         5   func ,l         3
  __CommonCode@23
                                  000089ef        12   func ,l         2
  __CommonCode@22
                                  00008a01         6   func ,l         5
  __CommonCode@21
                                  00008a07         4   func ,l         4
  __CommonCode@116
                                  00008a0b         8   func ,l         3
  __CommonCode@20
                                  00008a13         6   func ,l         3
  __CommonCode@19
                                  00008a19         6   func ,l         3
  __CommonCode@18
                                  00008a1f         4   func ,l         f
  __CommonCode@17
                                  00008a23         d   func ,l         3
  __CommonCode@16
                                  00008a30        19   func ,l         7
  __CommonCode@105
                                  00008a49         8   func ,l         3
  __CommonCode@15
                                  00008a51         7   func ,l         4
  __CommonCode@14
                                  00008a58         c   func ,l         4
  __CommonCode@13
                                  00008a64         9   func ,l         2
  __CommonCode@12
                                  00008a6d         9   func ,l         2
  __CommonCode@11
                                  00008a76         5   func ,l        12
  __CommonCode@9
                                  00008a7b         6   func ,l         4
  __CommonCode@8
                                  00008a81         6   func ,l         5
  __CommonCode@50
                                  00008a87         4   func ,l         2
  __REL_henkan1@1
                                  00008a8b        1d   func ,l         2
  __CommonCode@27
                                  00008aa8         c   func ,l         2
  __REL_pri@1
                                  00008ab4       231   func ,l         2
  __CommonCode@10
                                  00008ce5         7   func ,l         2
  __CommonCode@7
                                  00008cec         7   func ,l         2
  __CommonCode@85
                                  00008cf3         8   func ,l         3
  __CommonCode@6
                                  00008cfb         9   func ,l         2
  __CommonCode@5
                                  00008d04         a   func ,l         2
  __CommonCode@4
                                  00008d0e         c   func ,l         2
  __CommonCode@3
                                  00008d1a         4   func ,l         5
  __CommonCode@1
                                  00008d1e         4   func ,l         6
  __REL_fltgeti@1
                                  00008d22       1ba   func ,l         1
  __CommonCode@2
                                  00008edc         8   func ,l         2
  __CommonCode@0
                                  00008ee4         7   func ,l         2
  __CommonCode@48
                                  00008eeb         7   func ,l         2
  __REL_inmod@1
                                  00008ef2       14b   func ,l         1
FILE=_REL_sincosfsub
                                  0000903d  000092a6       26a
  __REL_poly_sinf
                                  0000903d        a5   func ,g         4
  __CommonCode@4
                                  000090e2         c   func ,l         2
  __CommonCode@3
                                  000090ee         f   func ,l         2
  __CommonCode@1
                                  000090fd         f   func ,l         2
  __REL_poly_cosf
                                  0000910c        6d   func ,g         4
  __CommonCode@5
                                  00009179         5   func ,l         6
  __CommonCode@2
                                  0000917e         c   func ,l         2
  __CommonCode@0
                                  0000918a         5   func ,l         3
  __REL_poly_cosfn@1
                                  0000918f        14   func ,l         2
  __REL_poly_sinfn@1
                                  000091a3        12   func ,l         2
  __REL_internal_sincosf
                                  000091b5        f2   func ,g         3
FILE=fmodf
                                  000092a7  000092eb        45
  _fmodf
                                  000092a7        3b   func ,g         1
  __CommonCode@0
                                  000092e2         a   func ,l         2
FILE=isdigit
                                  000092ec  000092f5         a
  _isdigit
                                  000092ec         0   none ,g         1
FILE=_REL_nanf_value
                                  000092f6  000092fa         5
  __REL_nanf_value
                                  000092f6         5   func ,g         1
FILE=_REL_in_fmods
                                  000092fb  000094c1       1c7
  __REL_in_fmods
                                  000092fb       1a3   func ,g         1
  __CommonCode@2
                                  0000949e         7   func ,l         2
  __CommonCode@1
                                  000094a5         9   func ,l         2
  __CommonCode@0
                                  000094ae        14   func ,l         2

SECTION=EMText_f
FILE=em_calibration
                                  000094c2  00009d85       8c4
  _EM_CalculatePowerNoLoadThreshold@1
                                  000094c2         e   func ,l         2  ch
  _EM_UpdateThresholdAndNoLoad@1
                                  000094d0        1f   func ,l         3
  _EM_UpdatePhaseCompensationArray@1
                                  000094ef        43   func ,l         3
  _EM_UpdateGainArray@1
                                  00009532        d6   func ,l         3  ch
  _EM_CalculateSampleThresholdOfPeakRms@1
                                  00009608        31   func ,l         4  ch
  _EM_UpdateSagSwellThreshold@1
                                  00009639        4a   func ,l         3
  _EM_CalculateRMSThreshold@1
                                  00009683        13   func ,l         7  ch
  _EM_GetCalibInfo
                                  00009696         a   func ,g         4  ch
  _EM_SetCalibInfo
                                  000096a0       6e6   func ,g         2  ch
FILE=em_measurement
                                  00009d86  0000ac30       eab
  _em_calculate_power
                                  00009d86        27   func ,g         4  ch
  _em_calculate_rms_nogain
                                  00009dad        32   func ,g         3  ch
  _em_calculate_rms_withgain
                                  00009ddf        7a   func ,g         2  ch
  _em_calculate_line_frequency
                                  00009e59        44   func ,g         1  ch
  _em_calculate_thd_rms
                                  00009e9d        93   func ,g         2  ch
  _em_check_and_mask_calculated_total_power
                                  00009f30        50   func ,g         3  ch
  _EM_GetPhaseAngleRtoY
                                  00009f80         7   func ,g         1
  _EM_GetPhaseAngleYtoB
                                  00009f87         7   func ,g         1
  _EM_GetPhaseAngleBtoR
                                  00009f8e         7   func ,g         1
  _EM_GetActivePower
                                  00009f95        95   func ,g         8  ch
  _EM_GetFundamentalActivePower
                                  0000a02a        95   func ,g         2  ch
  _EM_GetReactivePower
                                  0000a0bf        95   func ,g         3  ch
  _EM_GetApparentPower
                                  0000a154        78   func ,g         3  ch
  _EM_OneEnergyDataToEnergyValue
                                  0000a1cc       138   func ,g         8  ch
  _EM_EnergyDataToEnergyValue
                                  0000a304       16f   func ,g         1  ch
  _EM_GetVoltageRMS
                                  0000a473        78   func ,g         3  ch
  _EM_GetCurrentRMS
                                  0000a4eb        a4   func ,g         7  ch
  _EM_GetFundamentalVoltageRMS
                                  0000a58f        91   func ,g         2  ch
  _EM_GetFundamentalCurrentRMS
                                  0000a620        ad   func ,g         2  ch
  _EM_GetPowerFactor
                                  0000a6cd        b1   func ,g         2  ch
  _EM_GetPowerFactorSign
                                  0000a77e        51   func ,g         1  ch
  _EM_GetLineFrequency
                                  0000a7cf       127   func ,g         6  ch
  _EM_GetPhaseCurrentSumVector
                                  0000a8f6       280   func ,g         1  ch
  _EM_GetVoltageTHD
                                  0000ab76         4   func ,g         1
  _EM_GetCurrentTHD
                                  0000ab7a         4   func ,g         1
  _EM_GetActivePowerTHD
                                  0000ab7e        63   func ,g         1  ch
  _EM_GetCurrentPhaseAngle
                                  0000abe1        50   func ,g         2
FILE=em_operation
                                  0000ac31  0000b4cf       89f
  _EM_Memset
                                  0000ac31        20   func ,g         2
  _EM_Round
                                  0000ac51        ee   func ,g         c  ch
  _EM_InitData
                                  0000ad3f        4d   func ,g         1
  _EM_Init
                                  0000ad8c       407   func ,g         1  ch
  _EM_Start
                                  0000b193        cd   func ,g         5  ch
  _EM_Stop
                                  0000b260        35   func ,g         1  ch
  _EM_SetEnergyAccumulationPower
                                  0000b295        6c   func ,g         1  ch
  _EM_GetOperationData
                                  0000b301       12c   func ,g         1
  _EM_AccMode_Run
                                  0000b42d        4e   func ,g         2
  _EM_AccMode_CheckStatus
                                  0000b47b        20   func ,g         4
  _EM_AccMode_GetAccumulator
                                  0000b49b        35   func ,g         2  ch
FILE=em_shared
                                  0000b4d0  0000b4db         c
  _EM_TIMER_InterruptCallback
                                  0000b4d0         c   func ,g         1  ch
FILE=em_sw
                                  0000b4dc  0000c158       c7d
  _EM_SoftwareUpdateIrmsNoLoadAndValue
                                  0000b4dc       132   func ,g         6  ch
  _EM_SoftwareUpdatePowerAccumulation
                                  0000b60e       172   func ,g         3  ch
  _EM_SofwareCalculateEnergyAccumulationStep
                                  0000b780        3b   func ,g         3  ch
  _EM_SoftwareFindPowerQuadrant
                                  0000b7bb        2d   func ,g         1
  _EM_SoftwareAccumulationProcessingRoutine
                                  0000b7e8        b5   func ,g         1  ch
  _EM_SoftwareEnergyAndPulseAccumulationRoutine
                                  0000b89d       6b4   func ,g         1  ch
  _EM_ADC_IntervalProcessing
                                  0000bf51        c7   func ,g         1  ch
  _EM_ADC_AccMode_IntervalProcessing
                                  0000c018       141   func ,g         2
FILE=em_sw_internal
                                  0000c159  0000c3e0       288
  _em_calculate_and_update_phase_angle@1
                                  0000c159        7c   func ,l         2  ch
  _EM_SoftwareCalculateRawPf
                                  0000c1d5        43   func ,g         3  ch
  _EM_SoftwareUpdatePhaseShift90
                                  0000c218        22   func ,g         1  ch
  _EM_SoftwareUpdateSagSwellDetection
                                  0000c23a        48   func ,g         6  ch
  _EM_SoftwareUpdatePhaseVoltageAngle
                                  0000c282        4c   func ,g         3
  _EM_SoftwareUpdatePhaseCurrentAngle
                                  0000c2ce        88   func ,g         6
  _EM_SoftwareGetAccumulatorValue
                                  0000c356         8   func ,g        16  ch
  _EM_SoftwareGetDefaultNumberOfSample
                                  0000c35e        2e   func ,g         1  ch
  _EM_SoftwareVoltageAngleAccumulate
                                  0000c38c        1d   func ,g         1
  _EM_SoftwareCurrentAngleAccumulate
                                  0000c3a9        38   func ,g         1
FILE=em_sw_neutral
                                  0000c3e1  0000c65b       27b
  _EM_SoftwareUpdatePhaseCompensation_Neutral
                                  0000c3e1        37   func ,g         1  ch
  _EM_SoftwareAccumulationProcessingRoutine_Neutral
                                  0000c418        9c   func ,g         1  ch
  _EM_SoftwareSamplingRoutine_Neutral
                                  0000c4b4       1a8   func ,g         1
FILE=em_sw_phase_b
                                  0000c65c  0000d100       aa5
  _EM_SoftwareGainSwitch_Phase_B
                                  0000c65c        b6   func ,g         1  ch
  _EM_SoftwareUpdatePhaseCompensation_Phase_B
                                  0000c712        20   func ,g         2  ch
  _EM_SoftwareSagSwell_Phase_B
                                  0000c732       142   func ,g         1
  _EM_SoftwareAccumulationProcessingRoutine_Phase_B
                                  0000c874       1e6   func ,g         1  ch
  _EM_SoftwareSamplingRoutine_Phase_B
                                  0000ca5a       6a7   func ,g         1
FILE=em_sw_phase_r
                                  0000d101  0000db9c       a9c
  _EM_SoftwareGainSwitch_Phase_R
                                  0000d101        b3   func ,g         1  ch
  _EM_SoftwareUpdatePhaseCompensation_Phase_R
                                  0000d1b4        1f   func ,g         2  ch
  _EM_SoftwareSagSwell_Phase_R
                                  0000d1d3       142   func ,g         1
  _EM_SoftwareAccumulationProcessingRoutine_Phase_R
                                  0000d315       1e1   func ,g         1  ch
  _EM_SoftwareSamplingRoutine_Phase_R
                                  0000d4f6       6a7   func ,g         1
FILE=em_sw_phase_y
                                  0000db9d  0000e63c       aa0
  _EM_SoftwareGainSwitch_Phase_Y
                                  0000db9d        b3   func ,g         1  ch
  _EM_SoftwareUpdatePhaseCompensation_Phase_Y
                                  0000dc50        1f   func ,g         2  ch
  _EM_SoftwareSagSwell_Phase_Y
                                  0000dc6f       142   func ,g         1
  _EM_SoftwareAccumulationProcessingRoutine_Phase_Y
                                  0000ddb1       1e5   func ,g         1  ch
  _EM_SoftwareSamplingRoutine_Phase_Y
                                  0000df96       6a7   func ,g         1
FILE=em_accumulation
                                  0000e63d  0000e64e        12
  _EM_ACC24_GetFloatValue
                                  0000e63d        12   func ,g         1  ch

SECTION=.monitor2
FILE=rlink_generates_02
                                  0007fe00  0007ffff       200

SECTION=DTC_Vect_n
FILE=Release\r_cg_dtc.obj
                                  000f8500  000f8532        33
  _dtc_vectortable
                                  000f8500        33   data ,g         1

SECTION=DTCD0_n
FILE=Release\r_cg_dtc.obj
                                  000f8540  000f8547         8
  _dtc_controldata_0
                                  000f8540         8   data ,g         a

SECTION=ADC_Data_n
FILE=Release\r_cg_dtc_user.obj
                                  000f8600  000f860b         c
  _g_adc_data
                                  000f8600         c   data ,g         9

SECTION=.dataR
FILE=Release\dataflash.obj
                                  000f8700  000f8701         2
  _g_dataflash_descriptor
                                  000f8700         2   data ,g         8
FILE=Release\inst_read.obj
                                  000f8702  000f8702         1
  _count@1@INST_READ_RTC_InterruptCallBack
                                  000f8702         1   data ,l         3
FILE=Release\config_storage.obj
                                  000f8704  000f8707         4
  _g_DATAFLASH_FormatTrigger
                                  000f8704         1   data ,g         1
  _g_config_storage_state@1
                                  000f8705         1   data ,l         5
  _counter@4@CONFIG_RtcCallback
                                  000f8706         2   data ,l         3
[...]
                                          0092(0000c427:EMText_f)
                                          0093(0000c883:EMText_f)
                                          0093(0000ca1c:EMText_f)
                                          0093(0000ca26:EMText_f)
                                          0094(0000d324:EMText_f)
                                          0094(0000d4b8:EMText_f)
                                          0094(0000d4c2:EMText_f)
                                          0095(0000ddc0:EMText_f)
                                          0095(0000df58:EMText_f)
                                          0095(0000df62:EMText_f)
                 _EM_SoftwareGetDefaultNumberOfSample
                                 0000c35e 0058(00009b22:EMText_f)
                 _EM_SoftwareVoltageAngleAccumulate
                                 0000c38c 0062(0000c010:EMText_f)
                 _EM_SoftwareCurrentAngleAccumulate
                                 0000c3a9 0062(0000c013:EMText_f)
0092 em_sw_neutral
     SECTION=EMText_f
                 _EM_SoftwareUpdatePhaseCompensation_Neutral
                                 0000c3e1 0058(00009ba8:EMText_f)
                 _EM_SoftwareAccumulationProcessingRoutine_Neutral
                                 0000c418 0062(0000b7f4:EMText_f)
                 _EM_SoftwareSamplingRoutine_Neutral
                                 0000c4b4 0062(0000c00d:EMText_f)
0093 em_sw_phase_b
     SECTION=EMText_f
                 _EM_SoftwareGainSwitch_Phase_B
                                 0000c65c 0093(0000cac3:EMText_f)
                 _EM_SoftwareUpdatePhaseCompensation_Phase_B
                                 0000c712 0058(00009ba5:EMText_f)
                                          0093(0000c959:EMText_f)
                 _EM_SoftwareSagSwell_Phase_B
                                 0000c732 0093(0000cac6:EMText_f)
                 _EM_SoftwareAccumulationProcessingRoutine_Phase_B
                                 0000c874 0062(0000b7f1:EMText_f)
                 _EM_SoftwareSamplingRoutine_Phase_B
                                 0000ca5a 0062(0000c00a:EMText_f)
0094 em_sw_phase_r
     SECTION=EMText_f
                 _EM_SoftwareGainSwitch_Phase_R
                                 0000d101 0094(0000d55f:EMText_f)
                 _EM_SoftwareUpdatePhaseCompensation_Phase_R
                                 0000d1b4 0058(00009b9f:EMText_f)
                                          0094(0000d3fa:EMText_f)
                 _EM_SoftwareSagSwell_Phase_R
                                 0000d1d3 0094(0000d562:EMText_f)
                 _EM_SoftwareAccumulationProcessingRoutine_Phase_R
                                 0000d315 0062(0000b7eb:EMText_f)
                 _EM_SoftwareSamplingRoutine_Phase_R
                                 0000d4f6 0062(0000c004:EMText_f)
0095 em_sw_phase_y
     SECTION=EMText_f
                 _EM_SoftwareGainSwitch_Phase_Y
                                 0000db9d 0095(0000dfff:EMText_f)
                 _EM_SoftwareUpdatePhaseCompensation_Phase_Y
                                 0000dc50 0058(00009ba2:EMText_f)
                                          0095(0000de96:EMText_f)
                 _EM_SoftwareSagSwell_Phase_Y
                                 0000dc6f 0095(0000e002:EMText_f)
                 _EM_SoftwareAccumulationProcessingRoutine_Phase_Y
                                 0000ddb1 0062(0000b7ee:EMText_f)
                 _EM_SoftwareSamplingRoutine_Phase_Y
                                 0000df96 0062(0000c007:EMText_f)
0096 errno
     SECTION=.dataR
                 _errno
                                 000f879e 0064(0000704a:.SLIB)
                                          0065(0000706c:.SLIB)
                                          0066(000070d5:.SLIB)
                                          0066(000070dd:.SLIB)
                                          0097(00007413:.SLIB)
                                          0099(000091ce:.SLIB)
                                          0121(000092d2:.SLIB)
     SECTION=.data
0097 sinf
     SECTION=.SLIB
                 _sinf
                                 00007365 0059(0000a9ac:EMText_f)
                                          0059(0000a9b9:EMText_f)
                                          0059(0000aa23:EMText_f)
                                          0059(0000aa98:EMText_f)
0098 _REL_print
     SECTION=.SLIB
                 __REL_print
                                 0000742f 0067(000072fa:.SLIB)
     SECTION=.constf
     SECTION=.bss
0099 _REL_sincosfsub
     SECTION=.SLIB
                 __REL_poly_sinf
                                 0000903d 0097(000073ba:.SLIB)
                                          0099(000091b0:.SLIB)
                                          0099(000f87a0:.dataR)
                                          0099(000f87a2:.dataR)
                 __REL_poly_cosf
                                 0000910c 0064(0000701f:.SLIB)
                                          0099(00009198:.SLIB)
                                          0099(000f87a4:.dataR)
                                          0099(000f87a6:.dataR)
                 __REL_internal_sincosf
                                 000091b5 0064(0000702f:.SLIB)
                                          0097(000073f8:.SLIB)
                                          0099(000091eb:.SLIB)
     SECTION=.constf
     SECTION=.data
     SECTION=.dataR
0100 _COM_dadd
     SECTION=.RLIB
                 __COM_dadd
                                 00000c23 0059(0000a23b:EMText_f)
                                          0103(0000122e:.RLIB)
0101 _COM_ddiv
     SECTION=.RLIB
                 __COM_ddiv
                                 00000e4d 0059(0000a37b:EMText_f)
0102 _COM_dmul
     SECTION=.RLIB
                 __COM_dmul
                                 0000102e 0059(0000a276:EMText_f)
0103 _COM_dsub
     SECTION=.RLIB
                 __COM_dsub
                                 00001221 0059(0000a2e0:EMText_f)
0104 _COM_dtof
     SECTION=.RLIB
                 __COM_dtof
                                 0000124f 0059(0000a2f4:EMText_f)
0105 _COM_dtoull
     SECTION=.RLIB
                 __COM_dtoull
                                 000012b8 0059(0000a28c:EMText_f)
0106 _COM_feq
     SECTION=.RLIB
                 __COM_feq
                                 000012d1 0059(0000a59c:EMText_f)
                                          0059(0000a62d:EMText_f)
                                          0059(0000a790:EMText_f)
                                          0059(0000a7b1:EMText_f)
                                          0059(0000a927:EMText_f)
                                          0059(0000a9d2:EMText_f)
                                          0059(0000aa4c:EMText_f)
                                          0060(0000ac63:EMText_f)
                                          0078(00000a5e:.RLIB)
                                          0098(00007ba8:.SLIB)
                                          0137(00009343:.SLIB)
0107 _COM_ftod
     SECTION=.RLIB
                 __COM_ftod
                                 000012e7 0059(0000a21b:EMText_f)
                                          0059(0000a321:EMText_f)
0108 _COM_llmul
     SECTION=.RLIB
                 __COM_llmul
                                 00001347 0066(00007215:.SLIB)
                 __REL_llmul_addh
                                 0000137f 0108(00001364:.RLIB)
                                          0108(00001379:.RLIB)
0109 _COM_ulltod
     SECTION=.RLIB
                 __COM_ulltod
                                 00001391 0059(0000a1e6:EMText_f)
                                          0059(0000a2bb:EMText_f)
0110 _COM_ultod
     SECTION=.RLIB
                 __COM_ultod
                                 0000139d 0059(0000a356:EMText_f)
0111 _REL_fcmp
     SECTION=.RLIB
                 __REL_fcmp
                                 000013a6 0073(0000091a:.RLIB)
                                          0074(00000930:.RLIB)
                                          0075(00000946:.RLIB)
                                          0076(0000095c:.RLIB)
                                          0106(000012db:.RLIB)
0112 _REL_fordered_core
     SECTION=.RLIB
                 __REL_fordered_core
                                 000013de 0073(00000913:.RLIB)
                                          0074(00000929:.RLIB)
                                          0075(0000093f:.RLIB)
                                          0076(00000955:.RLIB)
                                          0081(00000a7d:.RLIB)
                                          0106(000012d4:.RLIB)
0113 _REL_ftol
     SECTION=.RLIB
                 __REL_ftol
                                 000013fa 0079(00000a67:.RLIB)
                                          0080(00000a74:.RLIB)
0114 _REL_f_inf
     SECTION=.RLIB
                 __REL_f_inf
                                 0000142f 0071(0000079a:.RLIB)
                                          0072(0000082b:.RLIB)
                                          0072(000008cb:.RLIB)
                                          0077(00000985:.RLIB)
                                          0077(00000a28:.RLIB)
                                          0104(00001247:.RLIB)
0115 _REL_f_norm
     SECTION=.RLIB
                 __REL_f_norm
                                 00001437 0072(0000080c:.RLIB)
                                          0072(00000837:.RLIB)
                                          0077(000009a6:.RLIB)
0116 _REL_f_round
     SECTION=.RLIB
                 __REL_f_round
                                 00001447 0071(000007a7:.RLIB)
                                          0071(000007df:.RLIB)
                                          0072(0000090d:.RLIB)
                                          0077(00000a35:.RLIB)
                                          0104(000012b5:.RLIB)
0117 _REL_lltof
     SECTION=.RLIB
                 __REL_lltof
                                 0000145a 0089(00000bc3:.RLIB)
                                          0140(0000196d:.RLIB)
0118 _REL_ltof
     SECTION=.RLIB
                 __REL_ltof
                                 000014b7 0088(00000bb7:.RLIB)
                                          0090(00000bc9:.RLIB)
0119 _REL_ltosl
     SECTION=.RLIB
                 __REL_ltosl
                                 00001501 0079(00000a6b:.RLIB)
0120 em_accumulation
     SECTION=EMText_f
                 _EM_ACC24_GetFloatValue
                                 0000e63d 0091(0000c35c:EMText_f)
0121 fmodf
     SECTION=.SLIB
                 _fmodf
                                 000092a7 0099(000091e0:.SLIB)
0122 isdigit
     SECTION=.SLIB
                 _isdigit
                                 000092ec 0098(0000874a:.SLIB)
0123 _REL_nanf_value
     SECTION=.SLIB
                 __REL_nanf_value
                                 000092f6 0099(000091d1:.SLIB)
0124 _COM_llshr
     SECTION=.RLIB
                 __COM_llshr
                                 0000153f 0100(00000d2c:.RLIB)
                                          0100(00000d4f:.RLIB)
                                          0129(000016db:.RLIB)
0125 _COM_lmul
     SECTION=.RLIB
                 __COM_lmul
                                 000015c5 0108(00001360:.RLIB)
                                          0108(00001375:.RLIB)
0126 _COM_mulul
     SECTION=.RLIB
                 __COM_mulul
                                 000015e0 0102(000010f2:.RLIB)
                                          0102(00001107:.RLIB)
                                          0102(00001141:.RLIB)
                                          0102(00001183:.RLIB)
                                          0108(00001357:.RLIB)
0127 _COM_ulldiv
     SECTION=.RLIB
                 __COM_ulldiv
                                 0000163d 0098(0000778c:.SLIB)
0128 _COM_ullrem
     SECTION=.RLIB
                 __COM_ullrem
                                 00001667 0098(00007766:.SLIB)
0129 _REL_dtoll
     SECTION=.RLIB
                 __REL_dtoll
                                 00001698 0105(000012c5:.RLIB)
0130 _REL_d_check
     SECTION=.RLIB
                 __REL_d_check
                                 000016f4 0100(00000c29:.RLIB)
                                          0101(00000e53:.RLIB)
                                          0102(00001034:.RLIB)
0131 _REL_d_inf
     SECTION=.RLIB
                 __REL_d_inf
                                 00001747 0100(00000c77:.RLIB)
                                          0100(00000db3:.RLIB)
                                          0101(00000e37:.RLIB)
                                          0101(00000ee8:.RLIB)
                                          0101(00000fab:.RLIB)
                                          0102(00001004:.RLIB)
                                          0102(00001019:.RLIB)
                                          0102(0000102b:.RLIB)
                                          0102(000010db:.RLIB)
                                          0102(000011e9:.RLIB)
0132 _REL_d_round
     SECTION=.RLIB
                 __REL_d_round
                                 00001755 0100(00000e15:.RLIB)
                                          0101(00000fdc:.RLIB)
                                          0102(0000121e:.RLIB)
                                          0134(00001803:.RLIB)
0133 _REL_d_shl11
     SECTION=.RLIB
                 __REL_d_shl11
                                 000017aa 0100(00000cf3:.RLIB)
                                          0100(00000d00:.RLIB)
                                          0102(0000106b:.RLIB)
                                          0102(00001078:.RLIB)
0134 _REL_lltod
     SECTION=.RLIB
                 __REL_lltod
                                 000017d7 0109(0000139a:.RLIB)
0135 _REL_ltod
     SECTION=.RLIB
                 __REL_ltod
                                 00001816 0110(000013a3:.RLIB)
0136 _REL_setexp_ll
     SECTION=.RLIB
                 __REL_setexp_ll
                                 00001867 0117(00001470:.RLIB)
                                          0134(000017f5:.RLIB)
0137 _REL_in_fmods
     SECTION=.SLIB
                 __REL_in_fmods
                                 000092fb 0121(000092b9:.SLIB)
0138 _COM_llshl
     SECTION=.RLIB
                 __COM_llshl
                                 000018ca 0129(000016e3:.RLIB)
0139 _COM_mului
     SECTION=.RLIB
                 __COM_mului
                                 00001954 0126(000015e6:.RLIB)
                                          0126(000015f5:.RLIB)
                                          0126(0000160b:.RLIB)
                                          0126(00001628:.RLIB)
0140 _COM_slltof
     SECTION=.RLIB
                 __COM_slltof
                                 00001958 0120(0000e64a:EMText_f)
0141 _REL_dtol
     SECTION=.RLIB
                 __REL_dtol
                                 00001970 0129(000016ae:.RLIB)
0142 _REL_lldiv
     SECTION=.RLIB
                 __REL_lldiv
                                 000019d6 0127(00001664:.RLIB)
0143 _REL_llrem
     SECTION=.RLIB
                 __REL_llrem
                                 00001bde 0128(00001695:.RLIB)
0144 _REL_shrcom
     SECTION=.RLIB
                 __REL_shr00
                                 00001dca 0124(0000154e:.RLIB)
                                          0124(00001553:.RLIB)
                                          0124(00001558:.RLIB)
0145 _REL_llrev
     SECTION=.RLIB
                 __REL_llrev
                                 00001e2a 0140(00001967:.RLIB)
0146 _REL_shlcom
     SECTION=.RLIB
                 __REL_shl00
                                 00001e4a 0138(000018d9:.RLIB)
                                          0138(000018de:.RLIB)
                                          0138(000018e3:.RLIB)
0147 rlink_generates_01
     SECTION=.option_byte
0148 rlink_generates_02
     SECTION=.monitor1
     SECTION=.monitor2
0149 rlink_generates_03
     SECTION=.security_id
0150 rlink_generates_04
     SECTION=.vect
0151 rlink_generates_05
     SECTION=
                 __s.vect
                                 00000000
                 __s.sdata
                                 00000080
                 __e.sdata
                                 00000080
                 __e.vect
                                 00000080
                 __s.option_byte
                                 000000c0
                 __e.option_byte
                                 000000c4
                 __s.security_id
                                 000000c4
                 __s.monitor1
                                 000000ce
                 __e.security_id
                                 000000ce
                 __s.constf
                                 000000d8
                 __e.monitor1
                                 000000d8
                 __e.constf
                                 000001fc
                 __sEMCnst_f
                                 000001fc
                 __eEMCnst_f
                                 00000261
                 __s.data
                                 00000262
                 __e.data
                                 00000312
                 __s.text
                                 00000314
                 __e.text
                                 000005e5
                 __sPFDL_COD
                                 000005fa
                 __s.RLIB
                                 00000688
                 __ePFDL_COD
                                 00000688
                 __e.RLIB
                                 00001eaa
                 __sHF16Tx_f
                                 00001eaa
                 __eHF16Tx_f
                                 00001fc3
                 __s.const
                                 00002000
                 __e.const
                                 0000264e
                 __s.textf
                                 00002652
                 __e.textf
                                 00006fbe
                 __s.SLIB
                                 00006fbe
                 __e.SLIB
                                 000094c2
                 __sEMText_f
                                 000094c2
                 __eEMText_f
                                 0000e64f
                 __s.monitor2
                                 0007fe00
                 __e.monitor2
                                 00080000
                 __RAM_ADDR_START
                                 000f7f00
                 __sDTC_Vect_n
                                 000f8500
                 __eDTC_Vect_n
                                 000f8533
                 __sDTCD0_n
                                 000f8540
                 __eDTCD0_n
                                 000f8548
                 __sADC_Data_n
                                 000f8600
                 __eADC_Data_n
                                 000f860c
                 __s.dataR
                                 000f8700
                 __s.bss
                                 000f87b0
                 __e.dataR
                                 000f87b0
                 __e.bss
                                 000f9d08
                 __STACK_ADDR_END
                                 000f9d1c 0001(00000319:.text)
                 __s.sbss
                                 000ffe20
                 __e.sbss
                                 000ffe20
                 __s.sdataR
                                 000ffe20
                 __e.sdataR
                                 000ffe20
                 __STACK_ADDR_START
                                 000ffe20 0001(00000316:.text)
                 __RAM_ADDR_END
                                 000ffee0
